#
# There is insufficient memory for the Java Runtime Environment to continue.
# Native memory allocation (malloc) failed to allocate 211744 bytes. Error detail: Chunk::new
# Possible reasons:
#   The system is out of physical RAM or swap space
#   This process is running with CompressedOops enabled, and the Java Heap may be blocking the growth of the native heap
# Possible solutions:
#   Reduce memory load on the system
#   Increase physical memory or swap space
#   Check if swap backing store is full
#   Decrease Java heap size (-Xmx/-Xms)
#   Decrease number of Java threads
#   Decrease Java thread stack sizes (-Xss)
#   Set larger code cache with -XX:ReservedCodeCacheSize=
#   JVM is running with Zero Based Compressed Oops mode in which the Java heap is
#     placed in the first 32GB address space. The Java Heap base address is the
#     maximum limit for the native heap growth. Please use -XX:HeapBaseMinAddress
#     to set the Java Heap base and to place the Java Heap above 32GB virtual address.
# This output file may be truncated or incomplete.
#
#  Out of Memory Error (arena.cpp:168), pid=22944, tid=11304
#
# JRE version: OpenJDK Runtime Environment (21.0.4) (build 21.0.4+-12508038-b607.1)
# Java VM: OpenJDK 64-Bit Server VM (21.0.4+-12508038-b607.1, mixed mode, tiered, compressed oops, compressed class ptrs, g1 gc, windows-amd64)
# No core dump will be written. Minidumps are not enabled by default on client versions of Windows
#

---------------  S U M M A R Y ------------

Command Line: -Dorg.gradle.appname=gradlew org.gradle.wrapper.GradleWrapperMain -q -Ptarget-platform=android-arm64 -Ptarget=D:\flutter projects\customer-app\lib\main.dart -Pbase-application-name=android.app.Application -Pdart-defines=RkxVVFRFUl9WRVJTSU9OPTMuNDEuMQ==,RkxVVFRFUl9DSEFOTkVMPXN0YWJsZQ==,RkxVVFRFUl9HSVRfVVJMPWh0dHBzOi8vZ2l0aHViLmNvbS9mbHV0dGVyL2ZsdXR0ZXIuZ2l0,RkxVVFRFUl9GUkFNRVdPUktfUkVWSVNJT049NTgyYTBlN2M1NQ==,RkxVVFRFUl9FTkdJTkVfUkVWSVNJT049MzQ1MmQ3MzViZA==,RkxVVFRFUl9EQVJUX1ZFUlNJT049My4xMS4w -Pdart-obfuscation=false -Ptrack-widget-creation=true -Ptree-shake-icons=false -Pfilesystem-scheme=org-dartlang-root assembleDebug

Host: AMD Ryzen 5 5625U with Radeon Graphics         , 12 cores, 15G,  Windows 11 , 64 bit Build 26100 (10.0.26100.7920)
Time: Mon Mar 23 19:21:40 2026 India Standard Time elapsed time: 0.606374 seconds (0d 0h 0m 0s)

---------------  T H R E A D  ---------------

Current thread (0x0000016fea19aa40):  JavaThread "C2 CompilerThread1" daemon [_thread_in_native, id=11304, stack(0x0000002763600000,0x0000002763700000) (1024K)]


Current CompileTask:
C2:    606  812       4       java.util.jar.JarFile::getEntry (35 bytes)

Stack: [0x0000002763600000,0x0000002763700000]
Native frames: (J=compiled Java code, j=interpreted, Vv=VM code, C=native code)
V  [jvm.dll+0x6ce539]
V  [jvm.dll+0x85bf03]
V  [jvm.dll+0x85e45e]
V  [jvm.dll+0x85eb43]
V  [jvm.dll+0x27dd06]
V  [jvm.dll+0xbf9cd]
V  [jvm.dll+0xbff03]
V  [jvm.dll+0x3b4deb]
V  [jvm.dll+0x1de1f2]
V  [jvm.dll+0x247544]
V  [jvm.dll+0x2469c1]
V  [jvm.dll+0x1c58a4]
V  [jvm.dll+0x255fec]
V  [jvm.dll+0x254536]
V  [jvm.dll+0x3efab6]
V  [jvm.dll+0x804418]
V  [jvm.dll+0x6cce0d]
C  [ucrtbase.dll+0x37b0]
C  [KERNEL32.DLL+0x2e8d7]
C  [ntdll.dll+0x8c48c]


---------------  P R O C E S S  ---------------

Threads class SMR info:
_java_thread_list=0x0000016fe5e260a0, length=13, elements={
0x0000016fc9617370, 0x0000016fe5b703f0, 0x0000016fe5b719c0, 0x0000016fe5b8cf30,
0x0000016fe5b4fd80, 0x0000016fe5b7af80, 0x0000016fe5b59180, 0x0000016fe5b9e0d0,
0x0000016fe5b5b270, 0x0000016fe5d527a0, 0x0000016fe5d5ae40, 0x0000016fea19aa40,
0x0000016fea202990
}

Java Threads: ( => current thread )
  0x0000016fc9617370 JavaThread "main"                              [_thread_in_vm, id=7516, stack(0x0000002762400000,0x0000002762500000) (1024K)]
  0x0000016fe5b703f0 JavaThread "Reference Handler"          daemon [_thread_blocked, id=11232, stack(0x0000002762c00000,0x0000002762d00000) (1024K)]
  0x0000016fe5b719c0 JavaThread "Finalizer"                  daemon [_thread_blocked, id=23912, stack(0x0000002762d00000,0x0000002762e00000) (1024K)]
  0x0000016fe5b8cf30 JavaThread "Signal Dispatcher"          daemon [_thread_blocked, id=9688, stack(0x0000002762e00000,0x0000002762f00000) (1024K)]
  0x0000016fe5b4fd80 JavaThread "Attach Listener"            daemon [_thread_blocked, id=14692, stack(0x0000002762f00000,0x0000002763000000) (1024K)]
  0x0000016fe5b7af80 JavaThread "Service Thread"             daemon [_thread_blocked, id=15320, stack(0x0000002763000000,0x0000002763100000) (1024K)]
  0x0000016fe5b59180 JavaThread "Monitor Deflation Thread"   daemon [_thread_blocked, id=1404, stack(0x0000002763100000,0x0000002763200000) (1024K)]
  0x0000016fe5b9e0d0 JavaThread "C2 CompilerThread0"         daemon [_thread_in_native, id=4444, stack(0x0000002763200000,0x0000002763300000) (1024K)]
  0x0000016fe5b5b270 JavaThread "C1 CompilerThread0"         daemon [_thread_blocked, id=23840, stack(0x0000002763300000,0x0000002763400000) (1024K)]
  0x0000016fe5d527a0 JavaThread "Notification Thread"        daemon [_thread_blocked, id=15108, stack(0x0000002763400000,0x0000002763500000) (1024K)]
  0x0000016fe5d5ae40 JavaThread "Common-Cleaner"             daemon [_thread_blocked, id=24544, stack(0x0000002763500000,0x0000002763600000) (1024K)]
=>0x0000016fea19aa40 JavaThread "C2 CompilerThread1"         daemon [_thread_in_native, id=11304, stack(0x0000002763600000,0x0000002763700000) (1024K)]
  0x0000016fea202990 JavaThread "C2 CompilerThread2"         daemon [_thread_in_native, id=15132, stack(0x0000002763b00000,0x0000002763c00000) (1024K)]
Total: 13

Other Threads:
  0x0000016fe5ab0c40 VMThread "VM Thread"                           [id=13748, stack(0x0000002762b00000,0x0000002762c00000) (1024K)]
  0x0000016fe50b4a10 WatcherThread "VM Periodic Task Thread"        [id=6300, stack(0x0000002762a00000,0x0000002762b00000) (1024K)]
  0x0000016fcb9cf280 WorkerThread "GC Thread#0"                     [id=17012, stack(0x0000002762500000,0x0000002762600000) (1024K)]
  0x0000016fea127af0 WorkerThread "GC Thread#1"                     [id=11648, stack(0x0000002763700000,0x0000002763800000) (1024K)]
  0x0000016fea127e90 WorkerThread "GC Thread#2"                     [id=5868, stack(0x0000002763800000,0x0000002763900000) (1024K)]
  0x0000016fea128640 WorkerThread "GC Thread#3"                     [id=25668, stack(0x0000002763900000,0x0000002763a00000) (1024K)]
  0x0000016fea2025f0 WorkerThread "GC Thread#4"                     [id=25980, stack(0x0000002763a00000,0x0000002763b00000) (1024K)]
  0x0000016fcb9fe6f0 ConcurrentGCThread "G1 Main Marker"            [id=8452, stack(0x0000002762600000,0x0000002762700000) (1024K)]
  0x0000016fcb9ff000 WorkerThread "G1 Conc#0"                       [id=8072, stack(0x0000002762700000,0x0000002762800000) (1024K)]
  0x0000016fe4f874c0 ConcurrentGCThread "G1 Refine#0"               [id=12236, stack(0x0000002762800000,0x0000002762900000) (1024K)]
  0x0000016fe4f89d00 ConcurrentGCThread "G1 Service"                [id=15896, stack(0x0000002762900000,0x0000002762a00000) (1024K)]
Total: 11

Threads with active compile tasks:
C2 CompilerThread0      632  830   !   4       jdk.internal.loader.URLClassPath$JarLoader::getResource (40 bytes)
C2 CompilerThread1      632  812       4       java.util.jar.JarFile::getEntry (35 bytes)
C2 CompilerThread2      632  831   !   4       java.util.jar.JarFile::checkForSpecialAttributes (163 bytes)
Total: 3

VM state: not at safepoint (normal execution)

VM Mutex/Monitor currently owned by a thread:  ([mutex/lock_event])
[0x00007ffdd40b50f8] Metaspace_lock - owner thread: 0x0000016fc9617370

Heap address: 0x000000070a600000, size: 3930 MB, Compressed Oops mode: Zero based, Oop shift amount: 3

CDS archive(s) not mapped
Compressed class space mapped at: 0x0000000800000000-0x0000000840000000, reserved size: 1073741824
Narrow klass base: 0x0000000800000000, Narrow klass shift: 0, Narrow klass range: 0x40000000

GC Precious Log:
 CardTable entry size: 512
 Card Set container configuration: InlinePtr #cards 4 size 8 Array Of Cards #cards 16 size 48 Howl #buckets 8 coarsen threshold 3686 Howl Bitmap #cards 512 size 80 coarsen threshold 460 Card regions per heap region 1 cards per card region 4096
 CPUs: 12 total, 12 available
 Memory: 15712M
 Large Page Support: Disabled
 NUMA Support: Disabled
 Compressed Oops: Enabled (Zero based)
 Heap Region Size: 2M
 Heap Min Capacity: 8M
 Heap Initial Capacity: 246M
 Heap Max Capacity: 3930M
 Pre-touch: Disabled
 Parallel Workers: 10
 Concurrent Workers: 3
 Concurrent Refinement Workers: 10
 Periodic GC: Disabled

Heap:
 garbage-first heap   total 251904K, used 14137K [0x000000070a600000, 0x0000000800000000)
  region size 2048K, 7 young (14336K), 1 survivors (2048K)
 Metaspace       used 9682K, committed 9792K, reserved 1114112K
  class space    used 909K, committed 960K, reserved 1048576K

Heap Regions: E=young(eden), S=young(survivor), O=old, HS=humongous(starts), HC=humongous(continues), CS=collection set, F=free, TAMS=top-at-mark-start, PB=parsable bottom
|   0|0x000000070a600000, 0x000000070a800000, 0x000000070a800000|100%|HS|  |TAMS 0x000000070a600000| PB 0x000000070a600000| Complete 
|   1|0x000000070a800000, 0x000000070aa00000, 0x000000070aa00000|100%|HC|  |TAMS 0x000000070a800000| PB 0x000000070a800000| Complete 
|   2|0x000000070aa00000, 0x000000070aa00000, 0x000000070ac00000|  0%| F|  |TAMS 0x000000070aa00000| PB 0x000000070aa00000| Untracked 
|   3|0x000000070ac00000, 0x000000070ac00000, 0x000000070ae00000|  0%| F|  |TAMS 0x000000070ac00000| PB 0x000000070ac00000| Untracked 
|   4|0x000000070ae00000, 0x000000070ae00000, 0x000000070b000000|  0%| F|  |TAMS 0x000000070ae00000| PB 0x000000070ae00000| Untracked 
|   5|0x000000070b000000, 0x000000070b000000, 0x000000070b200000|  0%| F|  |TAMS 0x000000070b000000| PB 0x000000070b000000| Untracked 
|   6|0x000000070b200000, 0x000000070b200000, 0x000000070b400000|  0%| F|  |TAMS 0x000000070b200000| PB 0x000000070b200000| Untracked 
|   7|0x000000070b400000, 0x000000070b400000, 0x000000070b600000|  0%| F|  |TAMS 0x000000070b400000| PB 0x000000070b400000| Untracked 
|   8|0x000000070b600000, 0x000000070b600000, 0x000000070b800000|  0%| F|  |TAMS 0x000000070b600000| PB 0x000000070b600000| Untracked 
|   9|0x000000070b800000, 0x000000070b800000, 0x000000070ba00000|  0%| F|  |TAMS 0x000000070b800000| PB 0x000000070b800000| Untracked 
|  10|0x000000070ba00000, 0x000000070ba00000, 0x000000070bc00000|  0%| F|  |TAMS 0x000000070ba00000| PB 0x000000070ba00000| Untracked 
|  11|0x000000070bc00000, 0x000000070bc00000, 0x000000070be00000|  0%| F|  |TAMS 0x000000070bc00000| PB 0x000000070bc00000| Untracked 
|  12|0x000000070be00000, 0x000000070be00000, 0x000000070c000000|  0%| F|  |TAMS 0x000000070be00000| PB 0x000000070be00000| Untracked 
|  13|0x000000070c000000, 0x000000070c000000, 0x000000070c200000|  0%| F|  |TAMS 0x000000070c000000| PB 0x000000070c000000| Untracked 
|  14|0x000000070c200000, 0x000000070c200000, 0x000000070c400000|  0%| F|  |TAMS 0x000000070c200000| PB 0x000000070c200000| Untracked 
|  15|0x000000070c400000, 0x000000070c400000, 0x000000070c600000|  0%| F|  |TAMS 0x000000070c400000| PB 0x000000070c400000| Untracked 
|  16|0x000000070c600000, 0x000000070c600000, 0x000000070c800000|  0%| F|  |TAMS 0x000000070c600000| PB 0x000000070c600000| Untracked 
|  17|0x000000070c800000, 0x000000070c800000, 0x000000070ca00000|  0%| F|  |TAMS 0x000000070c800000| PB 0x000000070c800000| Untracked 
|  18|0x000000070ca00000, 0x000000070ca00000, 0x000000070cc00000|  0%| F|  |TAMS 0x000000070ca00000| PB 0x000000070ca00000| Untracked 
|  19|0x000000070cc00000, 0x000000070cc00000, 0x000000070ce00000|  0%| F|  |TAMS 0x000000070cc00000| PB 0x000000070cc00000| Untracked 
|  20|0x000000070ce00000, 0x000000070ce00000, 0x000000070d000000|  0%| F|  |TAMS 0x000000070ce00000| PB 0x000000070ce00000| Untracked 
|  21|0x000000070d000000, 0x000000070d000000, 0x000000070d200000|  0%| F|  |TAMS 0x000000070d000000| PB 0x000000070d000000| Untracked 
|  22|0x000000070d200000, 0x000000070d200000, 0x000000070d400000|  0%| F|  |TAMS 0x000000070d200000| PB 0x000000070d200000| Untracked 
|  23|0x000000070d400000, 0x000000070d400000, 0x000000070d600000|  0%| F|  |TAMS 0x000000070d400000| PB 0x000000070d400000| Untracked 
|  24|0x000000070d600000, 0x000000070d600000, 0x000000070d800000|  0%| F|  |TAMS 0x000000070d600000| PB 0x000000070d600000| Untracked 
|  25|0x000000070d800000, 0x000000070d800000, 0x000000070da00000|  0%| F|  |TAMS 0x000000070d800000| PB 0x000000070d800000| Untracked 
|  26|0x000000070da00000, 0x000000070da00000, 0x000000070dc00000|  0%| F|  |TAMS 0x000000070da00000| PB 0x000000070da00000| Untracked 
|  27|0x000000070dc00000, 0x000000070dc00000, 0x000000070de00000|  0%| F|  |TAMS 0x000000070dc00000| PB 0x000000070dc00000| Untracked 
|  28|0x000000070de00000, 0x000000070de00000, 0x000000070e000000|  0%| F|  |TAMS 0x000000070de00000| PB 0x000000070de00000| Untracked 
|  29|0x000000070e000000, 0x000000070e000000, 0x000000070e200000|  0%| F|  |TAMS 0x000000070e000000| PB 0x000000070e000000| Untracked 
|  30|0x000000070e200000, 0x000000070e200000, 0x000000070e400000|  0%| F|  |TAMS 0x000000070e200000| PB 0x000000070e200000| Untracked 
|  31|0x000000070e400000, 0x000000070e400000, 0x000000070e600000|  0%| F|  |TAMS 0x000000070e400000| PB 0x000000070e400000| Untracked 
|  32|0x000000070e600000, 0x000000070e600000, 0x000000070e800000|  0%| F|  |TAMS 0x000000070e600000| PB 0x000000070e600000| Untracked 
|  33|0x000000070e800000, 0x000000070e800000, 0x000000070ea00000|  0%| F|  |TAMS 0x000000070e800000| PB 0x000000070e800000| Untracked 
|  34|0x000000070ea00000, 0x000000070ea00000, 0x000000070ec00000|  0%| F|  |TAMS 0x000000070ea00000| PB 0x000000070ea00000| Untracked 
|  35|0x000000070ec00000, 0x000000070ec00000, 0x000000070ee00000|  0%| F|  |TAMS 0x000000070ec00000| PB 0x000000070ec00000| Untracked 
|  36|0x000000070ee00000, 0x000000070ee00000, 0x000000070f000000|  0%| F|  |TAMS 0x000000070ee00000| PB 0x000000070ee00000| Untracked 
|  37|0x000000070f000000, 0x000000070f000000, 0x000000070f200000|  0%| F|  |TAMS 0x000000070f000000| PB 0x000000070f000000| Untracked 
|  38|0x000000070f200000, 0x000000070f200000, 0x000000070f400000|  0%| F|  |TAMS 0x000000070f200000| PB 0x000000070f200000| Untracked 
|  39|0x000000070f400000, 0x000000070f400000, 0x000000070f600000|  0%| F|  |TAMS 0x000000070f400000| PB 0x000000070f400000| Untracked 
|  40|0x000000070f600000, 0x000000070f600000, 0x000000070f800000|  0%| F|  |TAMS 0x000000070f600000| PB 0x000000070f600000| Untracked 
|  41|0x000000070f800000, 0x000000070f800000, 0x000000070fa00000|  0%| F|  |TAMS 0x000000070f800000| PB 0x000000070f800000| Untracked 
|  42|0x000000070fa00000, 0x000000070fa00000, 0x000000070fc00000|  0%| F|  |TAMS 0x000000070fa00000| PB 0x000000070fa00000| Untracked 
|  43|0x000000070fc00000, 0x000000070fc00000, 0x000000070fe00000|  0%| F|  |TAMS 0x000000070fc00000| PB 0x000000070fc00000| Untracked 
|  44|0x000000070fe00000, 0x000000070fe00000, 0x0000000710000000|  0%| F|  |TAMS 0x000000070fe00000| PB 0x000000070fe00000| Untracked 
|  45|0x0000000710000000, 0x0000000710000000, 0x0000000710200000|  0%| F|  |TAMS 0x0000000710000000| PB 0x0000000710000000| Untracked 
|  46|0x0000000710200000, 0x0000000710200000, 0x0000000710400000|  0%| F|  |TAMS 0x0000000710200000| PB 0x0000000710200000| Untracked 
|  47|0x0000000710400000, 0x0000000710400000, 0x0000000710600000|  0%| F|  |TAMS 0x0000000710400000| PB 0x0000000710400000| Untracked 
|  48|0x0000000710600000, 0x0000000710600000, 0x0000000710800000|  0%| F|  |TAMS 0x0000000710600000| PB 0x0000000710600000| Untracked 
|  49|0x0000000710800000, 0x0000000710800000, 0x0000000710a00000|  0%| F|  |TAMS 0x0000000710800000| PB 0x0000000710800000| Untracked 
|  50|0x0000000710a00000, 0x0000000710a00000, 0x0000000710c00000|  0%| F|  |TAMS 0x0000000710a00000| PB 0x0000000710a00000| Untracked 
|  51|0x0000000710c00000, 0x0000000710c00000, 0x0000000710e00000|  0%| F|  |TAMS 0x0000000710c00000| PB 0x0000000710c00000| Untracked 
|  52|0x0000000710e00000, 0x0000000710e00000, 0x0000000711000000|  0%| F|  |TAMS 0x0000000710e00000| PB 0x0000000710e00000| Untracked 
|  53|0x0000000711000000, 0x0000000711000000, 0x0000000711200000|  0%| F|  |TAMS 0x0000000711000000| PB 0x0000000711000000| Untracked 
|  54|0x0000000711200000, 0x0000000711200000, 0x0000000711400000|  0%| F|  |TAMS 0x0000000711200000| PB 0x0000000711200000| Untracked 
|  55|0x0000000711400000, 0x0000000711400000, 0x0000000711600000|  0%| F|  |TAMS 0x0000000711400000| PB 0x0000000711400000| Untracked 
|  56|0x0000000711600000, 0x0000000711600000, 0x0000000711800000|  0%| F|  |TAMS 0x0000000711600000| PB 0x0000000711600000| Untracked 
|  57|0x0000000711800000, 0x0000000711800000, 0x0000000711a00000|  0%| F|  |TAMS 0x0000000711800000| PB 0x0000000711800000| Untracked 
|  58|0x0000000711a00000, 0x0000000711a00000, 0x0000000711c00000|  0%| F|  |TAMS 0x0000000711a00000| PB 0x0000000711a00000| Untracked 
|  59|0x0000000711c00000, 0x0000000711c00000, 0x0000000711e00000|  0%| F|  |TAMS 0x0000000711c00000| PB 0x0000000711c00000| Untracked 
|  60|0x0000000711e00000, 0x0000000711e00000, 0x0000000712000000|  0%| F|  |TAMS 0x0000000711e00000| PB 0x0000000711e00000| Untracked 
|  61|0x0000000712000000, 0x0000000712000000, 0x0000000712200000|  0%| F|  |TAMS 0x0000000712000000| PB 0x0000000712000000| Untracked 
|  62|0x0000000712200000, 0x0000000712200000, 0x0000000712400000|  0%| F|  |TAMS 0x0000000712200000| PB 0x0000000712200000| Untracked 
|  63|0x0000000712400000, 0x0000000712400000, 0x0000000712600000|  0%| F|  |TAMS 0x0000000712400000| PB 0x0000000712400000| Untracked 
|  64|0x0000000712600000, 0x0000000712600000, 0x0000000712800000|  0%| F|  |TAMS 0x0000000712600000| PB 0x0000000712600000| Untracked 
|  65|0x0000000712800000, 0x0000000712800000, 0x0000000712a00000|  0%| F|  |TAMS 0x0000000712800000| PB 0x0000000712800000| Untracked 
|  66|0x0000000712a00000, 0x0000000712a00000, 0x0000000712c00000|  0%| F|  |TAMS 0x0000000712a00000| PB 0x0000000712a00000| Untracked 
|  67|0x0000000712c00000, 0x0000000712c00000, 0x0000000712e00000|  0%| F|  |TAMS 0x0000000712c00000| PB 0x0000000712c00000| Untracked 
|  68|0x0000000712e00000, 0x0000000712e00000, 0x0000000713000000|  0%| F|  |TAMS 0x0000000712e00000| PB 0x0000000712e00000| Untracked 
|  69|0x0000000713000000, 0x0000000713000000, 0x0000000713200000|  0%| F|  |TAMS 0x0000000713000000| PB 0x0000000713000000| Untracked 
|  70|0x0000000713200000, 0x0000000713200000, 0x0000000713400000|  0%| F|  |TAMS 0x0000000713200000| PB 0x0000000713200000| Untracked 
|  71|0x0000000713400000, 0x0000000713400000, 0x0000000713600000|  0%| F|  |TAMS 0x0000000713400000| PB 0x0000000713400000| Untracked 
|  72|0x0000000713600000, 0x0000000713600000, 0x0000000713800000|  0%| F|  |TAMS 0x0000000713600000| PB 0x0000000713600000| Untracked 
|  73|0x0000000713800000, 0x0000000713800000, 0x0000000713a00000|  0%| F|  |TAMS 0x0000000713800000| PB 0x0000000713800000| Untracked 
|  74|0x0000000713a00000, 0x0000000713a00000, 0x0000000713c00000|  0%| F|  |TAMS 0x0000000713a00000| PB 0x0000000713a00000| Untracked 
|  75|0x0000000713c00000, 0x0000000713c00000, 0x0000000713e00000|  0%| F|  |TAMS 0x0000000713c00000| PB 0x0000000713c00000| Untracked 
|  76|0x0000000713e00000, 0x0000000713e00000, 0x0000000714000000|  0%| F|  |TAMS 0x0000000713e00000| PB 0x0000000713e00000| Untracked 
|  77|0x0000000714000000, 0x0000000714000000, 0x0000000714200000|  0%| F|  |TAMS 0x0000000714000000| PB 0x0000000714000000| Untracked 
|  78|0x0000000714200000, 0x0000000714200000, 0x0000000714400000|  0%| F|  |TAMS 0x0000000714200000| PB 0x0000000714200000| Untracked 
|  79|0x0000000714400000, 0x0000000714400000, 0x0000000714600000|  0%| F|  |TAMS 0x0000000714400000| PB 0x0000000714400000| Untracked 
|  80|0x0000000714600000, 0x0000000714600000, 0x0000000714800000|  0%| F|  |TAMS 0x0000000714600000| PB 0x0000000714600000| Untracked 
|  81|0x0000000714800000, 0x0000000714800000, 0x0000000714a00000|  0%| F|  |TAMS 0x0000000714800000| PB 0x0000000714800000| Untracked 
|  82|0x0000000714a00000, 0x0000000714a00000, 0x0000000714c00000|  0%| F|  |TAMS 0x0000000714a00000| PB 0x0000000714a00000| Untracked 
|  83|0x0000000714c00000, 0x0000000714c00000, 0x0000000714e00000|  0%| F|  |TAMS 0x0000000714c00000| PB 0x0000000714c00000| Untracked 
|  84|0x0000000714e00000, 0x0000000714e00000, 0x0000000715000000|  0%| F|  |TAMS 0x0000000714e00000| PB 0x0000000714e00000| Untracked 
|  85|0x0000000715000000, 0x0000000715000000, 0x0000000715200000|  0%| F|  |TAMS 0x0000000715000000| PB 0x0000000715000000| Untracked 
|  86|0x0000000715200000, 0x0000000715200000, 0x0000000715400000|  0%| F|  |TAMS 0x0000000715200000| PB 0x0000000715200000| Untracked 
|  87|0x0000000715400000, 0x0000000715400000, 0x0000000715600000|  0%| F|  |TAMS 0x0000000715400000| PB 0x0000000715400000| Untracked 
|  88|0x0000000715600000, 0x0000000715600000, 0x0000000715800000|  0%| F|  |TAMS 0x0000000715600000| PB 0x0000000715600000| Untracked 
|  89|0x0000000715800000, 0x0000000715800000, 0x0000000715a00000|  0%| F|  |TAMS 0x0000000715800000| PB 0x0000000715800000| Untracked 
|  90|0x0000000715a00000, 0x0000000715a00000, 0x0000000715c00000|  0%| F|  |TAMS 0x0000000715a00000| PB 0x0000000715a00000| Untracked 
|  91|0x0000000715c00000, 0x0000000715c00000, 0x0000000715e00000|  0%| F|  |TAMS 0x0000000715c00000| PB 0x0000000715c00000| Untracked 
|  92|0x0000000715e00000, 0x0000000715e00000, 0x0000000716000000|  0%| F|  |TAMS 0x0000000715e00000| PB 0x0000000715e00000| Untracked 
|  93|0x0000000716000000, 0x0000000716000000, 0x0000000716200000|  0%| F|  |TAMS 0x0000000716000000| PB 0x0000000716000000| Untracked 
|  94|0x0000000716200000, 0x0000000716200000, 0x0000000716400000|  0%| F|  |TAMS 0x0000000716200000| PB 0x0000000716200000| Untracked 
|  95|0x0000000716400000, 0x0000000716400000, 0x0000000716600000|  0%| F|  |TAMS 0x0000000716400000| PB 0x0000000716400000| Untracked 
|  96|0x0000000716600000, 0x0000000716600000, 0x0000000716800000|  0%| F|  |TAMS 0x0000000716600000| PB 0x0000000716600000| Untracked 
|  97|0x0000000716800000, 0x0000000716800000, 0x0000000716a00000|  0%| F|  |TAMS 0x0000000716800000| PB 0x0000000716800000| Untracked 
|  98|0x0000000716a00000, 0x0000000716a00000, 0x0000000716c00000|  0%| F|  |TAMS 0x0000000716a00000| PB 0x0000000716a00000| Untracked 
|  99|0x0000000716c00000, 0x0000000716c00000, 0x0000000716e00000|  0%| F|  |TAMS 0x0000000716c00000| PB 0x0000000716c00000| Untracked 
| 100|0x0000000716e00000, 0x0000000716e00000, 0x0000000717000000|  0%| F|  |TAMS 0x0000000716e00000| PB 0x0000000716e00000| Untracked 
| 101|0x0000000717000000, 0x0000000717000000, 0x0000000717200000|  0%| F|  |TAMS 0x0000000717000000| PB 0x0000000717000000| Untracked 
| 102|0x0000000717200000, 0x0000000717200000, 0x0000000717400000|  0%| F|  |TAMS 0x0000000717200000| PB 0x0000000717200000| Untracked 
| 103|0x0000000717400000, 0x0000000717400000, 0x0000000717600000|  0%| F|  |TAMS 0x0000000717400000| PB 0x0000000717400000| Untracked 
| 104|0x0000000717600000, 0x0000000717600000, 0x0000000717800000|  0%| F|  |TAMS 0x0000000717600000| PB 0x0000000717600000| Untracked 
| 105|0x0000000717800000, 0x0000000717800000, 0x0000000717a00000|  0%| F|  |TAMS 0x0000000717800000| PB 0x0000000717800000| Untracked 
| 106|0x0000000717a00000, 0x0000000717a00000, 0x0000000717c00000|  0%| F|  |TAMS 0x0000000717a00000| PB 0x0000000717a00000| Untracked 
| 107|0x0000000717c00000, 0x0000000717c00000, 0x0000000717e00000|  0%| F|  |TAMS 0x0000000717c00000| PB 0x0000000717c00000| Untracked 
| 108|0x0000000717e00000, 0x0000000717e00000, 0x0000000718000000|  0%| F|  |TAMS 0x0000000717e00000| PB 0x0000000717e00000| Untracked 
| 109|0x0000000718000000, 0x0000000718000000, 0x0000000718200000|  0%| F|  |TAMS 0x0000000718000000| PB 0x0000000718000000| Untracked 
| 110|0x0000000718200000, 0x0000000718200000, 0x0000000718400000|  0%| F|  |TAMS 0x0000000718200000| PB 0x0000000718200000| Untracked 
| 111|0x0000000718400000, 0x00000007185ce7b8, 0x0000000718600000| 90%| S|CS|TAMS 0x0000000718400000| PB 0x0000000718400000| Complete 
| 112|0x0000000718600000, 0x0000000718600000, 0x0000000718800000|  0%| F|  |TAMS 0x0000000718600000| PB 0x0000000718600000| Untracked 
| 113|0x0000000718800000, 0x0000000718800000, 0x0000000718a00000|  0%| F|  |TAMS 0x0000000718800000| PB 0x0000000718800000| Untracked 
| 114|0x0000000718a00000, 0x0000000718a00000, 0x0000000718c00000|  0%| F|  |TAMS 0x0000000718a00000| PB 0x0000000718a00000| Untracked 
| 115|0x0000000718c00000, 0x0000000718c00000, 0x0000000718e00000|  0%| F|  |TAMS 0x0000000718c00000| PB 0x0000000718c00000| Untracked 
| 116|0x0000000718e00000, 0x0000000718e00000, 0x0000000719000000|  0%| F|  |TAMS 0x0000000718e00000| PB 0x0000000718e00000| Untracked 
| 117|0x0000000719000000, 0x000000071912d948, 0x0000000719200000| 58%| E|  |TAMS 0x0000000719000000| PB 0x0000000719000000| Complete 
| 118|0x0000000719200000, 0x0000000719400000, 0x0000000719400000|100%| E|CS|TAMS 0x0000000719200000| PB 0x0000000719200000| Complete 
| 119|0x0000000719400000, 0x0000000719600000, 0x0000000719600000|100%| E|CS|TAMS 0x0000000719400000| PB 0x0000000719400000| Complete 
| 120|0x0000000719600000, 0x0000000719800000, 0x0000000719800000|100%| E|CS|TAMS 0x0000000719600000| PB 0x0000000719600000| Complete 
| 121|0x0000000719800000, 0x0000000719a00000, 0x0000000719a00000|100%| E|  |TAMS 0x0000000719800000| PB 0x0000000719800000| Complete 
| 122|0x0000000719a00000, 0x0000000719c00000, 0x0000000719c00000|100%| E|CS|TAMS 0x0000000719a00000| PB 0x0000000719a00000| Complete 

Card table byte_map: [0x0000016fde7b0000,0x0000016fdef60000] _byte_map_base: 0x0000016fdaf5d000

Marking Bits: (CMBitMap*) 0x0000016fcb9d17a0
 Bits: [0x0000016fdef60000, 0x0000016fe2cc8000)

Polling page: 0x0000016fc9b60000

Metaspace:

Usage:
  Non-class:      8.57 MB used.
      Class:    909.37 KB used.
       Both:      9.46 MB used.

Virtual space:
  Non-class space:       64.00 MB reserved,       8.62 MB ( 13%) committed,  1 nodes.
      Class space:        1.00 GB reserved,     960.00 KB ( <1%) committed,  1 nodes.
             Both:        1.06 GB reserved,       9.56 MB ( <1%) committed. 

Chunk freelists:
   Non-Class:  6.61 MB
       Class:  15.08 MB
        Both:  21.68 MB

MaxMetaspaceSize: unlimited
CompressedClassSpaceSize: 1.00 GB
Initial GC threshold: 21.00 MB
Current GC threshold: 21.00 MB
CDS: off
 - commit_granule_bytes: 65536.
 - commit_granule_words: 8192.
 - virtual_space_node_default_size: 8388608.
 - enlarge_chunks_in_place: 1.
 - use_allocation_guard: 0.


Internal statistics:

num_allocs_failed_limit: 0.
num_arena_births: 42.
num_arena_deaths: 0.
num_vsnodes_births: 2.
num_vsnodes_deaths: 0.
num_space_committed: 153.
num_space_uncommitted: 0.
num_chunks_returned_to_freelist: 0.
num_chunks_taken_from_freelist: 120.
num_chunk_merges: 0.
num_chunk_splits: 63.
num_chunks_enlarged: 41.
num_inconsistent_stats: 0.

CodeHeap 'non-profiled nmethods': size=120000Kb used=386Kb max_used=386Kb free=119613Kb
 bounds [0x0000016fd6580000, 0x0000016fd67f0000, 0x0000016fddab0000]
CodeHeap 'profiled nmethods': size=120000Kb used=1705Kb max_used=1705Kb free=118294Kb
 bounds [0x0000016fceab0000, 0x0000016fced20000, 0x0000016fd5fe0000]
CodeHeap 'non-nmethods': size=5760Kb used=1299Kb max_used=1336Kb free=4460Kb
 bounds [0x0000016fd5fe0000, 0x0000016fd6250000, 0x0000016fd6580000]
 total_blobs=1317 nmethods=887 adapters=335
 compilation: enabled
              stopped_count=0, restarted_count=0
 full_count=0

Compilation events (20 events):
Event: 0.601 Thread 0x0000016fe5b5b270 nmethod 843 0x0000016fcec46690 code [0x0000016fcec46900, 0x0000016fcec47498]
Event: 0.601 Thread 0x0000016fe5b5b270  844       3       java.util.zip.ZipFile$ZipFileInflaterInputStream::<init> (14 bytes)
Event: 0.601 Thread 0x0000016fe5b5b270 nmethod 844 0x0000016fcec47790 code [0x0000016fcec47940, 0x0000016fcec47af8]
Event: 0.601 Thread 0x0000016fe5b5b270  845   !   3       java.util.zip.ZipFile$CleanableResource::getInflater (47 bytes)
Event: 0.601 Thread 0x0000016fe5b5b270 nmethod 845 0x0000016fcec47c10 code [0x0000016fcec47e00, 0x0000016fcec48330]
Event: 0.601 Thread 0x0000016fe5b5b270  846       3       java.util.zip.ZipFile$ZipFileInflaterInputStream::<init> (41 bytes)
Event: 0.602 Thread 0x0000016fe5b5b270 nmethod 846 0x0000016fcec48590 code [0x0000016fcec48780, 0x0000016fcec48c50]
Event: 0.602 Thread 0x0000016fe5b5b270  847       3       java.util.zip.ZipFile$InflaterCleanupAction::<init> (15 bytes)
Event: 0.602 Thread 0x0000016fe5b5b270 nmethod 847 0x0000016fcec48e10 code [0x0000016fcec48fc0, 0x0000016fcec491f0]
Event: 0.602 Thread 0x0000016fe5b5b270  848       3       java.util.zip.ZipFile$ZipFileInflaterInputStream::fill (80 bytes)
Event: 0.602 Thread 0x0000016fe5b5b270 nmethod 848 0x0000016fcec49290 code [0x0000016fcec49460, 0x0000016fcec497f0]
Event: 0.602 Thread 0x0000016fe5b5b270  849   !   3       java.util.zip.ZipFile$ZipFileInputStream::read (135 bytes)
Event: 0.602 Thread 0x0000016fe5b5b270 nmethod 849 0x0000016fcec49990 code [0x0000016fcec49bc0, 0x0000016fcec4a2d0]
Event: 0.602 Thread 0x0000016fe5b5b270  850       3       java.util.zip.ZipFile::ensureOpenOrZipException (19 bytes)
Event: 0.603 Thread 0x0000016fe5b5b270 nmethod 850 0x0000016fcec4a690 code [0x0000016fcec4a840, 0x0000016fcec4aa68]
Event: 0.603 Thread 0x0000016fe5b5b270  851       3       java.util.zip.ZipFile$ZipFileInputStream::initDataOffset (117 bytes)
Event: 0.603 Thread 0x0000016fe5b5b270 nmethod 851 0x0000016fcec4ab90 code [0x0000016fcec4adc0, 0x0000016fcec4b608]
Event: 0.603 Thread 0x0000016fe5b5b270  852   !   3       java.util.zip.Inflater::reset (64 bytes)
Event: 0.603 Thread 0x0000016fe5b5b270 nmethod 852 0x0000016fcec4b990 code [0x0000016fcec4bb60, 0x0000016fcec4bef8]
Event: 0.604 Thread 0x0000016fe5b5b270  854       3       jdk.internal.org.objectweb.asm.ByteVector::putInt (74 bytes)

GC Heap History (2 events):
Event: 0.452 GC heap before
{Heap before GC invocations=0 (full 0):
 garbage-first heap   total 251904K, used 22528K [0x000000070a600000, 0x0000000800000000)
  region size 2048K, 11 young (22528K), 0 survivors (0K)
 Metaspace       used 8519K, committed 8704K, reserved 1114112K
  class space    used 756K, committed 896K, reserved 1048576K
}
Event: 0.455 GC heap after
{Heap after GC invocations=1 (full 0):
 garbage-first heap   total 251904K, used 1849K [0x000000070a600000, 0x0000000800000000)
  region size 2048K, 1 young (2048K), 1 survivors (2048K)
 Metaspace       used 8519K, committed 8704K, reserved 1114112K
  class space    used 756K, committed 896K, reserved 1048576K
}

Dll operation events (3 events):
Event: 0.010 Loaded shared library D:\Android Studio\jbr\bin\java.dll
Event: 0.017 Loaded shared library D:\Android Studio\jbr\bin\zip.dll
Event: 0.115 Loaded shared library D:\Android Studio\jbr\bin\verify.dll

Deoptimization events (20 events):
Event: 0.550 Thread 0x0000016fc9617370 Uncommon trap: trap_request=0xffffff45 fr.pc=0x0000016fd659254c relative=0x000000000000012c
Event: 0.550 Thread 0x0000016fc9617370 Uncommon trap: reason=unstable_if action=reinterpret pc=0x0000016fd659254c method=java.lang.StringCoding.countPositives([BII)I @ 17 c2
Event: 0.550 Thread 0x0000016fc9617370 DEOPT PACKING pc=0x0000016fd659254c sp=0x00000027624fc040
Event: 0.550 Thread 0x0000016fc9617370 DEOPT UNPACKING pc=0x0000016fd60346a2 sp=0x00000027624fbfe0 mode 2
Event: 0.550 Thread 0x0000016fc9617370 Uncommon trap: trap_request=0xffffff45 fr.pc=0x0000016fd658a4e8 relative=0x00000000000002a8
Event: 0.550 Thread 0x0000016fc9617370 Uncommon trap: reason=unstable_if action=reinterpret pc=0x0000016fd658a4e8 method=java.lang.String.hashCode()I @ 20 c2
Event: 0.550 Thread 0x0000016fc9617370 DEOPT PACKING pc=0x0000016fd658a4e8 sp=0x00000027624fc0c0
Event: 0.550 Thread 0x0000016fc9617370 DEOPT UNPACKING pc=0x0000016fd60346a2 sp=0x00000027624fc050 mode 2
Event: 0.550 Thread 0x0000016fc9617370 Uncommon trap: trap_request=0xffffff45 fr.pc=0x0000016fd65a1530 relative=0x0000000000000190
Event: 0.550 Thread 0x0000016fc9617370 Uncommon trap: reason=unstable_if action=reinterpret pc=0x0000016fd65a1530 method=jdk.internal.util.ArraysSupport.vectorizedHashCode(Ljava/lang/Object;IIII)I @ 2 c2
Event: 0.550 Thread 0x0000016fc9617370 DEOPT PACKING pc=0x0000016fd65a1530 sp=0x00000027624fbfc0
Event: 0.550 Thread 0x0000016fc9617370 DEOPT UNPACKING pc=0x0000016fd60346a2 sp=0x00000027624fbf70 mode 2
Event: 0.550 Thread 0x0000016fc9617370 Uncommon trap: trap_request=0xffffff45 fr.pc=0x0000016fd65c203c relative=0x000000000000017c
Event: 0.550 Thread 0x0000016fc9617370 Uncommon trap: reason=unstable_if action=reinterpret pc=0x0000016fd65c203c method=java.util.zip.ZipFile$Source.isMetaName([BII)Z @ 57 c2
Event: 0.550 Thread 0x0000016fc9617370 DEOPT PACKING pc=0x0000016fd65c203c sp=0x00000027624fc2d0
Event: 0.550 Thread 0x0000016fc9617370 DEOPT UNPACKING pc=0x0000016fd60346a2 sp=0x00000027624fc260 mode 2
Event: 0.577 Thread 0x0000016fc9617370 DEOPT PACKING pc=0x0000016fcec09f55 sp=0x00000027624fd320
Event: 0.577 Thread 0x0000016fc9617370 DEOPT UNPACKING pc=0x0000016fd6034e42 sp=0x00000027624fc790 mode 0
Event: 0.579 Thread 0x0000016fc9617370 DEOPT PACKING pc=0x0000016fcebb7e3c sp=0x00000027624f9440
Event: 0.579 Thread 0x0000016fc9617370 DEOPT UNPACKING pc=0x0000016fd6034e42 sp=0x00000027624f88d0 mode 0

Classes loaded (20 events):
Event: 0.603 Loading class sun/reflect/generics/scope/ClassScope
Event: 0.603 Loading class sun/reflect/generics/scope/Scope
Event: 0.603 Loading class sun/reflect/generics/scope/Scope done
Event: 0.603 Loading class sun/reflect/generics/scope/AbstractScope
Event: 0.603 Loading class sun/reflect/generics/scope/AbstractScope done
Event: 0.603 Loading class sun/reflect/generics/scope/ClassScope done
Event: 0.603 Loading class sun/reflect/generics/factory/CoreReflectionFactory
Event: 0.603 Loading class sun/reflect/generics/factory/GenericsFactory
Event: 0.603 Loading class sun/reflect/generics/factory/GenericsFactory done
Event: 0.603 Loading class sun/reflect/generics/factory/CoreReflectionFactory done
Event: 0.603 Loading class sun/reflect/generics/visitor/Reifier
Event: 0.603 Loading class sun/reflect/generics/visitor/TypeTreeVisitor
Event: 0.603 Loading class sun/reflect/generics/visitor/TypeTreeVisitor done
Event: 0.603 Loading class sun/reflect/generics/visitor/Reifier done
Event: 0.603 Loading class java/lang/reflect/GenericArrayType
Event: 0.603 Loading class java/lang/reflect/GenericArrayType done
Event: 0.603 Loading class sun/reflect/annotation/AnnotationType
Event: 0.604 Loading class sun/reflect/annotation/AnnotationType done
Event: 0.604 Loading class sun/reflect/annotation/AnnotationType$1
Event: 0.604 Loading class sun/reflect/annotation/AnnotationType$1 done

Classes unloaded (0 events):
No events

Classes redefined (0 events):
No events

Internal exceptions (3 events):
Event: 0.221 Thread 0x0000016fc9617370 Exception <a 'java/lang/NoSuchMethodError'{0x00000007199b9060}: 'void java.lang.invoke.DirectMethodHandle$Holder.invokeStatic(java.lang.Object, java.lang.Object)'> (0x00000007199b9060) 
thrown [s\src\hotspot\share\interpreter\linkResolver.cpp, line 784]
Event: 0.222 Thread 0x0000016fc9617370 Exception <a 'java/lang/NoSuchMethodError'{0x00000007199bcb28}: 'void java.lang.invoke.DirectMethodHandle$Holder.invokeSpecial(java.lang.Object, java.lang.Object, java.lang.Object)'> (0x00000007199bcb28) 
thrown [s\src\hotspot\share\interpreter\linkResolver.cpp, line 784]
Event: 0.233 Thread 0x0000016fc9617370 Exception <a 'java/lang/NoSuchMethodError'{0x00000007196116e8}: 'int java.lang.invoke.DirectMethodHandle$Holder.invokeStaticInit(java.lang.Object, java.lang.Object)'> (0x00000007196116e8) 
thrown [s\src\hotspot\share\interpreter\linkResolver.cpp, line 784]

ZGC Phase Switch (0 events):
No events

VM Operations (4 events):
Event: 0.112 Executing VM operation: HandshakeAllThreads (Deoptimize)
Event: 0.112 Executing VM operation: HandshakeAllThreads (Deoptimize) done
Event: 0.452 Executing VM operation: G1CollectForAllocation (G1 Evacuation Pause)
Event: 0.455 Executing VM operation: G1CollectForAllocation (G1 Evacuation Pause) done

Memory protections (0 events):
No events

Nmethod flushes (0 events):
No events

Events (17 events):
Event: 0.016 Thread 0x0000016fc9617370 Thread added: 0x0000016fc9617370
Event: 0.064 Thread 0x0000016fc9617370 Thread added: 0x0000016fe5b703f0
Event: 0.064 Thread 0x0000016fc9617370 Thread added: 0x0000016fe5b719c0
Event: 0.065 Thread 0x0000016fc9617370 Thread added: 0x0000016fe5b8cf30
Event: 0.065 Thread 0x0000016fc9617370 Thread added: 0x0000016fe5b4fd80
Event: 0.065 Thread 0x0000016fc9617370 Thread added: 0x0000016fe5b7af80
Event: 0.065 Thread 0x0000016fc9617370 Thread added: 0x0000016fe5b59180
Event: 0.065 Thread 0x0000016fc9617370 Thread added: 0x0000016fe5b9e0d0
Event: 0.065 Thread 0x0000016fc9617370 Thread added: 0x0000016fe5b5b270
Event: 0.091 Thread 0x0000016fc9617370 Thread added: 0x0000016fe5d527a0
Event: 0.096 Thread 0x0000016fc9617370 Thread added: 0x0000016fe5d5ae40
Event: 0.102 Loaded shared library D:\Android Studio\jbr\bin\net.dll
Event: 0.104 Loaded shared library D:\Android Studio\jbr\bin\nio.dll
Event: 0.110 Loaded shared library D:\Android Studio\jbr\bin\zip.dll
Event: 0.166 Loaded shared library D:\Android Studio\jbr\bin\jimage.dll
Event: 0.451 Thread 0x0000016fe5b5b270 Thread added: 0x0000016fea19aa40
Event: 0.455 Thread 0x0000016fe5b5b270 Thread added: 0x0000016fea202990


Dynamic libraries:
0x00007ff63aa40000 - 0x00007ff63aa4a000 	D:\Android Studio\jbr\bin\java.exe
0x00007ffe90240000 - 0x00007ffe904a7000 	C:\WINDOWS\SYSTEM32\ntdll.dll
0x00007ffe8eac0000 - 0x00007ffe8eb89000 	C:\WINDOWS\System32\KERNEL32.DLL
0x00007ffe8cb20000 - 0x00007ffe8cf11000 	C:\WINDOWS\System32\KERNELBASE.dll
0x00007ffe8d100000 - 0x00007ffe8d24b000 	C:\WINDOWS\System32\ucrtbase.dll
0x00007ffe6b8d0000 - 0x00007ffe6b8e8000 	D:\Android Studio\jbr\bin\jli.dll
0x00007ffe693a0000 - 0x00007ffe693bb000 	D:\Android Studio\jbr\bin\VCRUNTIME140.dll
0x00007ffe8ec90000 - 0x00007ffe8ee55000 	C:\WINDOWS\System32\USER32.dll
0x00007ffe8ddb0000 - 0x00007ffe8ddd7000 	C:\WINDOWS\System32\win32u.dll
0x00007ffe8fac0000 - 0x00007ffe8faeb000 	C:\WINDOWS\System32\GDI32.dll
0x00007ffe8cfd0000 - 0x00007ffe8d0fb000 	C:\WINDOWS\System32\gdi32full.dll
0x00007ffe747a0000 - 0x00007ffe74a33000 	C:\WINDOWS\WinSxS\amd64_microsoft.windows.common-controls_6595b64144ccf1df_6.0.26100.8037_none_3e092faae333b53b\COMCTL32.dll
0x00007ffe8d310000 - 0x00007ffe8d3b3000 	C:\WINDOWS\System32\msvcp_win.dll
0x00007ffe8ffb0000 - 0x00007ffe90059000 	C:\WINDOWS\System32\msvcrt.dll
0x00007ffe8dfe0000 - 0x00007ffe8e011000 	C:\WINDOWS\System32\IMM32.DLL
0x00007ffe6eb40000 - 0x00007ffe6eb4c000 	D:\Android Studio\jbr\bin\vcruntime140_1.dll
0x00007ffe24b50000 - 0x00007ffe24bdd000 	D:\Android Studio\jbr\bin\msvcp140.dll
0x00007ffdd3510000 - 0x00007ffdd4193000 	D:\Android Studio\jbr\bin\server\jvm.dll
0x00007ffe8fa00000 - 0x00007ffe8fabb000 	C:\WINDOWS\System32\ADVAPI32.dll
0x00007ffe8faf0000 - 0x00007ffe8fb97000 	C:\WINDOWS\System32\sechost.dll
0x00007ffe8e980000 - 0x00007ffe8ea98000 	C:\WINDOWS\System32\RPCRT4.dll
0x00007ffe8ec10000 - 0x00007ffe8ec84000 	C:\WINDOWS\System32\WS2_32.dll
0x00007ffe8c7d0000 - 0x00007ffe8c82e000 	C:\WINDOWS\SYSTEM32\POWRPROF.dll
0x00007ffe85e50000 - 0x00007ffe85e5b000 	C:\WINDOWS\SYSTEM32\VERSION.dll
0x00007ffe84df0000 - 0x00007ffe84e25000 	C:\WINDOWS\SYSTEM32\WINMM.dll
0x00007ffe8c7b0000 - 0x00007ffe8c7c4000 	C:\WINDOWS\SYSTEM32\UMPDC.dll
0x00007ffe8b8b0000 - 0x00007ffe8b8cb000 	C:\WINDOWS\SYSTEM32\kernel.appcore.dll
0x00007ffe6eb00000 - 0x00007ffe6eb0a000 	D:\Android Studio\jbr\bin\jimage.dll
0x00007ffe8aa60000 - 0x00007ffe8aca2000 	C:\WINDOWS\SYSTEM32\DBGHELP.DLL
0x00007ffe8fc20000 - 0x00007ffe8ffa2000 	C:\WINDOWS\System32\combase.dll
0x00007ffe8e250000 - 0x00007ffe8e327000 	C:\WINDOWS\System32\OLEAUT32.dll
0x00007ffe6eb80000 - 0x00007ffe6ebbb000 	C:\WINDOWS\SYSTEM32\dbgcore.DLL
0x00007ffe8cf20000 - 0x00007ffe8cfc5000 	C:\WINDOWS\System32\bcryptPrimitives.dll
0x00007ffe56730000 - 0x00007ffe56750000 	D:\Android Studio\jbr\bin\java.dll
0x00007ffe53fb0000 - 0x00007ffe53fc8000 	D:\Android Studio\jbr\bin\zip.dll
0x00007ffe8ee60000 - 0x00007ffe8f5bf000 	C:\WINDOWS\System32\SHELL32.dll
0x00007ffe8de70000 - 0x00007ffe8dfda000 	C:\WINDOWS\System32\wintypes.dll
0x00007ffe8d3c0000 - 0x00007ffe8dc24000 	C:\WINDOWS\System32\windows.storage.dll
0x00007ffe900f0000 - 0x00007ffe901e7000 	C:\WINDOWS\System32\SHCORE.dll
0x00007ffe8eba0000 - 0x00007ffe8ec07000 	C:\WINDOWS\System32\shlwapi.dll
0x00007ffe8ca40000 - 0x00007ffe8ca69000 	C:\WINDOWS\SYSTEM32\profapi.dll
0x00007ffe6ea90000 - 0x00007ffe6eaa0000 	D:\Android Studio\jbr\bin\net.dll
0x00007ffe85990000 - 0x00007ffe85ab7000 	C:\WINDOWS\SYSTEM32\WINHTTP.dll
0x00007ffe8be20000 - 0x00007ffe8be8b000 	C:\WINDOWS\system32\mswsock.dll
0x00007ffe50300000 - 0x00007ffe50316000 	D:\Android Studio\jbr\bin\nio.dll
0x00007ffe6c490000 - 0x00007ffe6c4a0000 	D:\Android Studio\jbr\bin\verify.dll

dbghelp: loaded successfully - version: 4.0.5 - missing functions: none
symbol engine: initialized successfully - sym options: 0x614 - pdb path: .;D:\Android Studio\jbr\bin;C:\WINDOWS\SYSTEM32;C:\WINDOWS\WinSxS\amd64_microsoft.windows.common-controls_6595b64144ccf1df_6.0.26100.8037_none_3e092faae333b53b;D:\Android Studio\jbr\bin\server

VM Arguments:
jvm_args: -Dorg.gradle.appname=gradlew 
java_command: org.gradle.wrapper.GradleWrapperMain -q -Ptarget-platform=android-arm64 -Ptarget=D:\flutter projects\customer-app\lib\main.dart -Pbase-application-name=android.app.Application -Pdart-defines=RkxVVFRFUl9WRVJTSU9OPTMuNDEuMQ==,RkxVVFRFUl9DSEFOTkVMPXN0YWJsZQ==,RkxVVFRFUl9HSVRfVVJMPWh0dHBzOi8vZ2l0aHViLmNvbS9mbHV0dGVyL2ZsdXR0ZXIuZ2l0,RkxVVFRFUl9GUkFNRVdPUktfUkVWSVNJT049NTgyYTBlN2M1NQ==,RkxVVFRFUl9FTkdJTkVfUkVWSVNJT049MzQ1MmQ3MzViZA==,RkxVVFRFUl9EQVJUX1ZFUlNJT049My4xMS4w -Pdart-obfuscation=false -Ptrack-widget-creation=true -Ptree-shake-icons=false -Pfilesystem-scheme=org-dartlang-root assembleDebug
java_class_path (initial): D:\flutter projects\customer-app\android\\gradle\wrapper\gradle-wrapper.jar
Launcher Type: SUN_STANDARD

[Global flags]
     intx CICompilerCount                          = 4                                         {product} {ergonomic}
     uint ConcGCThreads                            = 3                                         {product} {ergonomic}
     uint G1ConcRefinementThreads                  = 10                                        {product} {ergonomic}
   size_t G1HeapRegionSize                         = 2097152                                   {product} {ergonomic}
    uintx GCDrainStackTargetSize                   = 64                                        {product} {ergonomic}
   size_t InitialHeapSize                          = 257949696                                 {product} {ergonomic}
   size_t MarkStackSize                            = 4194304                                   {product} {ergonomic}
   size_t MaxHeapSize                              = 4120903680                                {product} {ergonomic}
   size_t MaxNewSize                               = 2472542208                                {product} {ergonomic}
   size_t MinHeapDeltaBytes                        = 2097152                                   {product} {ergonomic}
   size_t MinHeapSize                              = 8388608                                   {product} {ergonomic}
    uintx NonNMethodCodeHeapSize                   = 5839372                                {pd product} {ergonomic}
    uintx NonProfiledCodeHeapSize                  = 122909434                              {pd product} {ergonomic}
    uintx ProfiledCodeHeapSize                     = 122909434                              {pd product} {ergonomic}
    uintx ReservedCodeCacheSize                    = 251658240                              {pd product} {ergonomic}
     bool SegmentedCodeCache                       = true                                      {product} {ergonomic}
   size_t SoftMaxHeapSize                          = 4120903680                             {manageable} {ergonomic}
     bool UseCompressedOops                        = true                           {product lp64_product} {ergonomic}
     bool UseG1GC                                  = true                                      {product} {ergonomic}
     bool UseLargePagesIndividualAllocation        = false                                  {pd product} {ergonomic}

Logging:
Log output configuration:
 #0: stdout all=warning uptime,level,tags foldmultilines=false
 #1: stderr all=off uptime,level,tags foldmultilines=false

Environment Variables:
JAVA_HOME=D:\Android Studio\jbr
CLASSPATH=D:\flutter projects\customer-app\android\\gradle\wrapper\gradle-wrapper.jar
PATH=D:\Android Studio\jbr\bin;C:\Users\karmp\AppData\Local\Programs\Microsoft VS Code;C:\Program Files\Common Files\Oracle\Java\javapath;C:\windows\system32;C:\windows;C:\windows\System32\Wbem;C:\windows\System32\WindowsPowerShell\v1.0\;C:\windows\System32\OpenSSH\;C:\Program Files\HP\HP One Agent;C:\Program Files\nodejs\;C:\ProgramData\chocolatey\bin;C:\Program Files\Git\cmd;C:\Users\karmp\AppData\Local\Pub\Cache\bin;C:\Program Files\Java\jdk-23;C:\WINDOWS\system32;C:\WINDOWS;C:\WINDOWS\System32\Wbem;C:\WINDOWS\System32\WindowsPowerShell\v1.0\;C:\WINDOWS\System32\OpenSSH\;C:\Program Files\Java\jdk-23\bin;C:\Users\karmp\AppData\Local\Microsoft\WindowsApps;C:\Users\karmp\AppData\Local\Programs\Microsoft VS Code\bin;D:\IntelliJ IDEA Community Edition 2023.3.2\bin;;D:\flutter_windows_3.22.2-stable\flutter\bin;C:\Users\karmp\AppData\Roaming\npm;D:\flutter_windows_3.32.4-stable\flutter\flutter\bin;D:\flutter_windows_3.32.4-stable\flutter\bin
USERNAME=karmp
OS=Windows_NT
PROCESSOR_IDENTIFIER=AMD64 Family 25 Model 80 Stepping 0, AuthenticAMD
TMP=C:\Users\karmp\AppData\Local\Temp
TEMP=C:\Users\karmp\AppData\Local\Temp




Periodic native trim disabled

JNI global refs:
JNI global refs: 8, weak refs: 0

JNI global refs memory usage: 835, weak refs: 833

Process memory usage:
Resident Set Size: 87292K (0% of 16089672K total physical memory with 1824988K free physical memory)

OOME stack traces (most recent first):
Classloader memory used:
