#
# There is insufficient memory for the Java Runtime Environment to continue.
# Native memory allocation (malloc) failed to allocate 1329520 bytes. Error detail: Chunk::new
# Possible reasons:
#   The system is out of physical RAM or swap space
#   This process is running with CompressedOops enabled, and the Java Heap may be blocking the growth of the native heap
# Possible solutions:
#   Reduce memory load on the system
#   Increase physical memory or swap space
#   Check if swap backing store is full
#   Decrease Java heap size (-Xmx/-Xms)
#   Decrease number of Java threads
#   Decrease Java thread stack sizes (-Xss)
#   Set larger code cache with -XX:ReservedCodeCacheSize=
#   JVM is running with Zero Based Compressed Oops mode in which the Java heap is
#     placed in the first 32GB address space. The Java Heap base address is the
#     maximum limit for the native heap growth. Please use -XX:HeapBaseMinAddress
#     to set the Java Heap base and to place the Java Heap above 32GB virtual address.
# This output file may be truncated or incomplete.
#
#  Out of Memory Error (arena.cpp:168), pid=20092, tid=17056
#
# JRE version: OpenJDK Runtime Environment (21.0.4) (build 21.0.4+-12508038-b607.1)
# Java VM: OpenJDK 64-Bit Server VM (21.0.4+-12508038-b607.1, mixed mode, tiered, compressed oops, compressed class ptrs, g1 gc, windows-amd64)
# No core dump will be written. Minidumps are not enabled by default on client versions of Windows
#

---------------  S U M M A R Y ------------

Command Line: --add-opens=java.base/java.lang=ALL-UNNAMED --add-opens=java.base/java.lang.invoke=ALL-UNNAMED --add-opens=java.base/java.util=ALL-UNNAMED --add-opens=java.prefs/java.util.prefs=ALL-UNNAMED --add-exports=jdk.compiler/com.sun.tools.javac.api=ALL-UNNAMED --add-exports=jdk.compiler/com.sun.tools.javac.util=ALL-UNNAMED --add-opens=java.base/java.util=ALL-UNNAMED --add-opens=java.prefs/java.util.prefs=ALL-UNNAMED --add-opens=java.base/java.nio.charset=ALL-UNNAMED --add-opens=java.base/java.net=ALL-UNNAMED --add-opens=java.base/java.util.concurrent.atomic=ALL-UNNAMED --add-opens=java.xml/javax.xml.namespace=ALL-UNNAMED -Xmx4096m -Dfile.encoding=UTF-8 -Duser.country=IN -Duser.language=en -Duser.variant -javaagent:C:\Users\karmp\.gradle\wrapper\dists\gradle-8.14-all\c2qonpi39x1mddn7hk5gh9iqj\gradle-8.14\lib\agents\gradle-instrumentation-agent-8.14.jar org.gradle.launcher.daemon.bootstrap.GradleDaemon 8.14

Host: AMD Ryzen 5 5625U with Radeon Graphics         , 12 cores, 15G,  Windows 11 , 64 bit Build 26100 (10.0.26100.8115)
Time: Wed Apr  8 13:13:18 2026 India Standard Time elapsed time: 26.273244 seconds (0d 0h 0m 26s)

---------------  T H R E A D  ---------------

Current thread (0x00000199d3ceda60):  JavaThread "C2 CompilerThread1" daemon [_thread_in_native, id=17056, stack(0x00000042af700000,0x00000042af800000) (1024K)]


Current CompileTask:
C2:  26273 8242 %     4       org.gradle.internal.instantiation.generator.AbstractClassGenerator::inspectType @ 107 (602 bytes)

Stack: [0x00000042af700000,0x00000042af800000]
Native frames: (J=compiled Java code, j=interpreted, Vv=VM code, C=native code)
V  [jvm.dll+0x6ce539]
V  [jvm.dll+0x85bf03]
V  [jvm.dll+0x85e45e]
V  [jvm.dll+0x85eb43]
V  [jvm.dll+0x27dd06]
V  [jvm.dll+0xbf9cd]
V  [jvm.dll+0xbff03]
V  [jvm.dll+0x3b4deb]
V  [jvm.dll+0x1de1f2]
V  [jvm.dll+0x247544]
V  [jvm.dll+0x2469c1]
V  [jvm.dll+0x1c58a4]
V  [jvm.dll+0x255fec]
V  [jvm.dll+0x254536]
V  [jvm.dll+0x3efab6]
V  [jvm.dll+0x804418]
V  [jvm.dll+0x6cce0d]
C  [ucrtbase.dll+0x37b0]
C  [KERNEL32.DLL+0x2e8d7]
C  [ntdll.dll+0x8c3fc]


---------------  P R O C E S S  ---------------

Threads class SMR info:
_java_thread_list=0x00000199cadd94f0, length=71, elements={
0x00000199afd4dae0, 0x00000199ca2166c0, 0x00000199ca217120, 0x00000199ca25d950,
0x00000199ca276420, 0x00000199ca2779f0, 0x00000199ca280fd0, 0x00000199ca2a6d60,
0x00000199ca2a7800, 0x00000199ca3ec000, 0x00000199ca5449a0, 0x00000199cfa33980,
0x00000199d0008e80, 0x00000199d05af010, 0x00000199d05c29d0, 0x00000199d05e6010,
0x00000199d01c5db0, 0x00000199d02e5020, 0x00000199d0242fa0, 0x00000199d023fb20,
0x00000199d0240840, 0x00000199d0242910, 0x00000199d0241bf0, 0x00000199d02401b0,
0x00000199d0240ed0, 0x00000199d0241560, 0x00000199d099d030, 0x00000199d099c9a0,
0x00000199d099bc80, 0x00000199d099dd50, 0x00000199d099f100, 0x00000199d099fe20,
0x00000199d099f790, 0x00000199d09a04b0, 0x00000199d09a11d0, 0x00000199d099e3e0,
0x00000199d09a1ef0, 0x00000199d09a32a0, 0x00000199d09a2580, 0x00000199d09a2c10,
0x00000199d338a5b0, 0x00000199d338ac40, 0x00000199d3389890, 0x00000199d3389f20,
0x00000199d3389200, 0x00000199d338cd10, 0x00000199d338d3a0, 0x00000199d338c680,
0x00000199d338da30, 0x00000199d338e0c0, 0x00000199d338b2d0, 0x00000199d338e750,
0x00000199d338ede0, 0x00000199d338b960, 0x00000199d338f470, 0x00000199d338bff0,
0x00000199d3390820, 0x00000199d338fb00, 0x00000199d3390190, 0x00000199d223bcc0,
0x00000199d223b630, 0x00000199d223eab0, 0x00000199d223c350, 0x00000199d223f140,
0x00000199d223d700, 0x00000199d223d070, 0x00000199d223e420, 0x00000199d223dd90,
0x00000199d223c9e0, 0x00000199d2242c50, 0x00000199d3ceda60
}

Java Threads: ( => current thread )
  0x00000199afd4dae0 JavaThread "main"                              [_thread_blocked, id=4592, stack(0x00000042ac600000,0x00000042ac700000) (1024K)]
  0x00000199ca2166c0 JavaThread "Reference Handler"          daemon [_thread_blocked, id=4740, stack(0x00000042ace00000,0x00000042acf00000) (1024K)]
  0x00000199ca217120 JavaThread "Finalizer"                  daemon [_thread_blocked, id=21776, stack(0x00000042acf00000,0x00000042ad000000) (1024K)]
  0x00000199ca25d950 JavaThread "Signal Dispatcher"          daemon [_thread_blocked, id=12632, stack(0x00000042ad000000,0x00000042ad100000) (1024K)]
  0x00000199ca276420 JavaThread "Attach Listener"            daemon [_thread_blocked, id=18428, stack(0x00000042ad100000,0x00000042ad200000) (1024K)]
  0x00000199ca2779f0 JavaThread "Service Thread"             daemon [_thread_blocked, id=23592, stack(0x00000042ad200000,0x00000042ad300000) (1024K)]
  0x00000199ca280fd0 JavaThread "Monitor Deflation Thread"   daemon [_thread_blocked, id=13416, stack(0x00000042ad300000,0x00000042ad400000) (1024K)]
  0x00000199ca2a6d60 JavaThread "C2 CompilerThread0"         daemon [_thread_in_native, id=10592, stack(0x00000042ad400000,0x00000042ad500000) (1024K)]
  0x00000199ca2a7800 JavaThread "C1 CompilerThread0"         daemon [_thread_blocked, id=20896, stack(0x00000042ad500000,0x00000042ad600000) (1024K)]
  0x00000199ca3ec000 JavaThread "Common-Cleaner"             daemon [_thread_blocked, id=10568, stack(0x00000042ad600000,0x00000042ad700000) (1024K)]
  0x00000199ca5449a0 JavaThread "Notification Thread"        daemon [_thread_blocked, id=22280, stack(0x00000042ad700000,0x00000042ad800000) (1024K)]
  0x00000199cfa33980 JavaThread "Daemon health stats"               [_thread_blocked, id=9528, stack(0x00000042add00000,0x00000042ade00000) (1024K)]
  0x00000199d0008e80 JavaThread "Incoming local TCP Connector on port 59379"        [_thread_in_native, id=3696, stack(0x00000042ade00000,0x00000042adf00000) (1024K)]
  0x00000199d05af010 JavaThread "Daemon periodic checks"            [_thread_blocked, id=1492, stack(0x00000042adf00000,0x00000042ae000000) (1024K)]
  0x00000199d05c29d0 JavaThread "Daemon"                            [_thread_blocked, id=22352, stack(0x00000042ae000000,0x00000042ae100000) (1024K)]
  0x00000199d05e6010 JavaThread "Handler for socket connection from /127.0.0.1:59379 to /127.0.0.1:59380"        [_thread_in_native, id=24324, stack(0x00000042ae100000,0x00000042ae200000) (1024K)]
  0x00000199d01c5db0 JavaThread "Cancel handler"                    [_thread_blocked, id=23360, stack(0x00000042ae200000,0x00000042ae300000) (1024K)]
  0x00000199d02e5020 JavaThread "Daemon worker"                     [_thread_in_native, id=26556, stack(0x00000042ae300000,0x00000042ae400000) (1024K)]
  0x00000199d0242fa0 JavaThread "Asynchronous log dispatcher for DefaultDaemonConnection: socket connection from /127.0.0.1:59379 to /127.0.0.1:59380"        [_thread_blocked, id=6984, stack(0x00000042ae400000,0x00000042ae500000) (1024K)]
  0x00000199d023fb20 JavaThread "Stdin handler"                     [_thread_blocked, id=8864, stack(0x00000042ae500000,0x00000042ae600000) (1024K)]
  0x00000199d0240840 JavaThread "Daemon client event forwarder"        [_thread_blocked, id=20784, stack(0x00000042ae600000,0x00000042ae700000) (1024K)]
  0x00000199d0242910 JavaThread "Cache worker for journal cache (C:\Users\karmp\.gradle\caches\journal-1)"        [_thread_blocked, id=11820, stack(0x00000042ad800000,0x00000042ad900000) (1024K)]
  0x00000199d0241bf0 JavaThread "File lock request listener"        [_thread_in_native, id=25632, stack(0x00000042aee00000,0x00000042aef00000) (1024K)]
  0x00000199d02401b0 JavaThread "Cache worker for file hash cache (C:\Users\karmp\.gradle\caches\8.14\fileHashes)"        [_thread_blocked, id=5776, stack(0x00000042aef00000,0x00000042af000000) (1024K)]
  0x00000199d0240ed0 JavaThread "Cache worker for file hash cache (D:\flutter projects\customer-app\android\.gradle\8.14\fileHashes)"        [_thread_blocked, id=11076, stack(0x00000042af200000,0x00000042af300000) (1024K)]
  0x00000199d0241560 JavaThread "Cache worker for Build Output Cleanup Cache (D:\flutter projects\customer-app\android\.gradle\buildOutputCleanup)"        [_thread_blocked, id=25076, stack(0x00000042af300000,0x00000042af400000) (1024K)]
  0x00000199d099d030 JavaThread "File watcher server"        daemon [_thread_in_native, id=22916, stack(0x00000042af100000,0x00000042af200000) (1024K)]
  0x00000199d099c9a0 JavaThread "File watcher consumer"      daemon [_thread_blocked, id=18028, stack(0x00000042af400000,0x00000042af500000) (1024K)]
  0x00000199d099bc80 JavaThread "jar transforms"                    [_thread_blocked, id=23580, stack(0x00000042af600000,0x00000042af700000) (1024K)]
  0x00000199d099dd50 JavaThread "Cache worker for checksums cache (D:\flutter projects\customer-app\android\.gradle\8.14\checksums)"        [_thread_blocked, id=19004, stack(0x00000042af000000,0x00000042af100000) (1024K)]
  0x00000199d099f100 JavaThread "Cache worker for file content cache (C:\Users\karmp\.gradle\caches\8.14\fileContent)"        [_thread_blocked, id=9224, stack(0x00000042af500000,0x00000042af600000) (1024K)]
  0x00000199d099fe20 JavaThread "Cache worker for cache directory md-supplier (C:\Users\karmp\.gradle\caches\8.14\md-supplier)"        [_thread_blocked, id=4840, stack(0x00000042af800000,0x00000042af900000) (1024K)]
  0x00000199d099f790 JavaThread "Cache worker for cache directory md-rule (C:\Users\karmp\.gradle\caches\8.14\md-rule)"        [_thread_blocked, id=24216, stack(0x00000042af900000,0x00000042afa00000) (1024K)]
  0x00000199d09a04b0 JavaThread "Cache worker for Build Output Cleanup Cache (D:\flutter_windows_3.32.4-stable\flutter\flutter\packages\flutter_tools\gradle\.gradle\buildOutputCleanup)"        [_thread_blocked, id=19844, stack(0x00000042afa00000,0x00000042afb00000) (1024K)]
  0x00000199d09a11d0 JavaThread "Unconstrained build operations"        [_thread_blocked, id=4436, stack(0x00000042afb00000,0x00000042afc00000) (1024K)]
  0x00000199d099e3e0 JavaThread "Unconstrained build operations Thread 2"        [_thread_blocked, id=25636, stack(0x00000042afc00000,0x00000042afd00000) (1024K)]
  0x00000199d09a1ef0 JavaThread "Unconstrained build operations Thread 3"        [_thread_blocked, id=24688, stack(0x00000042afd00000,0x00000042afe00000) (1024K)]
  0x00000199d09a32a0 JavaThread "Unconstrained build operations Thread 4"        [_thread_blocked, id=18216, stack(0x00000042afe00000,0x00000042aff00000) (1024K)]
  0x00000199d09a2580 JavaThread "Unconstrained build operations Thread 5"        [_thread_blocked, id=6720, stack(0x00000042aff00000,0x00000042b0000000) (1024K)]
  0x00000199d09a2c10 JavaThread "Unconstrained build operations Thread 6"        [_thread_blocked, id=17072, stack(0x00000042b0000000,0x00000042b0100000) (1024K)]
  0x00000199d338a5b0 JavaThread "Unconstrained build operations Thread 7"        [_thread_blocked, id=25716, stack(0x00000042b0100000,0x00000042b0200000) (1024K)]
  0x00000199d338ac40 JavaThread "Unconstrained build operations Thread 8"        [_thread_blocked, id=23496, stack(0x00000042b0200000,0x00000042b0300000) (1024K)]
  0x00000199d3389890 JavaThread "Unconstrained build operations Thread 9"        [_thread_blocked, id=5980, stack(0x00000042b0300000,0x00000042b0400000) (1024K)]
  0x00000199d3389f20 JavaThread "Unconstrained build operations Thread 10"        [_thread_blocked, id=21556, stack(0x00000042b0400000,0x00000042b0500000) (1024K)]
  0x00000199d3389200 JavaThread "Unconstrained build operations Thread 11"        [_thread_blocked, id=7900, stack(0x00000042b0500000,0x00000042b0600000) (1024K)]
  0x00000199d338cd10 JavaThread "Unconstrained build operations Thread 12"        [_thread_blocked, id=26584, stack(0x00000042b0600000,0x00000042b0700000) (1024K)]
  0x00000199d338d3a0 JavaThread "Unconstrained build operations Thread 13"        [_thread_blocked, id=9404, stack(0x00000042b0700000,0x00000042b0800000) (1024K)]
  0x00000199d338c680 JavaThread "Unconstrained build operations Thread 14"        [_thread_blocked, id=25380, stack(0x00000042b0800000,0x00000042b0900000) (1024K)]
  0x00000199d338da30 JavaThread "Unconstrained build operations Thread 15"        [_thread_blocked, id=19300, stack(0x00000042b0900000,0x00000042b0a00000) (1024K)]
  0x00000199d338e0c0 JavaThread "Unconstrained build operations Thread 16"        [_thread_blocked, id=10044, stack(0x00000042b0a00000,0x00000042b0b00000) (1024K)]
  0x00000199d338b2d0 JavaThread "Unconstrained build operations Thread 17"        [_thread_blocked, id=13652, stack(0x00000042b0b00000,0x00000042b0c00000) (1024K)]
  0x00000199d338e750 JavaThread "Unconstrained build operations Thread 18"        [_thread_blocked, id=19572, stack(0x00000042b0c00000,0x00000042b0d00000) (1024K)]
  0x00000199d338ede0 JavaThread "Unconstrained build operations Thread 19"        [_thread_blocked, id=4728, stack(0x00000042b0d00000,0x00000042b0e00000) (1024K)]
  0x00000199d338b960 JavaThread "Unconstrained build operations Thread 20"        [_thread_blocked, id=12720, stack(0x00000042b0e00000,0x00000042b0f00000) (1024K)]
  0x00000199d338f470 JavaThread "Unconstrained build operations Thread 21"        [_thread_blocked, id=19056, stack(0x00000042b0f00000,0x00000042b1000000) (1024K)]
  0x00000199d338bff0 JavaThread "Unconstrained build operations Thread 22"        [_thread_blocked, id=24448, stack(0x00000042b1000000,0x00000042b1100000) (1024K)]
  0x00000199d3390820 JavaThread "Unconstrained build operations Thread 23"        [_thread_blocked, id=4080, stack(0x00000042b1100000,0x00000042b1200000) (1024K)]
  0x00000199d338fb00 JavaThread "Unconstrained build operations Thread 24"        [_thread_blocked, id=8180, stack(0x00000042b1200000,0x00000042b1300000) (1024K)]
  0x00000199d3390190 JavaThread "Unconstrained build operations Thread 25"        [_thread_blocked, id=9208, stack(0x00000042b1300000,0x00000042b1400000) (1024K)]
  0x00000199d223bcc0 JavaThread "Unconstrained build operations Thread 26"        [_thread_blocked, id=3060, stack(0x00000042b1400000,0x00000042b1500000) (1024K)]
  0x00000199d223b630 JavaThread "Unconstrained build operations Thread 27"        [_thread_blocked, id=24372, stack(0x00000042b1500000,0x00000042b1600000) (1024K)]
  0x00000199d223eab0 JavaThread "Unconstrained build operations Thread 28"        [_thread_blocked, id=22504, stack(0x00000042b1600000,0x00000042b1700000) (1024K)]
  0x00000199d223c350 JavaThread "Unconstrained build operations Thread 29"        [_thread_blocked, id=9708, stack(0x00000042b1700000,0x00000042b1800000) (1024K)]
  0x00000199d223f140 JavaThread "Unconstrained build operations Thread 30"        [_thread_blocked, id=23192, stack(0x00000042b1800000,0x00000042b1900000) (1024K)]
  0x00000199d223d700 JavaThread "Unconstrained build operations Thread 31"        [_thread_blocked, id=22312, stack(0x00000042b1900000,0x00000042b1a00000) (1024K)]
  0x00000199d223d070 JavaThread "Unconstrained build operations Thread 32"        [_thread_blocked, id=9056, stack(0x00000042b1a00000,0x00000042b1b00000) (1024K)]
  0x00000199d223e420 JavaThread "Unconstrained build operations Thread 33"        [_thread_blocked, id=16868, stack(0x00000042b1b00000,0x00000042b1c00000) (1024K)]
  0x00000199d223dd90 JavaThread "File lock release action executor"        [_thread_blocked, id=7988, stack(0x00000042b1c00000,0x00000042b1d00000) (1024K)]
  0x00000199d223c9e0 JavaThread "Memory manager"                    [_thread_blocked, id=7928, stack(0x00000042b1d00000,0x00000042b1e00000) (1024K)]
  0x00000199d2242c50 JavaThread "build event listener"              [_thread_blocked, id=9252, stack(0x00000042b1e00000,0x00000042b1f00000) (1024K)]
=>0x00000199d3ceda60 JavaThread "C2 CompilerThread1"         daemon [_thread_in_native, id=17056, stack(0x00000042af700000,0x00000042af800000) (1024K)]
Total: 71

Other Threads:
  0x00000199ca1eaa70 VMThread "VM Thread"                           [id=25644, stack(0x00000042acd00000,0x00000042ace00000) (1024K)]
  0x00000199ca021aa0 WatcherThread "VM Periodic Task Thread"        [id=364, stack(0x00000042acc00000,0x00000042acd00000) (1024K)]
  0x00000199afdb9b10 WorkerThread "GC Thread#0"                     [id=5460, stack(0x00000042ac700000,0x00000042ac800000) (1024K)]
  0x00000199ca7f4110 WorkerThread "GC Thread#1"                     [id=25888, stack(0x00000042ad900000,0x00000042ada00000) (1024K)]
  0x00000199ca7f44b0 WorkerThread "GC Thread#2"                     [id=24792, stack(0x00000042ada00000,0x00000042adb00000) (1024K)]
  0x00000199ca7f4850 WorkerThread "GC Thread#3"                     [id=25908, stack(0x00000042adb00000,0x00000042adc00000) (1024K)]
  0x00000199caa744a0 WorkerThread "GC Thread#4"                     [id=20728, stack(0x00000042adc00000,0x00000042add00000) (1024K)]
  0x00000199d02636b0 WorkerThread "GC Thread#5"                     [id=22860, stack(0x00000042ae700000,0x00000042ae800000) (1024K)]
  0x00000199d0246100 WorkerThread "GC Thread#6"                     [id=8360, stack(0x00000042ae800000,0x00000042ae900000) (1024K)]
  0x00000199d0600ed0 WorkerThread "GC Thread#7"                     [id=25580, stack(0x00000042ae900000,0x00000042aea00000) (1024K)]
  0x00000199d0601270 WorkerThread "GC Thread#8"                     [id=18180, stack(0x00000042aea00000,0x00000042aeb00000) (1024K)]
  0x00000199d0601610 WorkerThread "GC Thread#9"                     [id=15072, stack(0x00000042aeb00000,0x00000042aec00000) (1024K)]
  0x00000199afdcb840 ConcurrentGCThread "G1 Main Marker"            [id=26304, stack(0x00000042ac800000,0x00000042ac900000) (1024K)]
  0x00000199afdcc9f0 WorkerThread "G1 Conc#0"                       [id=13968, stack(0x00000042ac900000,0x00000042aca00000) (1024K)]
  0x00000199d0612900 WorkerThread "G1 Conc#1"                       [id=13568, stack(0x00000042aec00000,0x00000042aed00000) (1024K)]
  0x00000199d0612560 WorkerThread "G1 Conc#2"                       [id=22440, stack(0x00000042aed00000,0x00000042aee00000) (1024K)]
  0x00000199afe0e680 ConcurrentGCThread "G1 Refine#0"               [id=15620, stack(0x00000042aca00000,0x00000042acb00000) (1024K)]
  0x00000199c9ef7370 ConcurrentGCThread "G1 Service"                [id=22796, stack(0x00000042acb00000,0x00000042acc00000) (1024K)]
Total: 18

Threads with active compile tasks:
C2 CompilerThread0    26353 8370   !   4       java.net.URLClassLoader::defineClass (224 bytes)
C2 CompilerThread1    26353 8242 %     4       org.gradle.internal.instantiation.generator.AbstractClassGenerator::inspectType @ 107 (602 bytes)
Total: 2

VM state: not at safepoint (normal execution)

VM Mutex/Monitor currently owned by a thread: None

Heap address: 0x0000000700000000, size: 4096 MB, Compressed Oops mode: Zero based, Oop shift amount: 3

CDS archive(s) not mapped
Compressed class space mapped at: 0x0000000800000000-0x0000000840000000, reserved size: 1073741824
Narrow klass base: 0x0000000800000000, Narrow klass shift: 0, Narrow klass range: 0x40000000

GC Precious Log:
 CardTable entry size: 512
 Card Set container configuration: InlinePtr #cards 4 size 8 Array Of Cards #cards 16 size 48 Howl #buckets 8 coarsen threshold 3686 Howl Bitmap #cards 512 size 80 coarsen threshold 460 Card regions per heap region 1 cards per card region 4096
 CPUs: 12 total, 12 available
 Memory: 15712M
 Large Page Support: Disabled
 NUMA Support: Disabled
 Compressed Oops: Enabled (Zero based)
 Heap Region Size: 2M
 Heap Min Capacity: 8M
 Heap Initial Capacity: 246M
 Heap Max Capacity: 4G
 Pre-touch: Disabled
 Parallel Workers: 10
 Concurrent Workers: 3
 Concurrent Refinement Workers: 10
 Periodic GC: Disabled

Heap:
 garbage-first heap   total 116736K, used 94098K [0x0000000700000000, 0x0000000800000000)
  region size 2048K, 16 young (32768K), 2 survivors (4096K)
 Metaspace       used 82619K, committed 84608K, reserved 1179648K
  class space    used 11329K, committed 12352K, reserved 1048576K

Heap Regions: E=young(eden), S=young(survivor), O=old, HS=humongous(starts), HC=humongous(continues), CS=collection set, F=free, TAMS=top-at-mark-start, PB=parsable bottom
|   0|0x0000000700000000, 0x0000000700200000, 0x0000000700200000|100%|HS|  |TAMS 0x0000000700000000| PB 0x0000000700000000| Complete 
|   1|0x0000000700200000, 0x0000000700400000, 0x0000000700400000|100%|HC|  |TAMS 0x0000000700200000| PB 0x0000000700200000| Complete 
|   2|0x0000000700400000, 0x0000000700600000, 0x0000000700600000|100%| O|  |TAMS 0x0000000700400000| PB 0x0000000700400000| Untracked 
|   3|0x0000000700600000, 0x00000007007ff630, 0x0000000700800000| 99%| O|  |TAMS 0x0000000700600000| PB 0x0000000700600000| Untracked 
|   4|0x0000000700800000, 0x0000000700a00000, 0x0000000700a00000|100%| O|  |TAMS 0x0000000700800000| PB 0x0000000700800000| Untracked 
|   5|0x0000000700a00000, 0x0000000700c00000, 0x0000000700c00000|100%| O|  |TAMS 0x0000000700a00000| PB 0x0000000700a00000| Untracked 
|   6|0x0000000700c00000, 0x0000000700e00000, 0x0000000700e00000|100%| O|Cm|TAMS 0x0000000700c00000| PB 0x0000000700c00000| Complete 
|   7|0x0000000700e00000, 0x0000000701000000, 0x0000000701000000|100%| O|  |TAMS 0x0000000700e00000| PB 0x0000000700e00000| Untracked 
|   8|0x0000000701000000, 0x0000000701200000, 0x0000000701200000|100%| O|  |TAMS 0x0000000701000000| PB 0x0000000701000000| Untracked 
|   9|0x0000000701200000, 0x0000000701400000, 0x0000000701400000|100%| O|  |TAMS 0x0000000701200000| PB 0x0000000701200000| Untracked 
|  10|0x0000000701400000, 0x0000000701600000, 0x0000000701600000|100%| O|  |TAMS 0x0000000701400000| PB 0x0000000701400000| Untracked 
|  11|0x0000000701600000, 0x0000000701800000, 0x0000000701800000|100%| O|  |TAMS 0x0000000701600000| PB 0x0000000701600000| Untracked 
|  12|0x0000000701800000, 0x0000000701a00000, 0x0000000701a00000|100%| O|  |TAMS 0x0000000701800000| PB 0x0000000701800000| Untracked 
|  13|0x0000000701a00000, 0x0000000701c00000, 0x0000000701c00000|100%| O|  |TAMS 0x0000000701a00000| PB 0x0000000701a00000| Untracked 
|  14|0x0000000701c00000, 0x0000000701e00000, 0x0000000701e00000|100%| O|  |TAMS 0x0000000701c00000| PB 0x0000000701c00000| Untracked 
|  15|0x0000000701e00000, 0x0000000701e7c560, 0x0000000702000000| 24%| O|  |TAMS 0x0000000701e00000| PB 0x0000000701e00000| Untracked 
|  16|0x0000000702000000, 0x0000000702200000, 0x0000000702200000|100%| O|  |TAMS 0x0000000702000000| PB 0x0000000702000000| Untracked 
|  17|0x0000000702200000, 0x0000000702400000, 0x0000000702400000|100%| O|  |TAMS 0x0000000702200000| PB 0x0000000702200000| Untracked 
|  18|0x0000000702400000, 0x0000000702600000, 0x0000000702600000|100%| O|  |TAMS 0x0000000702400000| PB 0x0000000702400000| Untracked 
|  19|0x0000000702600000, 0x0000000702800000, 0x0000000702800000|100%|HS|  |TAMS 0x0000000702600000| PB 0x0000000702600000| Complete 
|  20|0x0000000702800000, 0x0000000702a00000, 0x0000000702a00000|100%|HS|  |TAMS 0x0000000702800000| PB 0x0000000702800000| Complete 
|  21|0x0000000702a00000, 0x0000000702c00000, 0x0000000702c00000|100%|HS|  |TAMS 0x0000000702a00000| PB 0x0000000702a00000| Complete 
|  22|0x0000000702c00000, 0x0000000702e00000, 0x0000000702e00000|100%|HC|  |TAMS 0x0000000702c00000| PB 0x0000000702c00000| Complete 
|  23|0x0000000702e00000, 0x0000000702e00000, 0x0000000703000000|  0%| F|  |TAMS 0x0000000702e00000| PB 0x0000000702e00000| Untracked 
|  24|0x0000000703000000, 0x0000000703200000, 0x0000000703200000|100%| O|  |TAMS 0x0000000703000000| PB 0x0000000703000000| Untracked 
|  25|0x0000000703200000, 0x0000000703400000, 0x0000000703400000|100%| O|  |TAMS 0x0000000703200000| PB 0x0000000703200000| Untracked 
|  26|0x0000000703400000, 0x0000000703600000, 0x0000000703600000|100%|HS|  |TAMS 0x0000000703400000| PB 0x0000000703400000| Complete 
|  27|0x0000000703600000, 0x0000000703800000, 0x0000000703800000|100%|HC|  |TAMS 0x0000000703600000| PB 0x0000000703600000| Complete 
|  28|0x0000000703800000, 0x0000000703800000, 0x0000000703a00000|  0%| F|  |TAMS 0x0000000703800000| PB 0x0000000703800000| Untracked 
|  29|0x0000000703a00000, 0x0000000703a00000, 0x0000000703c00000|  0%| F|  |TAMS 0x0000000703a00000| PB 0x0000000703a00000| Untracked 
|  30|0x0000000703c00000, 0x0000000703c00000, 0x0000000703e00000|  0%| F|  |TAMS 0x0000000703c00000| PB 0x0000000703c00000| Untracked 
|  31|0x0000000703e00000, 0x0000000703e00000, 0x0000000704000000|  0%| F|  |TAMS 0x0000000703e00000| PB 0x0000000703e00000| Untracked 
|  32|0x0000000704000000, 0x0000000704000000, 0x0000000704200000|  0%| F|  |TAMS 0x0000000704000000| PB 0x0000000704000000| Untracked 
|  33|0x0000000704200000, 0x0000000704200000, 0x0000000704400000|  0%| F|  |TAMS 0x0000000704200000| PB 0x0000000704200000| Untracked 
|  34|0x0000000704400000, 0x0000000704400000, 0x0000000704600000|  0%| F|  |TAMS 0x0000000704400000| PB 0x0000000704400000| Untracked 
|  35|0x0000000704600000, 0x0000000704600000, 0x0000000704800000|  0%| F|  |TAMS 0x0000000704600000| PB 0x0000000704600000| Untracked 
|  36|0x0000000704800000, 0x0000000704a00000, 0x0000000704a00000|100%| E|  |TAMS 0x0000000704800000| PB 0x0000000704800000| Complete 
|  37|0x0000000704a00000, 0x0000000704c00000, 0x0000000704c00000|100%| E|CS|TAMS 0x0000000704a00000| PB 0x0000000704a00000| Complete 
|  38|0x0000000704c00000, 0x0000000704d68e80, 0x0000000704e00000| 70%| S|CS|TAMS 0x0000000704c00000| PB 0x0000000704c00000| Complete 
|  39|0x0000000704e00000, 0x0000000705000000, 0x0000000705000000|100%| S|CS|TAMS 0x0000000704e00000| PB 0x0000000704e00000| Complete 
|  40|0x0000000705000000, 0x0000000705200000, 0x0000000705200000|100%| E|CS|TAMS 0x0000000705000000| PB 0x0000000705000000| Complete 
|  41|0x0000000705200000, 0x0000000705400000, 0x0000000705400000|100%| E|CS|TAMS 0x0000000705200000| PB 0x0000000705200000| Complete 
|  42|0x0000000705400000, 0x0000000705600000, 0x0000000705600000|100%| E|CS|TAMS 0x0000000705400000| PB 0x0000000705400000| Complete 
|  43|0x0000000705600000, 0x0000000705800000, 0x0000000705800000|100%| E|CS|TAMS 0x0000000705600000| PB 0x0000000705600000| Complete 
|  79|0x0000000709e00000, 0x000000070a000000, 0x000000070a000000|100%| E|CS|TAMS 0x0000000709e00000| PB 0x0000000709e00000| Complete 
|  80|0x000000070a000000, 0x000000070a200000, 0x000000070a200000|100%| E|CS|TAMS 0x000000070a000000| PB 0x000000070a000000| Complete 
|  81|0x000000070a200000, 0x000000070a400000, 0x000000070a400000|100%| E|CS|TAMS 0x000000070a200000| PB 0x000000070a200000| Complete 
|  82|0x000000070a400000, 0x000000070a600000, 0x000000070a600000|100%| E|CS|TAMS 0x000000070a400000| PB 0x000000070a400000| Complete 
|  83|0x000000070a600000, 0x000000070a800000, 0x000000070a800000|100%| E|CS|TAMS 0x000000070a600000| PB 0x000000070a600000| Complete 
|  84|0x000000070a800000, 0x000000070aa00000, 0x000000070aa00000|100%| E|CS|TAMS 0x000000070a800000| PB 0x000000070a800000| Complete 
| 122|0x000000070f400000, 0x000000070f600000, 0x000000070f600000|100%| E|CS|TAMS 0x000000070f400000| PB 0x000000070f400000| Complete 
|2042|0x00000007ff400000, 0x00000007ff600000, 0x00000007ff600000|100%| O|  |TAMS 0x00000007ff400000| PB 0x00000007ff400000| Untracked 
|2043|0x00000007ff600000, 0x00000007ff800000, 0x00000007ff800000|100%| E|CS|TAMS 0x00000007ff600000| PB 0x00000007ff600000| Complete 
|2044|0x00000007ff800000, 0x00000007ffa00000, 0x00000007ffa00000|100%| O|  |TAMS 0x00000007ff800000| PB 0x00000007ff800000| Untracked 
|2045|0x00000007ffa00000, 0x00000007ffc00000, 0x00000007ffc00000|100%| O|  |TAMS 0x00000007ffa00000| PB 0x00000007ffa00000| Untracked 
|2046|0x00000007ffc00000, 0x00000007ffe00000, 0x00000007ffe00000|100%| O|  |TAMS 0x00000007ffc00000| PB 0x00000007ffc00000| Untracked 
|2047|0x00000007ffe00000, 0x0000000800000000, 0x0000000800000000|100%| O|  |TAMS 0x00000007ffe00000| PB 0x00000007ffe00000| Untracked 

Card table byte_map: [0x00000199c2bf0000,0x00000199c33f0000] _byte_map_base: 0x00000199bf3f0000

Marking Bits: (CMBitMap*) 0x00000199afdba120
 Bits: [0x00000199c33f0000, 0x00000199c73f0000)

Polling page: 0x00000199adc10000

Metaspace:

Usage:
  Non-class:     69.62 MB used.
      Class:     11.06 MB used.
       Both:     80.68 MB used.

Virtual space:
  Non-class space:      128.00 MB reserved,      70.56 MB ( 55%) committed,  2 nodes.
      Class space:        1.00 GB reserved,      12.06 MB (  1%) committed,  1 nodes.
             Both:        1.12 GB reserved,      82.62 MB (  7%) committed. 

Chunk freelists:
   Non-Class:  9.40 MB
       Class:  3.93 MB
        Both:  13.33 MB

MaxMetaspaceSize: unlimited
CompressedClassSpaceSize: 1.00 GB
Initial GC threshold: 21.00 MB
Current GC threshold: 132.94 MB
CDS: off
 - commit_granule_bytes: 65536.
 - commit_granule_words: 8192.
 - virtual_space_node_default_size: 8388608.
 - enlarge_chunks_in_place: 1.
 - use_allocation_guard: 0.


Internal statistics:

num_allocs_failed_limit: 9.
num_arena_births: 3688.
num_arena_deaths: 0.
num_vsnodes_births: 3.
num_vsnodes_deaths: 0.
num_space_committed: 1322.
num_space_uncommitted: 0.
num_chunks_returned_to_freelist: 9.
num_chunks_taken_from_freelist: 7183.
num_chunk_merges: 6.
num_chunk_splits: 4663.
num_chunks_enlarged: 2924.
num_inconsistent_stats: 0.

CodeHeap 'non-profiled nmethods': size=120000Kb used=4051Kb max_used=4051Kb free=115948Kb
 bounds [0x00000199ba960000, 0x00000199bad60000, 0x00000199c1e90000]
CodeHeap 'profiled nmethods': size=120000Kb used=13453Kb max_used=13453Kb free=106547Kb
 bounds [0x00000199b2e90000, 0x00000199b3bc0000, 0x00000199ba3c0000]
CodeHeap 'non-nmethods': size=5760Kb used=2797Kb max_used=2842Kb free=2962Kb
 bounds [0x00000199ba3c0000, 0x00000199ba690000, 0x00000199ba960000]
 total_blobs=8037 nmethods=7109 adapters=831
 compilation: enabled
              stopped_count=0, restarted_count=0
 full_count=0

Compilation events (20 events):
Event: 26.208 Thread 0x00000199ca2a7800 8385       3       org.gradle.api.internal.provider.ValueState::finalizeOnReadIfNeeded (23 bytes)
Event: 26.208 Thread 0x00000199ca2a7800 nmethod 8385 0x00000199b3ba8790 code [0x00000199b3ba8960, 0x00000199b3ba8d20]
Event: 26.208 Thread 0x00000199ca2a7800 8386       3       org.gradle.api.internal.provider.AbstractProperty::beforeRead (11 bytes)
Event: 26.209 Thread 0x00000199ca2a7800 nmethod 8386 0x00000199b3ba8e10 code [0x00000199b3ba8fc0, 0x00000199b3ba9108]
Event: 26.209 Thread 0x00000199ca2a7800 8388       3       org.gradle.api.internal.provider.ValueSupplier$Value::ofNullable (23 bytes)
Event: 26.209 Thread 0x00000199ca2a7800 nmethod 8388 0x00000199b3ba9190 code [0x00000199b3ba9360, 0x00000199b3ba9758]
Event: 26.209 Thread 0x00000199ca2a7800 8387       3       org.gradle.api.internal.provider.AbstractProperty::beforeRead (21 bytes)
Event: 26.210 Thread 0x00000199ca2a7800 nmethod 8387 0x00000199b3ba9910 code [0x00000199b3ba9b60, 0x00000199b3baa6b0]
Event: 26.210 Thread 0x00000199ca2a7800 8389       3       org.gradle.api.internal.provider.ValueState$NonFinalizedValue::maybeFinalizeOnRead (66 bytes)
Event: 26.211 Thread 0x00000199ca2a7800 nmethod 8389 0x00000199b3baaa10 code [0x00000199b3baac00, 0x00000199b3bab0e0]
Event: 26.211 Thread 0x00000199ca2a7800 8390   !   3       org.gradle.api.internal.provider.AbstractProperty::calculateOwnValue (54 bytes)
Event: 26.212 Thread 0x00000199ca2a7800 nmethod 8390 0x00000199b3bab290 code [0x00000199b3bab4e0, 0x00000199b3babdb0]
Event: 26.212 Thread 0x00000199ca2a7800 8391  s    3       org.gradle.internal.event.ListenerBroadcast::getSource (35 bytes)
Event: 26.212 Thread 0x00000199ca2a7800 nmethod 8391 0x00000199b3bac190 code [0x00000199b3bac340, 0x00000199b3bac740]
Event: 26.212 Thread 0x00000199ca2a7800 8392       3       org.gradle.api.internal.provider.DefaultProperty::set (42 bytes)
Event: 26.213 Thread 0x00000199ca2a7800 nmethod 8392 0x00000199b3bac890 code [0x00000199b3bacb00, 0x00000199b3bad8c0]
Event: 26.229 Thread 0x00000199ca2a7800 8393       1       org.jetbrains.kotlin.gradle.plugin.KotlinPluginLifecycleImpl::getProject (5 bytes)
Event: 26.229 Thread 0x00000199ca2a7800 nmethod 8393 0x00000199bad54210 code [0x00000199bad543a0, 0x00000199bad54470]
Event: 26.254 Thread 0x00000199ca2a7800 8394       3       java.util.concurrent.ConcurrentHashMap::values (25 bytes)
Event: 26.254 Thread 0x00000199ca2a7800 nmethod 8394 0x00000199b3badc90 code [0x00000199b3bade60, 0x00000199b3bae210]

GC Heap History (20 events):
Event: 17.791 GC heap before
{Heap before GC invocations=15 (full 0):
 garbage-first heap   total 90112K, used 75514K [0x0000000700000000, 0x0000000800000000)
  region size 2048K, 19 young (38912K), 2 survivors (4096K)
 Metaspace       used 61921K, committed 63616K, reserved 1114112K
  class space    used 8415K, committed 9280K, reserved 1048576K
}
Event: 17.798 GC heap after
{Heap after GC invocations=16 (full 0):
 garbage-first heap   total 90112K, used 44879K [0x0000000700000000, 0x0000000800000000)
  region size 2048K, 2 young (4096K), 2 survivors (4096K)
 Metaspace       used 61921K, committed 63616K, reserved 1114112K
  class space    used 8415K, committed 9280K, reserved 1048576K
}
Event: 18.995 GC heap before
{Heap before GC invocations=16 (full 0):
 garbage-first heap   total 90112K, used 77647K [0x0000000700000000, 0x0000000800000000)
  region size 2048K, 18 young (36864K), 2 survivors (4096K)
 Metaspace       used 63164K, committed 64832K, reserved 1114112K
  class space    used 8569K, committed 9408K, reserved 1048576K
}
Event: 19.003 GC heap after
{Heap after GC invocations=17 (full 0):
 garbage-first heap   total 90112K, used 47779K [0x0000000700000000, 0x0000000800000000)
  region size 2048K, 3 young (6144K), 3 survivors (6144K)
 Metaspace       used 63164K, committed 64832K, reserved 1114112K
  class space    used 8569K, committed 9408K, reserved 1048576K
}
Event: 19.726 GC heap before
{Heap before GC invocations=17 (full 0):
 garbage-first heap   total 90112K, used 74403K [0x0000000700000000, 0x0000000800000000)
  region size 2048K, 17 young (34816K), 3 survivors (6144K)
 Metaspace       used 65643K, committed 67456K, reserved 1114112K
  class space    used 8977K, committed 9920K, reserved 1048576K
}
Event: 19.733 GC heap after
{Heap after GC invocations=18 (full 0):
 garbage-first heap   total 90112K, used 49528K [0x0000000700000000, 0x0000000800000000)
  region size 2048K, 2 young (4096K), 2 survivors (4096K)
 Metaspace       used 65643K, committed 67456K, reserved 1114112K
  class space    used 8977K, committed 9920K, reserved 1048576K
}
Event: 20.479 GC heap before
{Heap before GC invocations=19 (full 0):
 garbage-first heap   total 90112K, used 86392K [0x0000000700000000, 0x0000000800000000)
  region size 2048K, 16 young (32768K), 2 survivors (4096K)
 Metaspace       used 68391K, committed 70272K, reserved 1114112K
  class space    used 9386K, committed 10304K, reserved 1048576K
}
Event: 20.484 GC heap after
{Heap after GC invocations=20 (full 0):
 garbage-first heap   total 96256K, used 60441K [0x0000000700000000, 0x0000000800000000)
  region size 2048K, 2 young (4096K), 2 survivors (4096K)
 Metaspace       used 68391K, committed 70272K, reserved 1114112K
  class space    used 9386K, committed 10304K, reserved 1048576K
}
Event: 21.013 GC heap before
{Heap before GC invocations=20 (full 0):
 garbage-first heap   total 96256K, used 82969K [0x0000000700000000, 0x0000000800000000)
  region size 2048K, 13 young (26624K), 2 survivors (4096K)
 Metaspace       used 71033K, committed 72896K, reserved 1114112K
  class space    used 9734K, committed 10688K, reserved 1048576K
}
Event: 21.017 GC heap after
{Heap after GC invocations=21 (full 0):
 garbage-first heap   total 96256K, used 60307K [0x0000000700000000, 0x0000000800000000)
  region size 2048K, 1 young (2048K), 1 survivors (2048K)
 Metaspace       used 71033K, committed 72896K, reserved 1114112K
  class space    used 9734K, committed 10688K, reserved 1048576K
}
Event: 21.706 GC heap before
{Heap before GC invocations=21 (full 0):
 garbage-first heap   total 96256K, used 84883K [0x0000000700000000, 0x0000000800000000)
  region size 2048K, 13 young (26624K), 1 survivors (2048K)
 Metaspace       used 74168K, committed 76096K, reserved 1114112K
  class space    used 10162K, committed 11136K, reserved 1048576K
}
Event: 21.711 GC heap after
{Heap after GC invocations=22 (full 0):
 garbage-first heap   total 96256K, used 61293K [0x0000000700000000, 0x0000000800000000)
  region size 2048K, 1 young (2048K), 1 survivors (2048K)
 Metaspace       used 74168K, committed 76096K, reserved 1114112K
  class space    used 10162K, committed 11136K, reserved 1048576K
}
Event: 22.244 GC heap before
{Heap before GC invocations=23 (full 0):
 garbage-first heap   total 106496K, used 81773K [0x0000000700000000, 0x0000000800000000)
  region size 2048K, 12 young (24576K), 1 survivors (2048K)
 Metaspace       used 75950K, committed 77888K, reserved 1179648K
  class space    used 10391K, committed 11392K, reserved 1048576K
}
Event: 22.248 GC heap after
{Heap after GC invocations=24 (full 0):
 garbage-first heap   total 106496K, used 62476K [0x0000000700000000, 0x0000000800000000)
  region size 2048K, 2 young (4096K), 2 survivors (4096K)
 Metaspace       used 75950K, committed 77888K, reserved 1179648K
  class space    used 10391K, committed 11392K, reserved 1048576K
}
Event: 22.929 GC heap before
{Heap before GC invocations=24 (full 0):
 garbage-first heap   total 106496K, used 93196K [0x0000000700000000, 0x0000000800000000)
  region size 2048K, 16 young (32768K), 2 survivors (4096K)
 Metaspace       used 77841K, committed 79744K, reserved 1179648K
  class space    used 10654K, committed 11648K, reserved 1048576K
}
Event: 22.936 GC heap after
{Heap after GC invocations=25 (full 0):
 garbage-first heap   total 106496K, used 65068K [0x0000000700000000, 0x0000000800000000)
  region size 2048K, 2 young (4096K), 2 survivors (4096K)
 Metaspace       used 77841K, committed 79744K, reserved 1179648K
  class space    used 10654K, committed 11648K, reserved 1048576K
}
Event: 23.709 GC heap before
{Heap before GC invocations=25 (full 0):
 garbage-first heap   total 106496K, used 91692K [0x0000000700000000, 0x0000000800000000)
  region size 2048K, 15 young (30720K), 2 survivors (4096K)
 Metaspace       used 79632K, committed 81600K, reserved 1179648K
  class space    used 10922K, committed 11904K, reserved 1048576K
}
Event: 23.714 GC heap after
{Heap after GC invocations=26 (full 0):
 garbage-first heap   total 106496K, used 66103K [0x0000000700000000, 0x0000000800000000)
  region size 2048K, 2 young (4096K), 2 survivors (4096K)
 Metaspace       used 79632K, committed 81600K, reserved 1179648K
  class space    used 10922K, committed 11904K, reserved 1048576K
}
Event: 25.145 GC heap before
{Heap before GC invocations=27 (full 0):
 garbage-first heap   total 116736K, used 88631K [0x0000000700000000, 0x0000000800000000)
  region size 2048K, 14 young (28672K), 2 survivors (4096K)
 Metaspace       used 80411K, committed 82368K, reserved 1179648K
  class space    used 11025K, committed 12032K, reserved 1048576K
}
Event: 25.152 GC heap after
{Heap after GC invocations=28 (full 0):
 garbage-first heap   total 116736K, used 67474K [0x0000000700000000, 0x0000000800000000)
  region size 2048K, 2 young (4096K), 2 survivors (4096K)
 Metaspace       used 80411K, committed 82368K, reserved 1179648K
  class space    used 11025K, committed 12032K, reserved 1048576K
}

Dll operation events (3 events):
Event: 0.018 Loaded shared library D:\Android Studio\jbr\bin\java.dll
Event: 0.029 Loaded shared library D:\Android Studio\jbr\bin\zip.dll
Event: 1.135 Loaded shared library D:\Android Studio\jbr\bin\verify.dll

Deoptimization events (20 events):
Event: 25.706 Thread 0x00000199d02e5020 Uncommon trap: trap_request=0xffffff45 fr.pc=0x00000199bacd27a8 relative=0x0000000000000728
Event: 25.706 Thread 0x00000199d02e5020 Uncommon trap: reason=unstable_if action=reinterpret pc=0x00000199bacd27a8 method=sun.reflect.annotation.AnnotationInvocationHandler.invoke(Ljava/lang/Object;Ljava/lang/reflect/Method;[Ljava/lang/Object;)Ljava/lang/Object; @ 15 c2
Event: 25.706 Thread 0x00000199d02e5020 DEOPT PACKING pc=0x00000199bacd27a8 sp=0x00000042ae3f4c10
Event: 25.706 Thread 0x00000199d02e5020 DEOPT UNPACKING pc=0x00000199ba4146a2 sp=0x00000042ae3f4bd8 mode 2
Event: 25.929 Thread 0x00000199d02e5020 Uncommon trap: trap_request=0xffffffde fr.pc=0x00000199baacd15c relative=0x0000000000003c1c
Event: 25.929 Thread 0x00000199d02e5020 Uncommon trap: reason=class_check action=maybe_recompile pc=0x00000199baacd15c method=java.net.URLClassLoader.defineClass(Ljava/lang/String;Ljdk/internal/loader/Resource;)Ljava/lang/Class; @ 34 c2
Event: 25.929 Thread 0x00000199d02e5020 DEOPT PACKING pc=0x00000199baacd15c sp=0x00000042ae3f5cd0
Event: 25.929 Thread 0x00000199d02e5020 DEOPT UNPACKING pc=0x00000199ba4146a2 sp=0x00000042ae3f5cc8 mode 2
Event: 25.929 Thread 0x00000199d02e5020 Uncommon trap: trap_request=0xffffff45 fr.pc=0x00000199bac5fd28 relative=0x00000000000019c8
Event: 25.929 Thread 0x00000199d02e5020 Uncommon trap: reason=unstable_if action=reinterpret pc=0x00000199bac5fd28 method=java.net.URLClassLoader.getAndVerifyPackage(Ljava/lang/String;Ljava/util/jar/Manifest;Ljava/net/URL;)Ljava/lang/Package; @ 62 c2
Event: 25.929 Thread 0x00000199d02e5020 DEOPT PACKING pc=0x00000199bac5fd28 sp=0x00000042ae3f5c30
Event: 25.929 Thread 0x00000199d02e5020 DEOPT UNPACKING pc=0x00000199ba4146a2 sp=0x00000042ae3f5c48 mode 2
Event: 25.936 Thread 0x00000199d02e5020 Uncommon trap: trap_request=0xffffffde fr.pc=0x00000199baacd15c relative=0x0000000000003c1c
Event: 25.936 Thread 0x00000199d02e5020 Uncommon trap: reason=class_check action=maybe_recompile pc=0x00000199baacd15c method=java.net.URLClassLoader.defineClass(Ljava/lang/String;Ljdk/internal/loader/Resource;)Ljava/lang/Class; @ 34 c2
Event: 25.936 Thread 0x00000199d02e5020 DEOPT PACKING pc=0x00000199baacd15c sp=0x00000042ae3f5cd0
Event: 25.936 Thread 0x00000199d02e5020 DEOPT UNPACKING pc=0x00000199ba4146a2 sp=0x00000042ae3f5cc8 mode 2
Event: 25.978 Thread 0x00000199d02e5020 Uncommon trap: trap_request=0xffffffde fr.pc=0x00000199baacd15c relative=0x0000000000003c1c
Event: 25.978 Thread 0x00000199d02e5020 Uncommon trap: reason=class_check action=maybe_recompile pc=0x00000199baacd15c method=java.net.URLClassLoader.defineClass(Ljava/lang/String;Ljdk/internal/loader/Resource;)Ljava/lang/Class; @ 34 c2
Event: 25.978 Thread 0x00000199d02e5020 DEOPT PACKING pc=0x00000199baacd15c sp=0x00000042ae3f5cd0
Event: 25.978 Thread 0x00000199d02e5020 DEOPT UNPACKING pc=0x00000199ba4146a2 sp=0x00000042ae3f5cc8 mode 2

Classes loaded (20 events):
Event: 25.585 Loading class java/util/concurrent/ConcurrentSkipListMap$KeySet
Event: 25.585 Loading class java/util/concurrent/ConcurrentSkipListMap$KeySet done
Event: 25.585 Loading class java/util/concurrent/ConcurrentSkipListMap$KeyIterator
Event: 25.585 Loading class java/util/concurrent/ConcurrentSkipListMap$KeyIterator done
Event: 25.586 Loading class java/net/InetAddress$NameServiceAddresses
Event: 25.586 Loading class java/net/InetAddress$Addresses
Event: 25.586 Loading class java/net/InetAddress$Addresses done
Event: 25.586 Loading class java/net/InetAddress$NameServiceAddresses done
Event: 25.586 Loading class java/net/spi/InetAddressResolverProvider
Event: 25.586 Loading class java/net/spi/InetAddressResolverProvider done
Event: 25.597 Loading class sun/net/InetAddressCachePolicy
Event: 25.597 Loading class sun/net/InetAddressCachePolicy done
Event: 25.597 Loading class sun/net/InetAddressCachePolicy$1
Event: 25.598 Loading class sun/net/InetAddressCachePolicy$1 done
Event: 25.598 Loading class java/net/InetAddress$CachedLookup
Event: 25.598 Loading class java/net/InetAddress$CachedLookup done
Event: 25.598 Loading class java/net/InetAddress$CachedLocalHost
Event: 25.598 Loading class java/net/InetAddress$CachedLocalHost done
Event: 25.706 Loading class sun/reflect/annotation/AnnotationInvocationHandler$1
Event: 25.709 Loading class sun/reflect/annotation/AnnotationInvocationHandler$1 done

Classes unloaded (0 events):
No events

Classes redefined (0 events):
No events

Internal exceptions (20 events):
Event: 21.280 Thread 0x00000199d02e5020 Exception <a 'java/lang/IncompatibleClassChangeError'{0x000000070a319408}: Found class java.lang.Object, but interface was expected> (0x000000070a319408) 
thrown [s\src\hotspot\share\interpreter\linkResolver.cpp, line 851]
Event: 21.685 Thread 0x00000199d02e5020 Implicit null exception at 0x00000199bad1a920 to 0x00000199bad1b1c8
Event: 21.689 Thread 0x00000199d02e5020 Implicit null exception at 0x00000199baca553d to 0x00000199baca5a04
Event: 21.689 Thread 0x00000199d02e5020 Implicit null exception at 0x00000199baca683f to 0x00000199baca6d04
Event: 22.911 Thread 0x00000199d02e5020 Exception <a 'java/lang/NoSuchMethodError'{0x0000000703d8bbc8}: static Lorg/jetbrains/kotlin/gradle/plugin/internal/DefaultIdeaSyncDetector$createIdeaPropertiesEvaluator$1;.<clinit>()V> (0x0000000703d8bbc8) 
thrown [s\src\hotspot\share\prims\jni.cpp, line 1135]
Event: 23.155 Thread 0x00000199d02e5020 Exception <a 'java/lang/ClassNotFoundException'{0x000000070a63d660}: sun/misc/SharedSecrets> (0x000000070a63d660) 
thrown [s\src\hotspot\share\classfile\systemDictionary.cpp, line 312]
Event: 23.155 Thread 0x00000199d02e5020 Exception <a 'java/lang/ClassNotFoundException'{0x000000070a643b70}: org/jetbrains/kotlin/gradle/targets/js/npm/DefaultNpmDependencyExtensionBeanInfo> (0x000000070a643b70) 
thrown [s\src\hotspot\share\classfile\systemDictionary.cpp, line 312]
Event: 23.156 Thread 0x00000199d02e5020 Exception <a 'java/lang/ClassNotFoundException'{0x000000070a6529b0}: org/jetbrains/kotlin/gradle/targets/js/npm/DefaultNpmDependencyExtensionCustomizer> (0x000000070a6529b0) 
thrown [s\src\hotspot\share\classfile\systemDictionary.cpp, line 312]
Event: 23.178 Thread 0x00000199d02e5020 Exception <a 'java/lang/ClassNotFoundException'{0x000000070a6f97a0}: org/jetbrains/kotlin/gradle/targets/js/npm/NpmDependencyExtensionKt$defaultNpmDependencyDelegate$1BeanInfo> (0x000000070a6f97a0) 
thrown [s\src\hotspot\share\classfile\systemDictionary.cpp, line 312]
Event: 23.178 Thread 0x00000199d02e5020 Exception <a 'java/lang/ClassNotFoundException'{0x000000070a708620}: org/jetbrains/kotlin/gradle/targets/js/npm/NpmDependencyExtensionDelegateBeanInfo> (0x000000070a708620) 
thrown [s\src\hotspot\share\classfile\systemDictionary.cpp, line 312]
Event: 23.179 Thread 0x00000199d02e5020 Exception <a 'java/lang/ClassNotFoundException'{0x000000070a717470}: org/jetbrains/kotlin/gradle/targets/js/npm/NpmDependencyExtensionDelegateCustomizer> (0x000000070a717470) 
thrown [s\src\hotspot\share\classfile\systemDictionary.cpp, line 312]
Event: 23.182 Thread 0x00000199d02e5020 Exception <a 'java/lang/ClassNotFoundException'{0x000000070a751ab0}: org/jetbrains/kotlin/gradle/targets/js/npm/NpmDependencyExtensionKt$defaultNpmDependencyDelegate$1Customizer> (0x000000070a751ab0) 
thrown [s\src\hotspot\share\classfile\systemDictionary.cpp, line 312]
Event: 23.189 Thread 0x00000199d02e5020 Exception <a 'java/lang/ClassNotFoundException'{0x000000070a79dd78}: org/jetbrains/kotlin/gradle/targets/js/npm/DefaultDevNpmDependencyExtensionBeanInfo> (0x000000070a79dd78) 
thrown [s\src\hotspot\share\classfile\systemDictionary.cpp, line 312]
Event: 23.190 Thread 0x00000199d02e5020 Exception <a 'java/lang/ClassNotFoundException'{0x000000070a7ace20}: org/jetbrains/kotlin/gradle/targets/js/npm/DefaultDevNpmDependencyExtensionCustomizer> (0x000000070a7ace20) 
thrown [s\src\hotspot\share\classfile\systemDictionary.cpp, line 312]
Event: 23.199 Thread 0x00000199d02e5020 Exception <a 'java/lang/ClassNotFoundException'{0x000000070a403a50}: org/jetbrains/kotlin/gradle/targets/js/npm/DefaultPeerNpmDependencyExtensionBeanInfo> (0x000000070a403a50) 
thrown [s\src\hotspot\share\classfile\systemDictionary.cpp, line 312]
Event: 23.199 Thread 0x00000199d02e5020 Exception <a 'java/lang/ClassNotFoundException'{0x000000070a4128b0}: org/jetbrains/kotlin/gradle/targets/js/npm/DefaultPeerNpmDependencyExtensionCustomizer> (0x000000070a4128b0) 
thrown [s\src\hotspot\share\classfile\systemDictionary.cpp, line 312]
Event: 23.206 Thread 0x00000199d02e5020 Exception <a 'java/lang/ClassNotFoundException'{0x000000070a476168}: org/jetbrains/kotlin/gradle/targets/js/npm/DefaultPeerNpmDependencyExtension$delegate$1BeanInfo> (0x000000070a476168) 
thrown [s\src\hotspot\share\classfile\systemDictionary.cpp, line 312]
Event: 23.211 Thread 0x00000199d02e5020 Exception <a 'java/lang/ClassNotFoundException'{0x000000070a4850b8}: org/jetbrains/kotlin/gradle/targets/js/npm/DefaultPeerNpmDependencyExtension$delegate$1Customizer> (0x000000070a4850b8) 
thrown [s\src\hotspot\share\classfile\systemDictionary.cpp, line 312]
Event: 23.651 Thread 0x00000199d02e5020 Exception <a 'java/lang/NoSuchMethodError'{0x0000000704483308}: 'int java.lang.invoke.DirectMethodHandle$Holder.invokeSpecialIFC(java.lang.Object, java.lang.Object, java.lang.Object, java.lang.Object, java.lang.Object)'> (0x0000000704483308) 
thrown [s\src\hotspot\share\interpreter\linkResolver.cpp, line 784]
Event: 26.015 Thread 0x00000199d02e5020 Exception <a 'java/lang/NoSuchMethodError'{0x00000007055eb8d8}: 'void java.lang.invoke.DirectMethodHandle$Holder.invokeInterface(java.lang.Object, java.lang.Object, java.lang.Object, java.lang.Object)'> (0x00000007055eb8d8) 
thrown [s\src\hotspot\share\interpreter\linkResolver.cpp, line 784]

ZGC Phase Switch (0 events):
No events

VM Operations (20 events):
Event: 21.761 Executing VM operation: G1PauseRemark
Event: 21.765 Executing VM operation: G1PauseRemark done
Event: 21.785 Executing VM operation: G1PauseCleanup
Event: 21.785 Executing VM operation: G1PauseCleanup done
Event: 22.244 Executing VM operation: G1CollectForAllocation (G1 Evacuation Pause)
Event: 22.248 Executing VM operation: G1CollectForAllocation (G1 Evacuation Pause) done
Event: 22.929 Executing VM operation: G1CollectForAllocation (G1 Evacuation Pause)
Event: 22.936 Executing VM operation: G1CollectForAllocation (G1 Evacuation Pause) done
Event: 23.709 Executing VM operation: G1CollectForAllocation (G1 Evacuation Pause)
Event: 23.714 Executing VM operation: G1CollectForAllocation (G1 Evacuation Pause) done
Event: 23.769 Executing VM operation: G1PauseRemark
Event: 23.791 Executing VM operation: G1PauseRemark done
Event: 23.811 Executing VM operation: G1PauseCleanup
Event: 23.811 Executing VM operation: G1PauseCleanup done
Event: 24.823 Executing VM operation: Cleanup
Event: 24.823 Executing VM operation: Cleanup done
Event: 25.145 Executing VM operation: G1CollectForAllocation (G1 Evacuation Pause)
Event: 25.152 Executing VM operation: G1CollectForAllocation (G1 Evacuation Pause) done
Event: 25.827 Executing VM operation: HandshakeAllThreads (Deoptimize)
Event: 25.827 Executing VM operation: HandshakeAllThreads (Deoptimize) done

Memory protections (0 events):
No events

Nmethod flushes (20 events):
Event: 23.789 Thread 0x00000199ca1eaa70 flushing  nmethod 0x00000199baa42a90
Event: 23.789 Thread 0x00000199ca1eaa70 flushing  nmethod 0x00000199baa99010
Event: 23.789 Thread 0x00000199ca1eaa70 flushing  nmethod 0x00000199b2eb6b90
Event: 23.789 Thread 0x00000199ca1eaa70 flushing  nmethod 0x00000199b30e5a10
Event: 23.789 Thread 0x00000199ca1eaa70 flushing  nmethod 0x00000199b30e5d90
Event: 23.789 Thread 0x00000199ca1eaa70 flushing  nmethod 0x00000199b3262910
Event: 23.789 Thread 0x00000199ca1eaa70 flushing  nmethod 0x00000199b3309a90
Event: 23.789 Thread 0x00000199ca1eaa70 flushing  nmethod 0x00000199b330c990
Event: 23.789 Thread 0x00000199ca1eaa70 flushing  nmethod 0x00000199b34fe090
Event: 23.789 Thread 0x00000199ca1eaa70 flushing  nmethod 0x00000199b34fe710
Event: 23.789 Thread 0x00000199ca1eaa70 flushing  nmethod 0x00000199b35af110
Event: 23.789 Thread 0x00000199ca1eaa70 flushing  nmethod 0x00000199b390ae10
Event: 23.789 Thread 0x00000199ca1eaa70 flushing  nmethod 0x00000199b390d710
Event: 23.789 Thread 0x00000199ca1eaa70 flushing  nmethod 0x00000199b3051410
Event: 23.789 Thread 0x00000199ca1eaa70 flushing  nmethod 0x00000199b31a1e90
Event: 23.789 Thread 0x00000199ca1eaa70 flushing  nmethod 0x00000199b32e7c10
Event: 23.789 Thread 0x00000199ca1eaa70 flushing  nmethod 0x00000199b3527390
Event: 23.789 Thread 0x00000199ca1eaa70 flushing  nmethod 0x00000199b3527b10
Event: 23.789 Thread 0x00000199ca1eaa70 flushing  nmethod 0x00000199b3746090
Event: 23.789 Thread 0x00000199ca1eaa70 flushing  nmethod 0x00000199b3798d90

Events (20 events):
Event: 18.582 Thread 0x00000199d02e5020 Thread added: 0x00000199d223c350
Event: 18.583 Thread 0x00000199d02e5020 Thread added: 0x00000199d223f140
Event: 18.583 Thread 0x00000199d02e5020 Thread added: 0x00000199d223d700
Event: 18.584 Thread 0x00000199d02e5020 Thread added: 0x00000199d223d070
Event: 18.585 Thread 0x00000199d02e5020 Thread added: 0x00000199d223e420
Event: 18.925 Thread 0x00000199d0241bf0 Thread added: 0x00000199d223dd90
Event: 19.240 Thread 0x00000199d58ed8d0 Thread exited: 0x00000199d58ed8d0
Event: 19.427 Thread 0x00000199ca2a7800 Thread added: 0x00000199d0c43840
Event: 19.564 Thread 0x00000199d02e5020 Thread added: 0x00000199d223c9e0
Event: 20.511 Thread 0x00000199d0c43840 Thread exited: 0x00000199d0c43840
Event: 21.104 Thread 0x00000199ca2a7800 Thread added: 0x00000199d57ab820
Event: 21.577 Thread 0x00000199d02e5020 Thread added: 0x00000199d2242c50
Event: 21.766 Thread 0x00000199d57ab820 Thread exited: 0x00000199d57ab820
Event: 22.710 Thread 0x00000199ca2a7800 Thread added: 0x00000199d1eef230
Event: 23.326 Thread 0x00000199d1eef230 Thread exited: 0x00000199d1eef230
Event: 23.881 Thread 0x00000199ca2a7800 Thread added: 0x00000199d57a3160
Event: 24.421 Thread 0x00000199d57a3160 Thread exited: 0x00000199d57a3160
Event: 24.805 Thread 0x00000199ca2a7800 Thread added: 0x00000199d3ceda60
Event: 24.995 Thread 0x00000199d3ceda60 Thread exited: 0x00000199d3ceda60
Event: 25.277 Thread 0x00000199ca2a7800 Thread added: 0x00000199d3ceda60


Dynamic libraries:
0x00007ff662a60000 - 0x00007ff662a6a000 	D:\Android Studio\jbr\bin\java.exe
0x00007ffcc91c0000 - 0x00007ffcc9427000 	C:\WINDOWS\SYSTEM32\ntdll.dll
0x00007ffcc7f20000 - 0x00007ffcc7fe9000 	C:\WINDOWS\System32\KERNEL32.DLL
0x00007ffcc6030000 - 0x00007ffcc6424000 	C:\WINDOWS\System32\KERNELBASE.dll
0x00007ffcc5d60000 - 0x00007ffcc5eab000 	C:\WINDOWS\System32\ucrtbase.dll
0x00007ffca9400000 - 0x00007ffca9418000 	D:\Android Studio\jbr\bin\jli.dll
0x00007ffca9420000 - 0x00007ffca943b000 	D:\Android Studio\jbr\bin\VCRUNTIME140.dll
0x00007ffcc76c0000 - 0x00007ffcc7885000 	C:\WINDOWS\System32\USER32.dll
0x00007ffcab770000 - 0x00007ffcaba03000 	C:\WINDOWS\WinSxS\amd64_microsoft.windows.common-controls_6595b64144ccf1df_6.0.26100.8115_none_3e075c82e3354f9c\COMCTL32.dll
0x00007ffcc6df0000 - 0x00007ffcc6e17000 	C:\WINDOWS\System32\win32u.dll
0x00007ffcc7dd0000 - 0x00007ffcc7e79000 	C:\WINDOWS\System32\msvcrt.dll
0x00007ffcc7950000 - 0x00007ffcc797b000 	C:\WINDOWS\System32\GDI32.dll
0x00007ffcc6e20000 - 0x00007ffcc6f4a000 	C:\WINDOWS\System32\gdi32full.dll
0x00007ffcc5cb0000 - 0x00007ffcc5d53000 	C:\WINDOWS\System32\msvcp_win.dll
0x00007ffcc80b0000 - 0x00007ffcc80e2000 	C:\WINDOWS\System32\IMM32.DLL
0x00007ffca93f0000 - 0x00007ffca93fc000 	D:\Android Studio\jbr\bin\vcruntime140_1.dll
0x00007ffc72c70000 - 0x00007ffc72cfd000 	D:\Android Studio\jbr\bin\msvcp140.dll
0x00007ffc18800000 - 0x00007ffc19483000 	D:\Android Studio\jbr\bin\server\jvm.dll
0x00007ffcc7a10000 - 0x00007ffcc7ac6000 	C:\WINDOWS\System32\ADVAPI32.dll
0x00007ffcc8860000 - 0x00007ffcc8907000 	C:\WINDOWS\System32\sechost.dll
0x00007ffcc75a0000 - 0x00007ffcc76b8000 	C:\WINDOWS\System32\RPCRT4.dll
0x00007ffcc8010000 - 0x00007ffcc8090000 	C:\WINDOWS\System32\WS2_32.dll
0x00007ffcc5740000 - 0x00007ffcc579e000 	C:\WINDOWS\SYSTEM32\POWRPROF.dll
0x00007ffcbf210000 - 0x00007ffcbf246000 	C:\WINDOWS\SYSTEM32\WINMM.dll
0x00007ffcbf250000 - 0x00007ffcbf25b000 	C:\WINDOWS\SYSTEM32\VERSION.dll
0x00007ffcc5720000 - 0x00007ffcc5734000 	C:\WINDOWS\SYSTEM32\UMPDC.dll
0x00007ffcc4820000 - 0x00007ffcc483b000 	C:\WINDOWS\SYSTEM32\kernel.appcore.dll
0x00007ffca2600000 - 0x00007ffca260a000 	D:\Android Studio\jbr\bin\jimage.dll
0x00007ffcc39c0000 - 0x00007ffcc3c02000 	C:\WINDOWS\SYSTEM32\DBGHELP.DLL
0x00007ffcc6fb0000 - 0x00007ffcc7332000 	C:\WINDOWS\System32\combase.dll
0x00007ffcc7b40000 - 0x00007ffcc7c17000 	C:\WINDOWS\System32\OLEAUT32.dll
0x00007ffcaa5d0000 - 0x00007ffcaa60b000 	C:\WINDOWS\SYSTEM32\dbgcore.DLL
0x00007ffcc5a90000 - 0x00007ffcc5b35000 	C:\WINDOWS\System32\bcryptPrimitives.dll
0x00007ffc72fd0000 - 0x00007ffc72fde000 	D:\Android Studio\jbr\bin\instrument.dll
0x00007ffc9c540000 - 0x00007ffc9c560000 	D:\Android Studio\jbr\bin\java.dll
0x00007ffc7bc30000 - 0x00007ffc7bc48000 	D:\Android Studio\jbr\bin\zip.dll
0x00007ffcc80f0000 - 0x00007ffcc8856000 	C:\WINDOWS\System32\SHELL32.dll
0x00007ffcc5b40000 - 0x00007ffcc5caa000 	C:\WINDOWS\System32\wintypes.dll
0x00007ffcc6580000 - 0x00007ffcc6de5000 	C:\WINDOWS\System32\windows.storage.dll
0x00007ffcc8e20000 - 0x00007ffcc8f17000 	C:\WINDOWS\System32\SHCORE.dll
0x00007ffcc7ad0000 - 0x00007ffcc7b36000 	C:\WINDOWS\System32\shlwapi.dll
0x00007ffcc59b0000 - 0x00007ffcc59d9000 	C:\WINDOWS\SYSTEM32\profapi.dll
0x00007ffc7bc20000 - 0x00007ffc7bc30000 	D:\Android Studio\jbr\bin\net.dll
0x00007ffcbc120000 - 0x00007ffcbc24d000 	C:\WINDOWS\SYSTEM32\WINHTTP.dll
0x00007ffcc4d90000 - 0x00007ffcc4dfc000 	C:\WINDOWS\system32\mswsock.dll
0x00007ffc798c0000 - 0x00007ffc798d6000 	D:\Android Studio\jbr\bin\nio.dll
0x00007ffc7b700000 - 0x00007ffc7b710000 	D:\Android Studio\jbr\bin\verify.dll
0x00007ffc58500000 - 0x00007ffc58527000 	C:\Users\karmp\.gradle\native\1def1411415f61bf3af743bc5b6707747c0891f09f0c88961ee8f79bc544acac\windows-amd64\native-platform.dll
0x00007ffc79990000 - 0x00007ffc79a08000 	C:\Users\karmp\.gradle\native\0.2.7\x86_64-windows-gnu\gradle-fileevents.dll
0x00007ffc73150000 - 0x00007ffc73159000 	D:\Android Studio\jbr\bin\management.dll
0x00007ffc72ff0000 - 0x00007ffc72ffb000 	D:\Android Studio\jbr\bin\management_ext.dll
0x00007ffcc8000000 - 0x00007ffcc8008000 	C:\WINDOWS\System32\PSAPI.DLL
0x00007ffcc4210000 - 0x00007ffcc4242000 	C:\WINDOWS\SYSTEM32\IPHLPAPI.DLL
0x00007ffcc7dc0000 - 0x00007ffcc7dca000 	C:\WINDOWS\System32\NSI.dll
0x00007ffc72fe0000 - 0x00007ffc72fe9000 	D:\Android Studio\jbr\bin\extnet.dll
0x00007ffcc5070000 - 0x00007ffcc508b000 	C:\WINDOWS\SYSTEM32\CRYPTSP.dll
0x00007ffcc4780000 - 0x00007ffcc47b9000 	C:\WINDOWS\system32\rsaenh.dll
0x00007ffcc4e40000 - 0x00007ffcc4e73000 	C:\WINDOWS\SYSTEM32\USERENV.dll
0x00007ffcc5980000 - 0x00007ffcc59aa000 	C:\WINDOWS\SYSTEM32\bcrypt.dll
0x00007ffcc5090000 - 0x00007ffcc509c000 	C:\WINDOWS\SYSTEM32\CRYPTBASE.dll
0x00007ffc6b1c0000 - 0x00007ffc6b1c8000 	C:\WINDOWS\system32\wshunix.dll
0x00007ffc6a9a0000 - 0x00007ffc6a9b8000 	C:\WINDOWS\system32\napinsp.dll
0x00007ffcc42f0000 - 0x00007ffcc4422000 	C:\WINDOWS\SYSTEM32\DNSAPI.dll
0x00007ffc6a980000 - 0x00007ffc6a993000 	C:\WINDOWS\System32\winrnr.dll
0x00007ffc79ad0000 - 0x00007ffc79af2000 	C:\WINDOWS\system32\nlansp_c.dll
0x00007ffcbbd30000 - 0x00007ffcbbd46000 	C:\WINDOWS\system32\wshbth.dll
0x00007ffcbcc80000 - 0x00007ffcbcc8b000 	C:\Windows\System32\rasadhlp.dll
0x00007ffcbfad0000 - 0x00007ffcbfb56000 	C:\WINDOWS\System32\fwpuclnt.dll

dbghelp: loaded successfully - version: 4.0.5 - missing functions: none
symbol engine: initialized successfully - sym options: 0x614 - pdb path: .;D:\Android Studio\jbr\bin;C:\WINDOWS\SYSTEM32;C:\WINDOWS\WinSxS\amd64_microsoft.windows.common-controls_6595b64144ccf1df_6.0.26100.8115_none_3e075c82e3354f9c;D:\Android Studio\jbr\bin\server;C:\Users\karmp\.gradle\native\1def1411415f61bf3af743bc5b6707747c0891f09f0c88961ee8f79bc544acac\windows-amd64;C:\Users\karmp\.gradle\native\0.2.7\x86_64-windows-gnu

VM Arguments:
jvm_args: --add-opens=java.base/java.lang=ALL-UNNAMED --add-opens=java.base/java.lang.invoke=ALL-UNNAMED --add-opens=java.base/java.util=ALL-UNNAMED --add-opens=java.prefs/java.util.prefs=ALL-UNNAMED --add-exports=jdk.compiler/com.sun.tools.javac.api=ALL-UNNAMED --add-exports=jdk.compiler/com.sun.tools.javac.util=ALL-UNNAMED --add-opens=java.base/java.util=ALL-UNNAMED --add-opens=java.prefs/java.util.prefs=ALL-UNNAMED --add-opens=java.base/java.nio.charset=ALL-UNNAMED --add-opens=java.base/java.net=ALL-UNNAMED --add-opens=java.base/java.util.concurrent.atomic=ALL-UNNAMED --add-opens=java.xml/javax.xml.namespace=ALL-UNNAMED -Xmx4096m -Dfile.encoding=UTF-8 -Duser.country=IN -Duser.language=en -Duser.variant -javaagent:C:\Users\karmp\.gradle\wrapper\dists\gradle-8.14-all\c2qonpi39x1mddn7hk5gh9iqj\gradle-8.14\lib\agents\gradle-instrumentation-agent-8.14.jar 
java_command: org.gradle.launcher.daemon.bootstrap.GradleDaemon 8.14
java_class_path (initial): C:\Users\karmp\.gradle\wrapper\dists\gradle-8.14-all\c2qonpi39x1mddn7hk5gh9iqj\gradle-8.14\lib\gradle-daemon-main-8.14.jar
Launcher Type: SUN_STANDARD

[Global flags]
     intx CICompilerCount                          = 4                                         {product} {ergonomic}
     uint ConcGCThreads                            = 3                                         {product} {ergonomic}
     uint G1ConcRefinementThreads                  = 10                                        {product} {ergonomic}
   size_t G1HeapRegionSize                         = 2097152                                   {product} {ergonomic}
    uintx GCDrainStackTargetSize                   = 64                                        {product} {ergonomic}
   size_t InitialHeapSize                          = 257949696                                 {product} {ergonomic}
   size_t MarkStackSize                            = 4194304                                   {product} {ergonomic}
   size_t MaxHeapSize                              = 4294967296                                {product} {command line}
   size_t MaxNewSize                               = 2575302656                                {product} {ergonomic}
   size_t MinHeapDeltaBytes                        = 2097152                                   {product} {ergonomic}
   size_t MinHeapSize                              = 8388608                                   {product} {ergonomic}
    uintx NonNMethodCodeHeapSize                   = 5839372                                {pd product} {ergonomic}
    uintx NonProfiledCodeHeapSize                  = 122909434                              {pd product} {ergonomic}
    uintx ProfiledCodeHeapSize                     = 122909434                              {pd product} {ergonomic}
    uintx ReservedCodeCacheSize                    = 251658240                              {pd product} {ergonomic}
     bool SegmentedCodeCache                       = true                                      {product} {ergonomic}
   size_t SoftMaxHeapSize                          = 4294967296                             {manageable} {ergonomic}
     bool UseCompressedOops                        = true                           {product lp64_product} {ergonomic}
     bool UseG1GC                                  = true                                      {product} {ergonomic}
     bool UseLargePagesIndividualAllocation        = false                                  {pd product} {ergonomic}

Logging:
Log output configuration:
 #0: stdout all=warning uptime,level,tags foldmultilines=false
 #1: stderr all=off uptime,level,tags foldmultilines=false

Environment Variables:
JAVA_HOME=D:\Android Studio\jbr
CLASSPATH=D:\flutter projects\customer-app\android\\gradle\wrapper\gradle-wrapper.jar
PATH=D:\Android Studio\jbr\bin;C:\Users\karmp\AppData\Local\Programs\Microsoft VS Code;C:\Program Files\Common Files\Oracle\Java\javapath;C:\windows\system32;C:\windows;C:\windows\System32\Wbem;C:\windows\System32\WindowsPowerShell\v1.0\;C:\windows\System32\OpenSSH\;C:\Program Files\HP\HP One Agent;C:\Program Files\nodejs\;C:\ProgramData\chocolatey\bin;C:\Program Files\Git\cmd;C:\Users\karmp\AppData\Local\Pub\Cache\bin;C:\Program Files\Java\jdk-23;C:\WINDOWS\system32;C:\WINDOWS;C:\WINDOWS\System32\Wbem;C:\WINDOWS\System32\WindowsPowerShell\v1.0\;C:\WINDOWS\System32\OpenSSH\;C:\Program Files\Java\jdk-23\bin;C:\Users\karmp\AppData\Local\Microsoft\WindowsApps;C:\Users\karmp\AppData\Local\Programs\Microsoft VS Code\bin;D:\IntelliJ IDEA Community Edition 2023.3.2\bin;;D:\flutter_windows_3.22.2-stable\flutter\bin;C:\Users\karmp\AppData\Roaming\npm;D:\flutter_windows_3.32.4-stable\flutter\flutter\bin;D:\flutter_windows_3.32.4-stable\flutter\bin
USERNAME=karmp
OS=Windows_NT
PROCESSOR_IDENTIFIER=AMD64 Family 25 Model 80 Stepping 0, AuthenticAMD
TMP=C:\Users\karmp\AppData\Local\Temp
TEMP=C:\Users\karmp\AppData\Local\Temp




Periodic native trim disabled

JNI global refs:
JNI global refs: 29, weak refs: 2

JNI global refs memory usage: 835, weak refs: 833

Process memory usage:
Resident Set Size: 356568K (2% of 16089672K total physical memory with 707252K free physical memory)

OOME stack traces (most recent first):
Classloader memory used:
Loader org.gradle.internal.classloader.VisitableURLClassLoader                         : 38885K
Loader bootstrap                                                                       : 25479K
Loader org.gradle.initialization.MixInLegacyTypesClassLoader                           : 11326K
Loader org.gradle.internal.classloader.VisitableURLClassLoader$InstrumentingVisitableURLClassLoader: 5961K
Loader jdk.internal.loader.ClassLoaders$PlatformClassLoader                            : 517K
Loader jdk.internal.loader.ClassLoaders$AppClassLoader                                 : 235K
Loader jdk.internal.reflect.DelegatingClassLoader                                      : 92496B
Loader org.gradle.internal.classloader.VisitableURLClassLoader                         : 74976B
Loader org.gradle.groovy.scripts.internal.DefaultScriptCompilationHandler$ScriptClassLoader: 50224B
Loader org.codehaus.groovy.runtime.callsite.CallSiteClassLoader                        : 16216B

Classes loaded by more than one classloader:
Class Program                                                                         : loaded 3 times (x 68B)
Class org.gradle.internal.classloader.ClassLoaderHierarchy                            : loaded 2 times (x 66B)
Class org.gradle.api.internal.classpath.ManifestUtil                                  : loaded 2 times (x 67B)
Class org.gradle.internal.classloader.DefaultClassLoaderFactory                       : loaded 2 times (x 78B)
Class org.gradle.internal.classloader.ClassLoaderVisitor                              : loaded 2 times (x 72B)
Class org.gradle.api.internal.classpath.EffectiveClassPath                            : loaded 2 times (x 86B)
Class org.gradle.api.internal.DefaultClassPathProvider                                : loaded 2 times (x 72B)
Class [Lorg.gradle.api.internal.ClassPathProvider;                                    : loaded 2 times (x 65B)
Class org.gradle.api.internal.ClassPathProvider                                       : loaded 2 times (x 66B)
Class org.gradle.internal.service.UnknownServiceException                             : loaded 2 times (x 79B)
Class org.gradle.internal.classpath.TransformedClassPath                              : loaded 2 times (x 92B)
Class org.gradle.internal.classloader.InstrumentingClassLoader                        : loaded 2 times (x 66B)
Class org.gradle.internal.service.ServiceLocator                                      : loaded 2 times (x 66B)
Class org.gradle.internal.InternalTransformer                                         : loaded 2 times (x 66B)
Class org.gradle.internal.classloader.ClasspathUtil$1                                 : loaded 2 times (x 72B)
Class org.gradle.api.internal.classpath.DefaultModuleRegistry$DefaultModule           : loaded 2 times (x 82B)
Class org.gradle.api.internal.classpath.Module                                        : loaded 2 times (x 66B)
Class org.gradle.api.internal.classpath.UnknownModuleException                        : loaded 2 times (x 78B)
Class org.gradle.api.internal.DefaultClassPathRegistry                                : loaded 2 times (x 72B)
Class org.gradle.api.internal.ClassPathRegistry                                       : loaded 2 times (x 66B)
Class org.gradle.internal.classpath.DefaultClassPath$ImmutableUniqueList              : loaded 2 times (x 195B)
Class org.gradle.internal.classloader.FilteringClassLoader                            : loaded 2 times (x 101B)
Class org.gradle.internal.classpath.ClassPath                                         : loaded 2 times (x 66B)
Class org.gradle.api.UncheckedIOException                                             : loaded 2 times (x 78B)
Class org.gradle.internal.installation.GradleInstallation$1                           : loaded 2 times (x 71B)
Class org.gradle.api.internal.classpath.ModuleRegistry                                : loaded 2 times (x 66B)
Class org.gradle.api.internal.classpath.DefaultModuleRegistry                         : loaded 2 times (x 82B)
Class org.gradle.internal.service.ServiceLookupException                              : loaded 2 times (x 78B)
Class org.gradle.internal.classloader.ClassLoaderFactory                              : loaded 2 times (x 66B)
Class org.gradle.internal.service.CachingServiceLocator                               : loaded 2 times (x 78B)
Class org.gradle.internal.classloader.ClasspathUtil                                   : loaded 2 times (x 67B)
Class org.gradle.api.specs.Spec                                                       : loaded 2 times (x 66B)
Class Build_gradle$1                                                                  : loaded 2 times (x 74B)
Class org.gradle.internal.classloader.VisitableURLClassLoader$InstrumentingVisitableURLClassLoader: loaded 2 times (x 119B)
Class org.gradle.internal.classloader.VisitableURLClassLoader$Spec                    : loaded 2 times (x 70B)
Class org.gradle.internal.classpath.DefaultClassPath                                  : loaded 2 times (x 86B)
Class org.gradle.internal.classloader.ClassLoaderSpec                                 : loaded 2 times (x 67B)
Class org.gradle.internal.classloader.VisitableURLClassLoader                         : loaded 2 times (x 113B)
Class org.gradle.internal.Cast                                                        : loaded 2 times (x 67B)
Class org.gradle.api.Action                                                           : loaded 2 times (x 66B)
Class org.gradle.internal.classpath.DefaultClassPath$ImmutableUniqueList$Builder      : loaded 2 times (x 71B)
Class org.gradle.api.GradleException                                                  : loaded 2 times (x 78B)
Class org.gradle.internal.IoActions                                                   : loaded 2 times (x 67B)
Class org.gradle.internal.classloader.SystemClassLoaderSpec                           : loaded 2 times (x 67B)
Class org.gradle.api.internal.classpath.GlobalCacheRootsProvider                      : loaded 2 times (x 66B)
Class Build_gradle                                                                    : loaded 2 times (x 126B)
Class org.gradle.internal.installation.CurrentGradleInstallationLocator               : loaded 2 times (x 67B)
Class org.gradle.internal.service.DefaultServiceLocator                               : loaded 2 times (x 79B)
Class org.gradle.internal.installation.CurrentGradleInstallation                      : loaded 2 times (x 69B)
Class org.gradle.util.internal.GUtil                                                  : loaded 2 times (x 67B)
Class org.gradle.internal.installation.GradleInstallation                             : loaded 2 times (x 71B)

---------------  S Y S T E M  ---------------

OS:
 Windows 11 , 64 bit Build 26100 (10.0.26100.8115)
OS uptime: 0 days 1:10 hours
Hyper-V role detected

CPU: total 12 (initial active 12) (12 cores per cpu, 2 threads per core) family 25 model 80 stepping 0 microcode 0xa50000d, cx8, cmov, fxsr, ht, mmx, 3dnowpref, sse, sse2, sse3, ssse3, sse4a, sse4.1, sse4.2, popcnt, lzcnt, tsc, tscinvbit, avx, avx2, aes, erms, clmul, bmi1, bmi2, adx, sha, fma, vzeroupper, clflush, clflushopt, hv, rdtscp, rdpid, fsrm, f16c, cet_ss
Processor Information for all 12 processors :
  Max Mhz: 2301, Current Mhz: 1904, Mhz Limit: 2301

Memory: 4k page, system-wide physical 15712M (689M free)
TotalPageFile size 20558M (AvailPageFile size 1M)
current process WorkingSet (physical memory assigned to process): 348M, peak: 348M
current process commit charge ("private bytes"): 387M, peak: 388M

vm_info: OpenJDK 64-Bit Server VM (21.0.4+-12508038-b607.1) for windows-amd64 JRE (21.0.4+-12508038-b607.1), built on 2024-10-16T17:23:34Z by "builder" with MS VC++ 16.10 / 16.11 (VS2019)

END.
