#
# There is insufficient memory for the Java Runtime Environment to continue.
# Native memory allocation (malloc) failed to allocate 32744 bytes. Error detail: Chunk::new
# Possible reasons:
#   The system is out of physical RAM or swap space
#   This process is running with CompressedOops enabled, and the Java Heap may be blocking the growth of the native heap
# Possible solutions:
#   Reduce memory load on the system
#   Increase physical memory or swap space
#   Check if swap backing store is full
#   Decrease Java heap size (-Xmx/-Xms)
#   Decrease number of Java threads
#   Decrease Java thread stack sizes (-Xss)
#   Set larger code cache with -XX:ReservedCodeCacheSize=
#   JVM is running with Zero Based Compressed Oops mode in which the Java heap is
#     placed in the first 32GB address space. The Java Heap base address is the
#     maximum limit for the native heap growth. Please use -XX:HeapBaseMinAddress
#     to set the Java Heap base and to place the Java Heap above 32GB virtual address.
# This output file may be truncated or incomplete.
#
#  Out of Memory Error (arena.cpp:168), pid=21776, tid=11340
#
# JRE version: OpenJDK Runtime Environment (21.0.4) (build 21.0.4+-12508038-b607.1)
# Java VM: OpenJDK 64-Bit Server VM (21.0.4+-12508038-b607.1, mixed mode, tiered, compressed oops, compressed class ptrs, g1 gc, windows-amd64)
# No core dump will be written. Minidumps are not enabled by default on client versions of Windows
#

---------------  S U M M A R Y ------------

Command Line: -Dorg.gradle.appname=gradlew org.gradle.wrapper.GradleWrapperMain -q -Ptarget-platform=android-arm64 -Ptarget=D:\flutter projects\customer-app\lib\main.dart -Pbase-application-name=android.app.Application -Pdart-defines=RkxVVFRFUl9WRVJTSU9OPTMuNDEuMQ==,RkxVVFRFUl9DSEFOTkVMPXN0YWJsZQ==,RkxVVFRFUl9HSVRfVVJMPWh0dHBzOi8vZ2l0aHViLmNvbS9mbHV0dGVyL2ZsdXR0ZXIuZ2l0,RkxVVFRFUl9GUkFNRVdPUktfUkVWSVNJT049NTgyYTBlN2M1NQ==,RkxVVFRFUl9FTkdJTkVfUkVWSVNJT049MzQ1MmQ3MzViZA==,RkxVVFRFUl9EQVJUX1ZFUlNJT049My4xMS4w -Pdart-obfuscation=false -Ptrack-widget-creation=true -Ptree-shake-icons=false -Pfilesystem-scheme=org-dartlang-root assembleDebug

Host: AMD Ryzen 5 5625U with Radeon Graphics         , 12 cores, 15G,  Windows 11 , 64 bit Build 26100 (10.0.26100.7920)
Time: Fri Mar  6 16:32:33 2026 India Standard Time elapsed time: 12.084967 seconds (0d 0h 0m 12s)

---------------  T H R E A D  ---------------

Current thread (0x000001ee5622d900):  JavaThread "C1 CompilerThread0" daemon [_thread_in_native, id=11340, stack(0x0000004b2a900000,0x0000004b2aa00000) (1024K)]


Current CompileTask:
C1:  12085 1701       3       org.gradle.internal.logging.text.AbstractLineChoppingStyledTextOutput$1::execute (140 bytes)

Stack: [0x0000004b2a900000,0x0000004b2aa00000]
Native frames: (J=compiled Java code, j=interpreted, Vv=VM code, C=native code)
V  [jvm.dll+0x6ce539]
V  [jvm.dll+0x85bf03]
V  [jvm.dll+0x85e45e]
V  [jvm.dll+0x85eb43]
V  [jvm.dll+0x27dd06]
V  [jvm.dll+0xbf9cd]
V  [jvm.dll+0xbff03]
V  [jvm.dll+0x193423]
V  [jvm.dll+0x1934ed]
V  [jvm.dll+0x195b31]
V  [jvm.dll+0x197644]
V  [jvm.dll+0x14fd53]
V  [jvm.dll+0x14f5f8]
V  [jvm.dll+0x14f836]
V  [jvm.dll+0x14ebaf]
V  [jvm.dll+0x1509d1]
V  [jvm.dll+0x255fec]
V  [jvm.dll+0x254536]
V  [jvm.dll+0x3efab6]
V  [jvm.dll+0x804418]
V  [jvm.dll+0x6cce0d]
C  [ucrtbase.dll+0x37b0]
C  [KERNEL32.DLL+0x2e8d7]
C  [ntdll.dll+0x8c48c]


---------------  P R O C E S S  ---------------

Threads class SMR info:
_java_thread_list=0x000001ee5ba1b240, length=12, elements={
0x000001ee3c03f6d0, 0x000001ee5620b250, 0x000001ee5620bcb0, 0x000001ee561ef820,
0x000001ee561f0280, 0x000001ee561f1480, 0x000001ee561f22a0, 0x000001ee56225fe0,
0x000001ee5622d900, 0x000001ee563c7d50, 0x000001ee563d29c0, 0x000001ee5b5efc30
}

Java Threads: ( => current thread )
  0x000001ee3c03f6d0 JavaThread "main"                              [_thread_in_native, id=19772, stack(0x0000004b29a00000,0x0000004b29b00000) (1024K)]
  0x000001ee5620b250 JavaThread "Reference Handler"          daemon [_thread_blocked, id=11908, stack(0x0000004b2a200000,0x0000004b2a300000) (1024K)]
  0x000001ee5620bcb0 JavaThread "Finalizer"                  daemon [_thread_blocked, id=19888, stack(0x0000004b2a300000,0x0000004b2a400000) (1024K)]
  0x000001ee561ef820 JavaThread "Signal Dispatcher"          daemon [_thread_blocked, id=9492, stack(0x0000004b2a400000,0x0000004b2a500000) (1024K)]
  0x000001ee561f0280 JavaThread "Attach Listener"            daemon [_thread_blocked, id=23092, stack(0x0000004b2a500000,0x0000004b2a600000) (1024K)]
  0x000001ee561f1480 JavaThread "Service Thread"             daemon [_thread_blocked, id=22668, stack(0x0000004b2a600000,0x0000004b2a700000) (1024K)]
  0x000001ee561f22a0 JavaThread "Monitor Deflation Thread"   daemon [_thread_blocked, id=24012, stack(0x0000004b2a700000,0x0000004b2a800000) (1024K)]
  0x000001ee56225fe0 JavaThread "C2 CompilerThread0"         daemon [_thread_blocked, id=13828, stack(0x0000004b2a800000,0x0000004b2a900000) (1024K)]
=>0x000001ee5622d900 JavaThread "C1 CompilerThread0"         daemon [_thread_in_native, id=11340, stack(0x0000004b2a900000,0x0000004b2aa00000) (1024K)]
  0x000001ee563c7d50 JavaThread "Notification Thread"        daemon [_thread_blocked, id=2736, stack(0x0000004b2aa00000,0x0000004b2ab00000) (1024K)]
  0x000001ee563d29c0 JavaThread "Common-Cleaner"             daemon [_thread_blocked, id=23988, stack(0x0000004b2ab00000,0x0000004b2ac00000) (1024K)]
  0x000001ee5b5efc30 JavaThread "pool-1-thread-1"                   [_thread_blocked, id=24676, stack(0x0000004b2b200000,0x0000004b2b300000) (1024K)]
Total: 12

Other Threads:
  0x000001ee56038590 VMThread "VM Thread"                           [id=12492, stack(0x0000004b2a100000,0x0000004b2a200000) (1024K)]
  0x000001ee55fdd600 WatcherThread "VM Periodic Task Thread"        [id=20032, stack(0x0000004b2a000000,0x0000004b2a100000) (1024K)]
  0x000001ee3c0a0e70 WorkerThread "GC Thread#0"                     [id=11800, stack(0x0000004b29b00000,0x0000004b29c00000) (1024K)]
  0x000001ee5682d870 WorkerThread "GC Thread#1"                     [id=24692, stack(0x0000004b2ad00000,0x0000004b2ae00000) (1024K)]
  0x000001ee5683d2c0 WorkerThread "GC Thread#2"                     [id=24740, stack(0x0000004b2ae00000,0x0000004b2af00000) (1024K)]
  0x000001ee567b7ba0 WorkerThread "GC Thread#3"                     [id=24736, stack(0x0000004b2af00000,0x0000004b2b000000) (1024K)]
  0x000001ee567b7f40 WorkerThread "GC Thread#4"                     [id=24728, stack(0x0000004b2b000000,0x0000004b2b100000) (1024K)]
  0x000001ee3c0b11f0 ConcurrentGCThread "G1 Main Marker"            [id=13880, stack(0x0000004b29c00000,0x0000004b29d00000) (1024K)]
  0x000001ee3c0b4800 WorkerThread "G1 Conc#0"                       [id=1360, stack(0x0000004b29d00000,0x0000004b29e00000) (1024K)]
  0x000001ee55eb19e0 ConcurrentGCThread "G1 Refine#0"               [id=13464, stack(0x0000004b29e00000,0x0000004b29f00000) (1024K)]
  0x000001ee55eb2200 ConcurrentGCThread "G1 Service"                [id=16520, stack(0x0000004b29f00000,0x0000004b2a000000) (1024K)]
Total: 11

Threads with active compile tasks:
C1 CompilerThread0    12135 1701       3       org.gradle.internal.logging.text.AbstractLineChoppingStyledTextOutput$1::execute (140 bytes)
Total: 1

VM state: not at safepoint (normal execution)

VM Mutex/Monitor currently owned by a thread: None

Heap address: 0x000000070a600000, size: 3930 MB, Compressed Oops mode: Zero based, Oop shift amount: 3

CDS archive(s) not mapped
Compressed class space mapped at: 0x0000000800000000-0x0000000840000000, reserved size: 1073741824
Narrow klass base: 0x0000000800000000, Narrow klass shift: 0, Narrow klass range: 0x40000000

GC Precious Log:
 CardTable entry size: 512
 Card Set container configuration: InlinePtr #cards 4 size 8 Array Of Cards #cards 16 size 48 Howl #buckets 8 coarsen threshold 3686 Howl Bitmap #cards 512 size 80 coarsen threshold 460 Card regions per heap region 1 cards per card region 4096
 CPUs: 12 total, 12 available
 Memory: 15712M
 Large Page Support: Disabled
 NUMA Support: Disabled
 Compressed Oops: Enabled (Zero based)
 Heap Region Size: 2M
 Heap Min Capacity: 8M
 Heap Initial Capacity: 246M
 Heap Max Capacity: 3930M
 Pre-touch: Disabled
 Parallel Workers: 10
 Concurrent Workers: 3
 Concurrent Refinement Workers: 10
 Periodic GC: Disabled

Heap:
 garbage-first heap   total 251904K, used 38686K [0x000000070a600000, 0x0000000800000000)
  region size 2048K, 19 young (38912K), 1 survivors (2048K)
 Metaspace       used 17655K, committed 17984K, reserved 1114112K
  class space    used 2057K, committed 2240K, reserved 1048576K

Heap Regions: E=young(eden), S=young(survivor), O=old, HS=humongous(starts), HC=humongous(continues), CS=collection set, F=free, TAMS=top-at-mark-start, PB=parsable bottom
|   0|0x000000070a600000, 0x000000070a800000, 0x000000070a800000|100%|HS|  |TAMS 0x000000070a600000| PB 0x000000070a600000| Complete 
|   1|0x000000070a800000, 0x000000070aa00000, 0x000000070aa00000|100%|HC|  |TAMS 0x000000070a800000| PB 0x000000070a800000| Complete 
|   2|0x000000070aa00000, 0x000000070aa00000, 0x000000070ac00000|  0%| F|  |TAMS 0x000000070aa00000| PB 0x000000070aa00000| Untracked 
|   3|0x000000070ac00000, 0x000000070ac00000, 0x000000070ae00000|  0%| F|  |TAMS 0x000000070ac00000| PB 0x000000070ac00000| Untracked 
|   4|0x000000070ae00000, 0x000000070ae00000, 0x000000070b000000|  0%| F|  |TAMS 0x000000070ae00000| PB 0x000000070ae00000| Untracked 
|   5|0x000000070b000000, 0x000000070b000000, 0x000000070b200000|  0%| F|  |TAMS 0x000000070b000000| PB 0x000000070b000000| Untracked 
|   6|0x000000070b200000, 0x000000070b200000, 0x000000070b400000|  0%| F|  |TAMS 0x000000070b200000| PB 0x000000070b200000| Untracked 
|   7|0x000000070b400000, 0x000000070b400000, 0x000000070b600000|  0%| F|  |TAMS 0x000000070b400000| PB 0x000000070b400000| Untracked 
|   8|0x000000070b600000, 0x000000070b600000, 0x000000070b800000|  0%| F|  |TAMS 0x000000070b600000| PB 0x000000070b600000| Untracked 
|   9|0x000000070b800000, 0x000000070b800000, 0x000000070ba00000|  0%| F|  |TAMS 0x000000070b800000| PB 0x000000070b800000| Untracked 
|  10|0x000000070ba00000, 0x000000070ba00000, 0x000000070bc00000|  0%| F|  |TAMS 0x000000070ba00000| PB 0x000000070ba00000| Untracked 
|  11|0x000000070bc00000, 0x000000070bc00000, 0x000000070be00000|  0%| F|  |TAMS 0x000000070bc00000| PB 0x000000070bc00000| Untracked 
|  12|0x000000070be00000, 0x000000070be00000, 0x000000070c000000|  0%| F|  |TAMS 0x000000070be00000| PB 0x000000070be00000| Untracked 
|  13|0x000000070c000000, 0x000000070c000000, 0x000000070c200000|  0%| F|  |TAMS 0x000000070c000000| PB 0x000000070c000000| Untracked 
|  14|0x000000070c200000, 0x000000070c200000, 0x000000070c400000|  0%| F|  |TAMS 0x000000070c200000| PB 0x000000070c200000| Untracked 
|  15|0x000000070c400000, 0x000000070c400000, 0x000000070c600000|  0%| F|  |TAMS 0x000000070c400000| PB 0x000000070c400000| Untracked 
|  16|0x000000070c600000, 0x000000070c600000, 0x000000070c800000|  0%| F|  |TAMS 0x000000070c600000| PB 0x000000070c600000| Untracked 
|  17|0x000000070c800000, 0x000000070c800000, 0x000000070ca00000|  0%| F|  |TAMS 0x000000070c800000| PB 0x000000070c800000| Untracked 
|  18|0x000000070ca00000, 0x000000070ca00000, 0x000000070cc00000|  0%| F|  |TAMS 0x000000070ca00000| PB 0x000000070ca00000| Untracked 
|  19|0x000000070cc00000, 0x000000070cc00000, 0x000000070ce00000|  0%| F|  |TAMS 0x000000070cc00000| PB 0x000000070cc00000| Untracked 
|  20|0x000000070ce00000, 0x000000070ce00000, 0x000000070d000000|  0%| F|  |TAMS 0x000000070ce00000| PB 0x000000070ce00000| Untracked 
|  21|0x000000070d000000, 0x000000070d000000, 0x000000070d200000|  0%| F|  |TAMS 0x000000070d000000| PB 0x000000070d000000| Untracked 
|  22|0x000000070d200000, 0x000000070d200000, 0x000000070d400000|  0%| F|  |TAMS 0x000000070d200000| PB 0x000000070d200000| Untracked 
|  23|0x000000070d400000, 0x000000070d400000, 0x000000070d600000|  0%| F|  |TAMS 0x000000070d400000| PB 0x000000070d400000| Untracked 
|  24|0x000000070d600000, 0x000000070d600000, 0x000000070d800000|  0%| F|  |TAMS 0x000000070d600000| PB 0x000000070d600000| Untracked 
|  25|0x000000070d800000, 0x000000070d800000, 0x000000070da00000|  0%| F|  |TAMS 0x000000070d800000| PB 0x000000070d800000| Untracked 
|  26|0x000000070da00000, 0x000000070da00000, 0x000000070dc00000|  0%| F|  |TAMS 0x000000070da00000| PB 0x000000070da00000| Untracked 
|  27|0x000000070dc00000, 0x000000070dc00000, 0x000000070de00000|  0%| F|  |TAMS 0x000000070dc00000| PB 0x000000070dc00000| Untracked 
|  28|0x000000070de00000, 0x000000070de00000, 0x000000070e000000|  0%| F|  |TAMS 0x000000070de00000| PB 0x000000070de00000| Untracked 
|  29|0x000000070e000000, 0x000000070e000000, 0x000000070e200000|  0%| F|  |TAMS 0x000000070e000000| PB 0x000000070e000000| Untracked 
|  30|0x000000070e200000, 0x000000070e200000, 0x000000070e400000|  0%| F|  |TAMS 0x000000070e200000| PB 0x000000070e200000| Untracked 
|  31|0x000000070e400000, 0x000000070e400000, 0x000000070e600000|  0%| F|  |TAMS 0x000000070e400000| PB 0x000000070e400000| Untracked 
|  32|0x000000070e600000, 0x000000070e600000, 0x000000070e800000|  0%| F|  |TAMS 0x000000070e600000| PB 0x000000070e600000| Untracked 
|  33|0x000000070e800000, 0x000000070e800000, 0x000000070ea00000|  0%| F|  |TAMS 0x000000070e800000| PB 0x000000070e800000| Untracked 
|  34|0x000000070ea00000, 0x000000070ea00000, 0x000000070ec00000|  0%| F|  |TAMS 0x000000070ea00000| PB 0x000000070ea00000| Untracked 
|  35|0x000000070ec00000, 0x000000070ec00000, 0x000000070ee00000|  0%| F|  |TAMS 0x000000070ec00000| PB 0x000000070ec00000| Untracked 
|  36|0x000000070ee00000, 0x000000070ee00000, 0x000000070f000000|  0%| F|  |TAMS 0x000000070ee00000| PB 0x000000070ee00000| Untracked 
|  37|0x000000070f000000, 0x000000070f000000, 0x000000070f200000|  0%| F|  |TAMS 0x000000070f000000| PB 0x000000070f000000| Untracked 
|  38|0x000000070f200000, 0x000000070f200000, 0x000000070f400000|  0%| F|  |TAMS 0x000000070f200000| PB 0x000000070f200000| Untracked 
|  39|0x000000070f400000, 0x000000070f400000, 0x000000070f600000|  0%| F|  |TAMS 0x000000070f400000| PB 0x000000070f400000| Untracked 
|  40|0x000000070f600000, 0x000000070f600000, 0x000000070f800000|  0%| F|  |TAMS 0x000000070f600000| PB 0x000000070f600000| Untracked 
|  41|0x000000070f800000, 0x000000070f800000, 0x000000070fa00000|  0%| F|  |TAMS 0x000000070f800000| PB 0x000000070f800000| Untracked 
|  42|0x000000070fa00000, 0x000000070fa00000, 0x000000070fc00000|  0%| F|  |TAMS 0x000000070fa00000| PB 0x000000070fa00000| Untracked 
|  43|0x000000070fc00000, 0x000000070fc00000, 0x000000070fe00000|  0%| F|  |TAMS 0x000000070fc00000| PB 0x000000070fc00000| Untracked 
|  44|0x000000070fe00000, 0x000000070fe00000, 0x0000000710000000|  0%| F|  |TAMS 0x000000070fe00000| PB 0x000000070fe00000| Untracked 
|  45|0x0000000710000000, 0x0000000710000000, 0x0000000710200000|  0%| F|  |TAMS 0x0000000710000000| PB 0x0000000710000000| Untracked 
|  46|0x0000000710200000, 0x0000000710200000, 0x0000000710400000|  0%| F|  |TAMS 0x0000000710200000| PB 0x0000000710200000| Untracked 
|  47|0x0000000710400000, 0x0000000710400000, 0x0000000710600000|  0%| F|  |TAMS 0x0000000710400000| PB 0x0000000710400000| Untracked 
|  48|0x0000000710600000, 0x0000000710600000, 0x0000000710800000|  0%| F|  |TAMS 0x0000000710600000| PB 0x0000000710600000| Untracked 
|  49|0x0000000710800000, 0x0000000710800000, 0x0000000710a00000|  0%| F|  |TAMS 0x0000000710800000| PB 0x0000000710800000| Untracked 
|  50|0x0000000710a00000, 0x0000000710a00000, 0x0000000710c00000|  0%| F|  |TAMS 0x0000000710a00000| PB 0x0000000710a00000| Untracked 
|  51|0x0000000710c00000, 0x0000000710c00000, 0x0000000710e00000|  0%| F|  |TAMS 0x0000000710c00000| PB 0x0000000710c00000| Untracked 
|  52|0x0000000710e00000, 0x0000000710e00000, 0x0000000711000000|  0%| F|  |TAMS 0x0000000710e00000| PB 0x0000000710e00000| Untracked 
|  53|0x0000000711000000, 0x0000000711000000, 0x0000000711200000|  0%| F|  |TAMS 0x0000000711000000| PB 0x0000000711000000| Untracked 
|  54|0x0000000711200000, 0x0000000711200000, 0x0000000711400000|  0%| F|  |TAMS 0x0000000711200000| PB 0x0000000711200000| Untracked 
|  55|0x0000000711400000, 0x0000000711400000, 0x0000000711600000|  0%| F|  |TAMS 0x0000000711400000| PB 0x0000000711400000| Untracked 
|  56|0x0000000711600000, 0x0000000711600000, 0x0000000711800000|  0%| F|  |TAMS 0x0000000711600000| PB 0x0000000711600000| Untracked 
|  57|0x0000000711800000, 0x0000000711800000, 0x0000000711a00000|  0%| F|  |TAMS 0x0000000711800000| PB 0x0000000711800000| Untracked 
|  58|0x0000000711a00000, 0x0000000711a00000, 0x0000000711c00000|  0%| F|  |TAMS 0x0000000711a00000| PB 0x0000000711a00000| Untracked 
|  59|0x0000000711c00000, 0x0000000711c00000, 0x0000000711e00000|  0%| F|  |TAMS 0x0000000711c00000| PB 0x0000000711c00000| Untracked 
|  60|0x0000000711e00000, 0x0000000711e00000, 0x0000000712000000|  0%| F|  |TAMS 0x0000000711e00000| PB 0x0000000711e00000| Untracked 
|  61|0x0000000712000000, 0x0000000712000000, 0x0000000712200000|  0%| F|  |TAMS 0x0000000712000000| PB 0x0000000712000000| Untracked 
|  62|0x0000000712200000, 0x0000000712200000, 0x0000000712400000|  0%| F|  |TAMS 0x0000000712200000| PB 0x0000000712200000| Untracked 
|  63|0x0000000712400000, 0x0000000712400000, 0x0000000712600000|  0%| F|  |TAMS 0x0000000712400000| PB 0x0000000712400000| Untracked 
|  64|0x0000000712600000, 0x0000000712600000, 0x0000000712800000|  0%| F|  |TAMS 0x0000000712600000| PB 0x0000000712600000| Untracked 
|  65|0x0000000712800000, 0x0000000712800000, 0x0000000712a00000|  0%| F|  |TAMS 0x0000000712800000| PB 0x0000000712800000| Untracked 
|  66|0x0000000712a00000, 0x0000000712a00000, 0x0000000712c00000|  0%| F|  |TAMS 0x0000000712a00000| PB 0x0000000712a00000| Untracked 
|  67|0x0000000712c00000, 0x0000000712c00000, 0x0000000712e00000|  0%| F|  |TAMS 0x0000000712c00000| PB 0x0000000712c00000| Untracked 
|  68|0x0000000712e00000, 0x0000000712e00000, 0x0000000713000000|  0%| F|  |TAMS 0x0000000712e00000| PB 0x0000000712e00000| Untracked 
|  69|0x0000000713000000, 0x0000000713000000, 0x0000000713200000|  0%| F|  |TAMS 0x0000000713000000| PB 0x0000000713000000| Untracked 
|  70|0x0000000713200000, 0x0000000713200000, 0x0000000713400000|  0%| F|  |TAMS 0x0000000713200000| PB 0x0000000713200000| Untracked 
|  71|0x0000000713400000, 0x0000000713400000, 0x0000000713600000|  0%| F|  |TAMS 0x0000000713400000| PB 0x0000000713400000| Untracked 
|  72|0x0000000713600000, 0x0000000713600000, 0x0000000713800000|  0%| F|  |TAMS 0x0000000713600000| PB 0x0000000713600000| Untracked 
|  73|0x0000000713800000, 0x0000000713800000, 0x0000000713a00000|  0%| F|  |TAMS 0x0000000713800000| PB 0x0000000713800000| Untracked 
|  74|0x0000000713a00000, 0x0000000713a00000, 0x0000000713c00000|  0%| F|  |TAMS 0x0000000713a00000| PB 0x0000000713a00000| Untracked 
|  75|0x0000000713c00000, 0x0000000713c00000, 0x0000000713e00000|  0%| F|  |TAMS 0x0000000713c00000| PB 0x0000000713c00000| Untracked 
|  76|0x0000000713e00000, 0x0000000713e00000, 0x0000000714000000|  0%| F|  |TAMS 0x0000000713e00000| PB 0x0000000713e00000| Untracked 
|  77|0x0000000714000000, 0x0000000714000000, 0x0000000714200000|  0%| F|  |TAMS 0x0000000714000000| PB 0x0000000714000000| Untracked 
|  78|0x0000000714200000, 0x0000000714200000, 0x0000000714400000|  0%| F|  |TAMS 0x0000000714200000| PB 0x0000000714200000| Untracked 
|  79|0x0000000714400000, 0x0000000714400000, 0x0000000714600000|  0%| F|  |TAMS 0x0000000714400000| PB 0x0000000714400000| Untracked 
|  80|0x0000000714600000, 0x0000000714600000, 0x0000000714800000|  0%| F|  |TAMS 0x0000000714600000| PB 0x0000000714600000| Untracked 
|  81|0x0000000714800000, 0x0000000714800000, 0x0000000714a00000|  0%| F|  |TAMS 0x0000000714800000| PB 0x0000000714800000| Untracked 
|  82|0x0000000714a00000, 0x0000000714a00000, 0x0000000714c00000|  0%| F|  |TAMS 0x0000000714a00000| PB 0x0000000714a00000| Untracked 
|  83|0x0000000714c00000, 0x0000000714c00000, 0x0000000714e00000|  0%| F|  |TAMS 0x0000000714c00000| PB 0x0000000714c00000| Untracked 
|  84|0x0000000714e00000, 0x0000000714e00000, 0x0000000715000000|  0%| F|  |TAMS 0x0000000714e00000| PB 0x0000000714e00000| Untracked 
|  85|0x0000000715000000, 0x0000000715000000, 0x0000000715200000|  0%| F|  |TAMS 0x0000000715000000| PB 0x0000000715000000| Untracked 
|  86|0x0000000715200000, 0x0000000715200000, 0x0000000715400000|  0%| F|  |TAMS 0x0000000715200000| PB 0x0000000715200000| Untracked 
|  87|0x0000000715400000, 0x0000000715400000, 0x0000000715600000|  0%| F|  |TAMS 0x0000000715400000| PB 0x0000000715400000| Untracked 
|  88|0x0000000715600000, 0x0000000715600000, 0x0000000715800000|  0%| F|  |TAMS 0x0000000715600000| PB 0x0000000715600000| Untracked 
|  89|0x0000000715800000, 0x0000000715800000, 0x0000000715a00000|  0%| F|  |TAMS 0x0000000715800000| PB 0x0000000715800000| Untracked 
|  90|0x0000000715a00000, 0x0000000715a00000, 0x0000000715c00000|  0%| F|  |TAMS 0x0000000715a00000| PB 0x0000000715a00000| Untracked 
|  91|0x0000000715c00000, 0x0000000715c00000, 0x0000000715e00000|  0%| F|  |TAMS 0x0000000715c00000| PB 0x0000000715c00000| Untracked 
|  92|0x0000000715e00000, 0x0000000715e00000, 0x0000000716000000|  0%| F|  |TAMS 0x0000000715e00000| PB 0x0000000715e00000| Untracked 
|  93|0x0000000716000000, 0x0000000716000000, 0x0000000716200000|  0%| F|  |TAMS 0x0000000716000000| PB 0x0000000716000000| Untracked 
|  94|0x0000000716200000, 0x0000000716200000, 0x0000000716400000|  0%| F|  |TAMS 0x0000000716200000| PB 0x0000000716200000| Untracked 
|  95|0x0000000716400000, 0x0000000716400000, 0x0000000716600000|  0%| F|  |TAMS 0x0000000716400000| PB 0x0000000716400000| Untracked 
|  96|0x0000000716600000, 0x0000000716600000, 0x0000000716800000|  0%| F|  |TAMS 0x0000000716600000| PB 0x0000000716600000| Untracked 
|  97|0x0000000716800000, 0x0000000716800000, 0x0000000716a00000|  0%| F|  |TAMS 0x0000000716800000| PB 0x0000000716800000| Untracked 
|  98|0x0000000716a00000, 0x0000000716a00000, 0x0000000716c00000|  0%| F|  |TAMS 0x0000000716a00000| PB 0x0000000716a00000| Untracked 
|  99|0x0000000716c00000, 0x0000000716c00000, 0x0000000716e00000|  0%| F|  |TAMS 0x0000000716c00000| PB 0x0000000716c00000| Untracked 
| 100|0x0000000716e00000, 0x0000000716e00000, 0x0000000717000000|  0%| F|  |TAMS 0x0000000716e00000| PB 0x0000000716e00000| Untracked 
| 101|0x0000000717000000, 0x0000000717000000, 0x0000000717200000|  0%| F|  |TAMS 0x0000000717000000| PB 0x0000000717000000| Untracked 
| 102|0x0000000717200000, 0x0000000717200000, 0x0000000717400000|  0%| F|  |TAMS 0x0000000717200000| PB 0x0000000717200000| Untracked 
| 103|0x0000000717400000, 0x0000000717400000, 0x0000000717600000|  0%| F|  |TAMS 0x0000000717400000| PB 0x0000000717400000| Untracked 
| 104|0x0000000717600000, 0x000000071778ab78, 0x0000000717800000| 77%| E|  |TAMS 0x0000000717600000| PB 0x0000000717600000| Complete 
| 105|0x0000000717800000, 0x0000000717a00000, 0x0000000717a00000|100%| E|CS|TAMS 0x0000000717800000| PB 0x0000000717800000| Complete 
| 106|0x0000000717a00000, 0x0000000717c00000, 0x0000000717c00000|100%| E|CS|TAMS 0x0000000717a00000| PB 0x0000000717a00000| Complete 
| 107|0x0000000717c00000, 0x0000000717e00000, 0x0000000717e00000|100%| E|CS|TAMS 0x0000000717c00000| PB 0x0000000717c00000| Complete 
| 108|0x0000000717e00000, 0x0000000718000000, 0x0000000718000000|100%| E|CS|TAMS 0x0000000717e00000| PB 0x0000000717e00000| Complete 
| 109|0x0000000718000000, 0x0000000718200000, 0x0000000718200000|100%| E|CS|TAMS 0x0000000718000000| PB 0x0000000718000000| Complete 
| 110|0x0000000718200000, 0x0000000718400000, 0x0000000718400000|100%| E|CS|TAMS 0x0000000718200000| PB 0x0000000718200000| Complete 
| 111|0x0000000718400000, 0x00000007185c7a58, 0x0000000718600000| 88%| S|CS|TAMS 0x0000000718400000| PB 0x0000000718400000| Complete 
| 112|0x0000000718600000, 0x0000000718800000, 0x0000000718800000|100%| E|CS|TAMS 0x0000000718600000| PB 0x0000000718600000| Complete 
| 113|0x0000000718800000, 0x0000000718a00000, 0x0000000718a00000|100%| E|CS|TAMS 0x0000000718800000| PB 0x0000000718800000| Complete 
| 114|0x0000000718a00000, 0x0000000718c00000, 0x0000000718c00000|100%| E|CS|TAMS 0x0000000718a00000| PB 0x0000000718a00000| Complete 
| 115|0x0000000718c00000, 0x0000000718e00000, 0x0000000718e00000|100%| E|CS|TAMS 0x0000000718c00000| PB 0x0000000718c00000| Complete 
| 116|0x0000000718e00000, 0x0000000719000000, 0x0000000719000000|100%| E|CS|TAMS 0x0000000718e00000| PB 0x0000000718e00000| Complete 
| 117|0x0000000719000000, 0x0000000719200000, 0x0000000719200000|100%| E|CS|TAMS 0x0000000719000000| PB 0x0000000719000000| Complete 
| 118|0x0000000719200000, 0x0000000719400000, 0x0000000719400000|100%| E|CS|TAMS 0x0000000719200000| PB 0x0000000719200000| Complete 
| 119|0x0000000719400000, 0x0000000719600000, 0x0000000719600000|100%| E|CS|TAMS 0x0000000719400000| PB 0x0000000719400000| Complete 
| 120|0x0000000719600000, 0x0000000719800000, 0x0000000719800000|100%| E|CS|TAMS 0x0000000719600000| PB 0x0000000719600000| Complete 
| 121|0x0000000719800000, 0x0000000719a00000, 0x0000000719a00000|100%| E|  |TAMS 0x0000000719800000| PB 0x0000000719800000| Complete 
| 122|0x0000000719a00000, 0x0000000719c00000, 0x0000000719c00000|100%| E|CS|TAMS 0x0000000719a00000| PB 0x0000000719a00000| Complete 

Card table byte_map: [0x000001ee4ee80000,0x000001ee4f630000] _byte_map_base: 0x000001ee4b62d000

Marking Bits: (CMBitMap*) 0x000001ee3c0a1380
 Bits: [0x000001ee4f630000, 0x000001ee53398000)

Polling page: 0x000001ee39d00000

Metaspace:

Usage:
  Non-class:     15.23 MB used.
      Class:      2.01 MB used.
       Both:     17.24 MB used.

Virtual space:
  Non-class space:       64.00 MB reserved,      15.38 MB ( 24%) committed,  1 nodes.
      Class space:        1.00 GB reserved,       2.19 MB ( <1%) committed,  1 nodes.
             Both:        1.06 GB reserved,      17.56 MB (  2%) committed. 

Chunk freelists:
   Non-Class:  0 bytes
       Class:  13.67 MB
        Both:  13.67 MB

MaxMetaspaceSize: unlimited
CompressedClassSpaceSize: 1.00 GB
Initial GC threshold: 21.00 MB
Current GC threshold: 21.00 MB
CDS: off
 - commit_granule_bytes: 65536.
 - commit_granule_words: 8192.
 - virtual_space_node_default_size: 8388608.
 - enlarge_chunks_in_place: 1.
 - use_allocation_guard: 0.


Internal statistics:

num_allocs_failed_limit: 0.
num_arena_births: 324.
num_arena_deaths: 0.
num_vsnodes_births: 2.
num_vsnodes_deaths: 0.
num_space_committed: 281.
num_space_uncommitted: 0.
num_chunks_returned_to_freelist: 0.
num_chunks_taken_from_freelist: 639.
num_chunk_merges: 0.
num_chunk_splits: 415.
num_chunks_enlarged: 270.
num_inconsistent_stats: 0.

CodeHeap 'non-profiled nmethods': size=120000Kb used=775Kb max_used=775Kb free=119224Kb
 bounds [0x000001ee46c50000, 0x000001ee46ec0000, 0x000001ee4e180000]
CodeHeap 'profiled nmethods': size=120000Kb used=3174Kb max_used=3174Kb free=116825Kb
 bounds [0x000001ee3f180000, 0x000001ee3f4a0000, 0x000001ee466b0000]
CodeHeap 'non-nmethods': size=5760Kb used=1378Kb max_used=1402Kb free=4381Kb
 bounds [0x000001ee466b0000, 0x000001ee46920000, 0x000001ee46c50000]
 total_blobs=2193 nmethods=1700 adapters=398
 compilation: enabled
              stopped_count=0, restarted_count=0
 full_count=0

Compilation events (20 events):
Event: 12.020 Thread 0x000001ee5622d900 nmethod 1691 0x000001ee3f497510 code [0x000001ee3f4976e0, 0x000001ee3f4979c8]
Event: 12.020 Thread 0x000001ee5622d900 1692       1       java.nio.DirectByteBuffer::base (2 bytes)
Event: 12.020 Thread 0x000001ee5622d900 nmethod 1692 0x000001ee46d11090 code [0x000001ee46d11220, 0x000001ee46d112f0]
Event: 12.077 Thread 0x000001ee5622d900 1693       1       org.gradle.internal.logging.text.AbstractLineChoppingStyledTextOutput$SeenFromEol::size (5 bytes)
Event: 12.077 Thread 0x000001ee5622d900 nmethod 1693 0x000001ee46d11390 code [0x000001ee46d11520, 0x000001ee46d115e8]
Event: 12.077 Thread 0x000001ee5622d900 1694       1       org.gradle.internal.logging.text.AbstractLineChoppingStyledTextOutput$StateContext::access$000 (5 bytes)
Event: 12.077 Thread 0x000001ee5622d900 nmethod 1694 0x000001ee46d11690 code [0x000001ee46d11820, 0x000001ee46d118d0]
Event: 12.078 Thread 0x000001ee5622d900 1695       1       org.gradle.internal.logging.text.AbstractLineChoppingStyledTextOutput$StateContext::access$500 (5 bytes)
Event: 12.078 Thread 0x000001ee5622d900 nmethod 1695 0x000001ee46d11990 code [0x000001ee46d11b20, 0x000001ee46d11bd0]
Event: 12.078 Thread 0x000001ee5622d900 1696       3       org.gradle.internal.logging.text.AbstractLineChoppingStyledTextOutput$StateContext::isCurrentCharEquals (70 bytes)
Event: 12.078 Thread 0x000001ee5622d900 nmethod 1696 0x000001ee3f497b10 code [0x000001ee3f497d20, 0x000001ee3f498448]
Event: 12.079 Thread 0x000001ee5622d900 1697       3       org.gradle.internal.logging.text.AbstractLineChoppingStyledTextOutput$StateContext::hasChar (25 bytes)
Event: 12.079 Thread 0x000001ee5622d900 nmethod 1697 0x000001ee3f498810 code [0x000001ee3f4989a0, 0x000001ee3f498b30]
Event: 12.079 Thread 0x000001ee5622d900 1698       3       org.gradle.internal.logging.text.AbstractLineChoppingStyledTextOutput$StateContext::setState (10 bytes)
Event: 12.079 Thread 0x000001ee5622d900 nmethod 1698 0x000001ee3f498c10 code [0x000001ee3f498dc0, 0x000001ee3f498f90]
Event: 12.079 Thread 0x000001ee5622d900 1699       3       org.gradle.internal.logging.text.AbstractLineChoppingStyledTextOutput::access$402 (7 bytes)
Event: 12.079 Thread 0x000001ee5622d900 nmethod 1699 0x000001ee3f499090 code [0x000001ee3f499220, 0x000001ee3f499370]
Event: 12.079 Thread 0x000001ee5622d900 1700       3       org.gradle.internal.logging.text.AbstractLineChoppingStyledTextOutput$1::execute (9 bytes)
Event: 12.079 Thread 0x000001ee5622d900 nmethod 1700 0x000001ee3f499490 code [0x000001ee3f499640, 0x000001ee3f499878]
Event: 12.079 Thread 0x000001ee5622d900 1701       3       org.gradle.internal.logging.text.AbstractLineChoppingStyledTextOutput$1::execute (140 bytes)

GC Heap History (2 events):
Event: 0.797 GC heap before
{Heap before GC invocations=0 (full 0):
 garbage-first heap   total 251904K, used 22528K [0x000000070a600000, 0x0000000800000000)
  region size 2048K, 11 young (22528K), 0 survivors (0K)
 Metaspace       used 8516K, committed 8704K, reserved 1114112K
  class space    used 756K, committed 896K, reserved 1048576K
}
Event: 0.801 GC heap after
{Heap after GC invocations=1 (full 0):
 garbage-first heap   total 251904K, used 1822K [0x000000070a600000, 0x0000000800000000)
  region size 2048K, 1 young (2048K), 1 survivors (2048K)
 Metaspace       used 8516K, committed 8704K, reserved 1114112K
  class space    used 756K, committed 896K, reserved 1048576K
}

Dll operation events (3 events):
Event: 0.016 Loaded shared library D:\Android Studio\jbr\bin\java.dll
Event: 0.024 Loaded shared library D:\Android Studio\jbr\bin\zip.dll
Event: 0.217 Loaded shared library D:\Android Studio\jbr\bin\verify.dll

Deoptimization events (20 events):
Event: 2.022 Thread 0x000001ee3c03f6d0 DEOPT PACKING pc=0x000001ee46c89404 sp=0x0000004b29afd930
Event: 2.022 Thread 0x000001ee3c03f6d0 DEOPT UNPACKING pc=0x000001ee467046a2 sp=0x0000004b29afd8c8 mode 2
Event: 2.050 Thread 0x000001ee3c03f6d0 DEOPT PACKING pc=0x000001ee3f43fcda sp=0x0000004b29afcc30
Event: 2.050 Thread 0x000001ee3c03f6d0 DEOPT UNPACKING pc=0x000001ee46704e42 sp=0x0000004b29afc0f0 mode 0
Event: 2.072 Thread 0x000001ee3c03f6d0 Uncommon trap: trap_request=0xffffffde fr.pc=0x000001ee46c88ca8 relative=0x0000000000000088
Event: 2.072 Thread 0x000001ee3c03f6d0 Uncommon trap: reason=class_check action=maybe_recompile pc=0x000001ee46c88ca8 method=java.util.AbstractList$Itr.hasNext()Z @ 8 c2
Event: 2.072 Thread 0x000001ee3c03f6d0 DEOPT PACKING pc=0x000001ee46c88ca8 sp=0x0000004b29afd140
Event: 2.072 Thread 0x000001ee3c03f6d0 DEOPT UNPACKING pc=0x000001ee467046a2 sp=0x0000004b29afd0d8 mode 2
Event: 2.072 Thread 0x000001ee3c03f6d0 Uncommon trap: trap_request=0xffffffde fr.pc=0x000001ee46c89404 relative=0x00000000000000e4
Event: 2.072 Thread 0x000001ee3c03f6d0 Uncommon trap: reason=class_check action=maybe_recompile pc=0x000001ee46c89404 method=java.util.AbstractList$Itr.next()Ljava/lang/Object; @ 14 c2
Event: 2.072 Thread 0x000001ee3c03f6d0 DEOPT PACKING pc=0x000001ee46c89404 sp=0x0000004b29afd130
Event: 2.072 Thread 0x000001ee3c03f6d0 DEOPT UNPACKING pc=0x000001ee467046a2 sp=0x0000004b29afd0c8 mode 2
Event: 2.077 Thread 0x000001ee3c03f6d0 Uncommon trap: trap_request=0xffffff45 fr.pc=0x000001ee46cc7af4 relative=0x0000000000000614
Event: 2.077 Thread 0x000001ee3c03f6d0 Uncommon trap: reason=unstable_if action=reinterpret pc=0x000001ee46cc7af4 method=java.lang.Integer.getChars(II[B)I @ 25 c2
Event: 2.077 Thread 0x000001ee3c03f6d0 DEOPT PACKING pc=0x000001ee46cc7af4 sp=0x0000004b29afdc50
Event: 2.077 Thread 0x000001ee3c03f6d0 DEOPT UNPACKING pc=0x000001ee467046a2 sp=0x0000004b29afdb98 mode 2
Event: 2.110 Thread 0x000001ee3c03f6d0 Uncommon trap: trap_request=0xffffffde fr.pc=0x000001ee46c88ca8 relative=0x0000000000000088
Event: 2.110 Thread 0x000001ee3c03f6d0 Uncommon trap: reason=class_check action=maybe_recompile pc=0x000001ee46c88ca8 method=java.util.AbstractList$Itr.hasNext()Z @ 8 c2
Event: 2.110 Thread 0x000001ee3c03f6d0 DEOPT PACKING pc=0x000001ee46c88ca8 sp=0x0000004b29afe230
Event: 2.110 Thread 0x000001ee3c03f6d0 DEOPT UNPACKING pc=0x000001ee467046a2 sp=0x0000004b29afe1c8 mode 2

Classes loaded (20 events):
Event: 2.083 Loading class sun/nio/ch/SelectionKeyImpl
Event: 2.083 Loading class java/nio/channels/spi/AbstractSelectionKey
Event: 2.083 Loading class java/nio/channels/SelectionKey
Event: 2.083 Loading class java/nio/channels/SelectionKey done
Event: 2.084 Loading class java/nio/channels/spi/AbstractSelectionKey done
Event: 2.084 Loading class sun/nio/ch/SelectionKeyImpl done
Event: 2.084 Loading class java/lang/invoke/ConstantBootstraps
Event: 2.084 Loading class java/lang/invoke/ConstantBootstraps done
Event: 2.096 Loading class java/lang/Long$LongCache
Event: 2.096 Loading class java/lang/Long$LongCache done
Event: 2.111 Loading class java/nio/channels/spi/AbstractSelector$1
Event: 2.111 Loading class java/nio/channels/spi/AbstractSelector$1 done
Event: 2.125 Loading class java/util/concurrent/Executors$AutoShutdownDelegatedExecutorService
Event: 2.125 Loading class java/util/concurrent/Executors$AutoShutdownDelegatedExecutorService done
Event: 2.126 Loading class java/io/BufferedReader
Event: 2.127 Loading class java/io/BufferedReader done
Event: 2.127 Loading class sun/nio/cs/StreamDecoder
Event: 2.127 Loading class sun/nio/cs/StreamDecoder done
Event: 3.740 Loading class java/lang/invoke/MethodHandle$1
Event: 3.740 Loading class java/lang/invoke/MethodHandle$1 done

Classes unloaded (0 events):
No events

Classes redefined (0 events):
No events

Internal exceptions (20 events):
Event: 1.807 Thread 0x000001ee3c03f6d0 Exception <a 'java/lang/NoSuchMethodError'{0x0000000717f4c568}: 'java.lang.Object java.lang.invoke.DirectMethodHandle$Holder.invokeStatic(java.lang.Object, java.lang.Object, java.lang.Object, java.lang.Object, java.lang.Object, java.lang.Object, java.lang.Object, java.lang.Object, java.lang.Object, java.lang.Object, java.lang.Object, java.lang.Object, java.lang.Object, java.lang.Object, java.lang.Object, java.lang.Object)'> (0x0000000717f4c568) 
thrown [s\src\hotspot\share\interpreter\linkResolver.cpp, lin
Event: 1.812 Thread 0x000001ee3c03f6d0 Exception <a 'java/lang/NoSuchMethodError'{0x0000000717f72940}: 'java.lang.Object java.lang.invoke.DirectMethodHandle$Holder.invokeStatic(java.lang.Object, java.lang.Object, java.lang.Object, java.lang.Object, java.lang.Object, java.lang.Object, java.lang.Object, java.lang.Object, java.lang.Object, java.lang.Object, java.lang.Object, java.lang.Object, java.lang.Object, java.lang.Object, java.lang.Object, java.lang.Object, java.lang.Object)'> (0x0000000717f72940) 
thrown [s\src\hotspot\share\interpreter\lin
Event: 1.816 Thread 0x000001ee3c03f6d0 Exception <a 'java/lang/NoSuchMethodError'{0x0000000717f9a1b0}: 'java.lang.Object java.lang.invoke.DirectMethodHandle$Holder.invokeStatic(java.lang.Object, java.lang.Object, java.lang.Object, java.lang.Object, java.lang.Object, java.lang.Object, java.lang.Object, java.lang.Object, java.lang.Object, java.lang.Object, java.lang.Object, java.lang.Object, java.lang.Object, java.lang.Object, java.lang.Object, java.lang.Object, java.lang.Object, java.lang.Object)'> (0x0000000717f9a1b0) 
thrown [s\src\hotspot\sha
Event: 1.821 Thread 0x000001ee3c03f6d0 Exception <a 'java/lang/NoSuchMethodError'{0x0000000717fc2ba8}: 'java.lang.Object java.lang.invoke.DirectMethodHandle$Holder.invokeStatic(java.lang.Object, java.lang.Object, java.lang.Object, java.lang.Object, java.lang.Object, java.lang.Object, java.lang.Object, java.lang.Object, java.lang.Object, java.lang.Object, java.lang.Object, java.lang.Object, java.lang.Object, java.lang.Object, java.lang.Object, java.lang.Object, java.lang.Object, java.lang.Object, java.lang.Object)'> (0x0000000717fc2ba8) 
thrown 
Event: 1.824 Thread 0x000001ee3c03f6d0 Exception <a 'java/lang/NoSuchMethodError'{0x0000000717fec7a8}: 'java.lang.Object java.lang.invoke.DirectMethodHandle$Holder.invokeStatic(java.lang.Object, java.lang.Object, java.lang.Object, java.lang.Object, java.lang.Object, java.lang.Object, java.lang.Object, java.lang.Object, java.lang.Object, java.lang.Object, java.lang.Object, java.lang.Object, java.lang.Object, java.lang.Object, java.lang.Object, java.lang.Object, java.lang.Object, java.lang.Object, java.lang.Object, java.lang.Object)'> (0x00000007
Event: 1.828 Thread 0x000001ee3c03f6d0 Exception <a 'java/lang/NoSuchMethodError'{0x0000000717c17af0}: 'java.lang.Object java.lang.invoke.DirectMethodHandle$Holder.invokeStatic(java.lang.Object, java.lang.Object, java.lang.Object, java.lang.Object, java.lang.Object, java.lang.Object, java.lang.Object, java.lang.Object, java.lang.Object, java.lang.Object, java.lang.Object, java.lang.Object, java.lang.Object, java.lang.Object, java.lang.Object, java.lang.Object, java.lang.Object, java.lang.Object, java.lang.Object, java.lang.Object, java.lang.Obj
Event: 1.833 Thread 0x000001ee3c03f6d0 Exception <a 'java/lang/NoSuchMethodError'{0x0000000717c43170}: 'java.lang.Object java.lang.invoke.DirectMethodHandle$Holder.invokeStatic(java.lang.Object, java.lang.Object, java.lang.Object, java.lang.Object, java.lang.Object, java.lang.Object, java.lang.Object, java.lang.Object, java.lang.Object, java.lang.Object, java.lang.Object, java.lang.Object, java.lang.Object, java.lang.Object, java.lang.Object, java.lang.Object, java.lang.Object, java.lang.Object, java.lang.Object, java.lang.Object, java.lang.Obj
Event: 1.836 Thread 0x000001ee3c03f6d0 Exception <a 'java/lang/NoSuchMethodError'{0x0000000717c70660}: 'java.lang.Object java.lang.invoke.DirectMethodHandle$Holder.invokeStatic(java.lang.Object, java.lang.Object, java.lang.Object, java.lang.Object, java.lang.Object, java.lang.Object, java.lang.Object, java.lang.Object, java.lang.Object, java.lang.Object, java.lang.Object, java.lang.Object, java.lang.Object, java.lang.Object, java.lang.Object, java.lang.Object, java.lang.Object, java.lang.Object, java.lang.Object, java.lang.Object, java.lang.Obj
Event: 1.841 Thread 0x000001ee3c03f6d0 Exception <a 'java/lang/NoSuchMethodError'{0x0000000717c9d528}: 'java.lang.Object java.lang.invoke.DirectMethodHandle$Holder.invokeStatic(java.lang.Object, java.lang.Object, java.lang.Object, java.lang.Object, java.lang.Object, java.lang.Object, java.lang.Object, java.lang.Object, java.lang.Object, java.lang.Object, java.lang.Object, java.lang.Object, java.lang.Object, java.lang.Object, java.lang.Object, java.lang.Object, java.lang.Object, java.lang.Object, java.lang.Object, java.lang.Object, java.lang.Obj
Event: 1.846 Thread 0x000001ee3c03f6d0 Exception <a 'java/lang/NoSuchMethodError'{0x0000000717ccc060}: 'java.lang.Object java.lang.invoke.DirectMethodHandle$Holder.invokeStatic(java.lang.Object, java.lang.Object, java.lang.Object, java.lang.Object, java.lang.Object, java.lang.Object, java.lang.Object, java.lang.Object, java.lang.Object, java.lang.Object, java.lang.Object, java.lang.Object, java.lang.Object, java.lang.Object, java.lang.Object, java.lang.Object, java.lang.Object, java.lang.Object, java.lang.Object, java.lang.Object, java.lang.Obj
Event: 1.852 Thread 0x000001ee3c03f6d0 Exception <a 'java/lang/NoSuchMethodError'{0x0000000717cf08a0}: 'java.lang.Object java.lang.invoke.DirectMethodHandle$Holder.invokeSpecial(java.lang.Object, java.lang.Object, java.lang.Object, java.lang.Object, java.lang.Object, java.lang.Object, java.lang.Object, java.lang.Object, java.lang.Object, java.lang.Object, java.lang.Object, java.lang.Object, java.lang.Object, java.lang.Object, java.lang.Object, java.lang.Object, java.lang.Object, java.lang.Object, java.lang.Object, java.lang.Object, java.lang.Ob
Event: 1.853 Thread 0x000001ee3c03f6d0 Exception <a 'java/lang/NoSuchMethodError'{0x0000000717d06338}: 'java.lang.Object java.lang.invoke.DirectMethodHandle$Holder.newInvokeSpecial(java.lang.Object, java.lang.Object, java.lang.Object, java.lang.Object, java.lang.Object, java.lang.Object, java.lang.Object, java.lang.Object, java.lang.Object, java.lang.Object, java.lang.Object, java.lang.Object, java.lang.Object, java.lang.Object, java.lang.Object, java.lang.Object, java.lang.Object, java.lang.Object, java.lang.Object, java.lang.Object, java.lang
Event: 1.854 Thread 0x000001ee3c03f6d0 Exception <a 'java/lang/NoSuchMethodError'{0x0000000717d0c530}: 'java.lang.Object java.lang.invoke.Invokers$Holder.linkToTargetMethod(java.lang.Object, java.lang.Object, java.lang.Object, java.lang.Object, java.lang.Object, java.lang.Object, java.lang.Object, java.lang.Object, java.lang.Object, java.lang.Object, java.lang.Object, java.lang.Object, java.lang.Object, java.lang.Object, java.lang.Object, java.lang.Object, java.lang.Object, java.lang.Object, java.lang.Object, java.lang.Object, java.lang.Object,
Event: 1.854 Thread 0x000001ee3c03f6d0 Exception <a 'java/lang/NoSuchMethodError'{0x0000000717d118a0}: 'java.lang.Object java.lang.invoke.DirectMethodHandle$Holder.invokeVirtual(java.lang.Object, java.lang.Object, java.lang.Object, java.lang.Object, java.lang.Object, java.lang.Object, java.lang.Object, java.lang.Object, java.lang.Object, java.lang.Object)'> (0x0000000717d118a0) 
thrown [s\src\hotspot\share\interpreter\linkResolver.cpp, line 784]
Event: 1.883 Thread 0x000001ee3c03f6d0 Exception <a 'java/lang/NoSuchMethodError'{0x0000000717a083d8}: 'java.lang.Object java.lang.invoke.DirectMethodHandle$Holder.invokeVirtual(java.lang.Object, java.lang.Object, java.lang.Object, java.lang.Object, java.lang.Object, java.lang.Object, java.lang.Object, java.lang.Object, java.lang.Object)'> (0x0000000717a083d8) 
thrown [s\src\hotspot\share\interpreter\linkResolver.cpp, line 784]
Event: 1.911 Thread 0x000001ee3c03f6d0 Exception <a 'java/lang/NoSuchMethodError'{0x0000000717b1bef8}: 'java.lang.Object java.lang.invoke.DirectMethodHandle$Holder.invokeVirtual(java.lang.Object, java.lang.Object, java.lang.Object, java.lang.Object, java.lang.Object, java.lang.Object, java.lang.Object, java.lang.Object)'> (0x0000000717b1bef8) 
thrown [s\src\hotspot\share\interpreter\linkResolver.cpp, line 784]
Event: 1.931 Thread 0x000001ee3c03f6d0 Exception <a 'java/lang/NoSuchMethodError'{0x0000000717badf58}: 'java.lang.Object java.lang.invoke.DirectMethodHandle$Holder.invokeStaticInit(java.lang.Object, int, int, int, int)'> (0x0000000717badf58) 
thrown [s\src\hotspot\share\interpreter\linkResolver.cpp, line 784]
Event: 1.963 Thread 0x000001ee3c03f6d0 Exception <a 'java/lang/NoSuchMethodError'{0x0000000717809690}: 'java.lang.Object java.lang.invoke.DirectMethodHandle$Holder.invokeStaticInit(java.lang.Object, java.lang.Object, int, int, int, int)'> (0x0000000717809690) 
thrown [s\src\hotspot\share\interpreter\linkResolver.cpp, line 784]
Event: 2.001 Thread 0x000001ee3c03f6d0 Implicit null exception at 0x000001ee46c95224 to 0x000001ee46c9588c
Event: 2.004 Thread 0x000001ee3c03f6d0 Implicit null exception at 0x000001ee46ca12a0 to 0x000001ee46ca18f8

ZGC Phase Switch (0 events):
No events

VM Operations (20 events):
Event: 1.420 Executing VM operation: HandshakeAllThreads (Deoptimize)
Event: 1.420 Executing VM operation: HandshakeAllThreads (Deoptimize) done
Event: 1.508 Executing VM operation: HandshakeAllThreads (Deoptimize)
Event: 1.508 Executing VM operation: HandshakeAllThreads (Deoptimize) done
Event: 1.557 Executing VM operation: HandshakeAllThreads (Deoptimize)
Event: 1.557 Executing VM operation: HandshakeAllThreads (Deoptimize) done
Event: 1.952 Executing VM operation: HandshakeAllThreads (Deoptimize)
Event: 1.952 Executing VM operation: HandshakeAllThreads (Deoptimize) done
Event: 1.952 Executing VM operation: Cleanup
Event: 1.952 Executing VM operation: Cleanup done
Event: 2.035 Executing VM operation: HandshakeAllThreads (Deoptimize)
Event: 2.035 Executing VM operation: HandshakeAllThreads (Deoptimize) done
Event: 3.038 Executing VM operation: Cleanup
Event: 3.038 Executing VM operation: Cleanup done
Event: 5.063 Executing VM operation: Cleanup
Event: 5.063 Executing VM operation: Cleanup done
Event: 6.074 Executing VM operation: Cleanup
Event: 6.074 Executing VM operation: Cleanup done
Event: 10.103 Executing VM operation: Cleanup
Event: 10.103 Executing VM operation: Cleanup done

Memory protections (0 events):
No events

Nmethod flushes (0 events):
No events

Events (20 events):
Event: 0.110 Thread 0x000001ee3c03f6d0 Thread added: 0x000001ee561f0280
Event: 0.110 Thread 0x000001ee3c03f6d0 Thread added: 0x000001ee561f1480
Event: 0.110 Thread 0x000001ee3c03f6d0 Thread added: 0x000001ee561f22a0
Event: 0.110 Thread 0x000001ee3c03f6d0 Thread added: 0x000001ee56225fe0
Event: 0.110 Thread 0x000001ee3c03f6d0 Thread added: 0x000001ee5622d900
Event: 0.161 Thread 0x000001ee3c03f6d0 Thread added: 0x000001ee563c7d50
Event: 0.170 Thread 0x000001ee3c03f6d0 Thread added: 0x000001ee563d29c0
Event: 0.183 Loaded shared library D:\Android Studio\jbr\bin\net.dll
Event: 0.187 Loaded shared library D:\Android Studio\jbr\bin\nio.dll
Event: 0.204 Loaded shared library D:\Android Studio\jbr\bin\zip.dll
Event: 0.310 Loaded shared library D:\Android Studio\jbr\bin\jimage.dll
Event: 0.797 Thread 0x000001ee5622d900 Thread added: 0x000001ee5622cb60
Event: 0.802 Thread 0x000001ee5622d900 Thread added: 0x000001ee5622d230
Event: 1.316 Loaded shared library D:\Android Studio\jbr\bin\management.dll
Event: 1.321 Loaded shared library D:\Android Studio\jbr\bin\management_ext.dll
Event: 1.403 Loaded shared library C:\Users\karmp\.gradle\native\1def1411415f61bf3af743bc5b6707747c0891f09f0c88961ee8f79bc544acac\windows-amd64\native-platform.dll
Event: 1.468 Thread 0x000001ee3c03f6d0 Thread added: 0x000001ee5b5efc30
Event: 1.691 Loaded shared library D:\Android Studio\jbr\bin\extnet.dll
Event: 2.310 Thread 0x000001ee5622d230 Thread exited: 0x000001ee5622d230
Event: 2.310 Thread 0x000001ee5622cb60 Thread exited: 0x000001ee5622cb60


Dynamic libraries:
0x00007ff621850000 - 0x00007ff62185a000 	D:\Android Studio\jbr\bin\java.exe
0x00007fffc28c0000 - 0x00007fffc2b27000 	C:\WINDOWS\SYSTEM32\ntdll.dll
0x00007fffc0f40000 - 0x00007fffc1009000 	C:\WINDOWS\System32\KERNEL32.DLL
0x00007fffc0260000 - 0x00007fffc0651000 	C:\WINDOWS\System32\KERNELBASE.dll
0x00007fffbf2f0000 - 0x00007fffbf43b000 	C:\WINDOWS\System32\ucrtbase.dll
0x00007fffa3440000 - 0x00007fffa345b000 	D:\Android Studio\jbr\bin\VCRUNTIME140.dll
0x00007fff592e0000 - 0x00007fff592f8000 	D:\Android Studio\jbr\bin\jli.dll
0x00007fffc2160000 - 0x00007fffc2325000 	C:\WINDOWS\System32\USER32.dll
0x00007fffbf6d0000 - 0x00007fffbf6f7000 	C:\WINDOWS\System32\win32u.dll
0x00007fffa40f0000 - 0x00007fffa4383000 	C:\WINDOWS\WinSxS\amd64_microsoft.windows.common-controls_6595b64144ccf1df_6.0.26100.7922_none_3e089e1ee3342171\COMCTL32.dll
0x00007fffc0e90000 - 0x00007fffc0f39000 	C:\WINDOWS\System32\msvcrt.dll
0x00007fffc1c30000 - 0x00007fffc1c5b000 	C:\WINDOWS\System32\GDI32.dll
0x00007fffbf4f0000 - 0x00007fffbf61a000 	C:\WINDOWS\System32\gdi32full.dll
0x00007fffbf440000 - 0x00007fffbf4e3000 	C:\WINDOWS\System32\msvcp_win.dll
0x00007fffc1760000 - 0x00007fffc1791000 	C:\WINDOWS\System32\IMM32.DLL
0x00007fffa1030000 - 0x00007fffa103c000 	D:\Android Studio\jbr\bin\vcruntime140_1.dll
0x00007fff45600000 - 0x00007fff4568d000 	D:\Android Studio\jbr\bin\msvcp140.dll
0x00007fff62190000 - 0x00007fff62e13000 	D:\Android Studio\jbr\bin\server\jvm.dll
0x00007fffc0660000 - 0x00007fffc071b000 	C:\WINDOWS\System32\ADVAPI32.dll
0x00007fffc27d0000 - 0x00007fffc2877000 	C:\WINDOWS\System32\sechost.dll
0x00007fffc1830000 - 0x00007fffc1948000 	C:\WINDOWS\System32\RPCRT4.dll
0x00007fffc2740000 - 0x00007fffc27b4000 	C:\WINDOWS\System32\WS2_32.dll
0x00007fffbee50000 - 0x00007fffbeeae000 	C:\WINDOWS\SYSTEM32\POWRPROF.dll
0x00007fffb6770000 - 0x00007fffb67a5000 	C:\WINDOWS\SYSTEM32\WINMM.dll
0x00007fffb75a0000 - 0x00007fffb75ab000 	C:\WINDOWS\SYSTEM32\VERSION.dll
0x00007fffbee30000 - 0x00007fffbee44000 	C:\WINDOWS\SYSTEM32\UMPDC.dll
0x00007fffbdf30000 - 0x00007fffbdf4b000 	C:\WINDOWS\SYSTEM32\kernel.appcore.dll
0x00007fffa1020000 - 0x00007fffa102a000 	D:\Android Studio\jbr\bin\jimage.dll
0x00007fffbd0f0000 - 0x00007fffbd332000 	C:\WINDOWS\SYSTEM32\DBGHELP.DLL
0x00007fffc12a0000 - 0x00007fffc1622000 	C:\WINDOWS\System32\combase.dll
0x00007fffc1ac0000 - 0x00007fffc1b97000 	C:\WINDOWS\System32\OLEAUT32.dll
0x00007fffa0450000 - 0x00007fffa048b000 	C:\WINDOWS\SYSTEM32\dbgcore.DLL
0x00007fffbf620000 - 0x00007fffbf6c5000 	C:\WINDOWS\System32\bcryptPrimitives.dll
0x00007fff9b820000 - 0x00007fff9b840000 	D:\Android Studio\jbr\bin\java.dll
0x00007fff9b7a0000 - 0x00007fff9b7b8000 	D:\Android Studio\jbr\bin\zip.dll
0x00007fffc0720000 - 0x00007fffc0e7f000 	C:\WINDOWS\System32\SHELL32.dll
0x00007fffbf700000 - 0x00007fffbf86a000 	C:\WINDOWS\System32\wintypes.dll
0x00007fffbf9f0000 - 0x00007fffc0254000 	C:\WINDOWS\System32\windows.storage.dll
0x00007fffc1660000 - 0x00007fffc1757000 	C:\WINDOWS\System32\SHCORE.dll
0x00007fffc20f0000 - 0x00007fffc2157000 	C:\WINDOWS\System32\shlwapi.dll
0x00007fffbf0c0000 - 0x00007fffbf0e9000 	C:\WINDOWS\SYSTEM32\profapi.dll
0x00007fffa1010000 - 0x00007fffa1020000 	D:\Android Studio\jbr\bin\net.dll
0x00007fffb7ef0000 - 0x00007fffb8017000 	C:\WINDOWS\SYSTEM32\WINHTTP.dll
0x00007fffbe4a0000 - 0x00007fffbe50b000 	C:\WINDOWS\system32\mswsock.dll
0x00007fff9afe0000 - 0x00007fff9aff6000 	D:\Android Studio\jbr\bin\nio.dll
0x00007fff60610000 - 0x00007fff60620000 	D:\Android Studio\jbr\bin\verify.dll
0x00007fff9b7e0000 - 0x00007fff9b7e9000 	D:\Android Studio\jbr\bin\management.dll
0x00007fff67cc0000 - 0x00007fff67ccb000 	D:\Android Studio\jbr\bin\management_ext.dll
0x00007fffc26b0000 - 0x00007fffc26b8000 	C:\WINDOWS\System32\PSAPI.DLL
0x00007fff87cb0000 - 0x00007fff87cd7000 	C:\Users\karmp\.gradle\native\1def1411415f61bf3af743bc5b6707747c0891f09f0c88961ee8f79bc544acac\windows-amd64\native-platform.dll
0x00007fffbd970000 - 0x00007fffbd9a3000 	C:\WINDOWS\SYSTEM32\IPHLPAPI.DLL
0x00007fffc1030000 - 0x00007fffc103a000 	C:\WINDOWS\System32\NSI.dll
0x00007fff9b810000 - 0x00007fff9b819000 	D:\Android Studio\jbr\bin\extnet.dll
0x00007fffbe780000 - 0x00007fffbe79b000 	C:\WINDOWS\SYSTEM32\CRYPTSP.dll
0x00007fffbde90000 - 0x00007fffbdec9000 	C:\WINDOWS\system32\rsaenh.dll
0x00007fffbe550000 - 0x00007fffbe582000 	C:\WINDOWS\SYSTEM32\USERENV.dll
0x00007fffbf090000 - 0x00007fffbf0ba000 	C:\WINDOWS\SYSTEM32\bcrypt.dll
0x00007fffbe7a0000 - 0x00007fffbe7ac000 	C:\WINDOWS\SYSTEM32\CRYPTBASE.dll
0x00007fffbbd20000 - 0x00007fffbbd28000 	C:\WINDOWS\system32\wshunix.dll

dbghelp: loaded successfully - version: 4.0.5 - missing functions: none
symbol engine: initialized successfully - sym options: 0x614 - pdb path: .;D:\Android Studio\jbr\bin;C:\WINDOWS\SYSTEM32;C:\WINDOWS\WinSxS\amd64_microsoft.windows.common-controls_6595b64144ccf1df_6.0.26100.7922_none_3e089e1ee3342171;D:\Android Studio\jbr\bin\server;C:\Users\karmp\.gradle\native\1def1411415f61bf3af743bc5b6707747c0891f09f0c88961ee8f79bc544acac\windows-amd64

VM Arguments:
jvm_args: -Dorg.gradle.appname=gradlew 
java_command: org.gradle.wrapper.GradleWrapperMain -q -Ptarget-platform=android-arm64 -Ptarget=D:\flutter projects\customer-app\lib\main.dart -Pbase-application-name=android.app.Application -Pdart-defines=RkxVVFRFUl9WRVJTSU9OPTMuNDEuMQ==,RkxVVFRFUl9DSEFOTkVMPXN0YWJsZQ==,RkxVVFRFUl9HSVRfVVJMPWh0dHBzOi8vZ2l0aHViLmNvbS9mbHV0dGVyL2ZsdXR0ZXIuZ2l0,RkxVVFRFUl9GUkFNRVdPUktfUkVWSVNJT049NTgyYTBlN2M1NQ==,RkxVVFRFUl9FTkdJTkVfUkVWSVNJT049MzQ1MmQ3MzViZA==,RkxVVFRFUl9EQVJUX1ZFUlNJT049My4xMS4w -Pdart-obfuscation=false -Ptrack-widget-creation=true -Ptree-shake-icons=false -Pfilesystem-scheme=org-dartlang-root assembleDebug
java_class_path (initial): D:\flutter projects\customer-app\android\\gradle\wrapper\gradle-wrapper.jar
Launcher Type: SUN_STANDARD

[Global flags]
     intx CICompilerCount                          = 4                                         {product} {ergonomic}
     uint ConcGCThreads                            = 3                                         {product} {ergonomic}
     uint G1ConcRefinementThreads                  = 10                                        {product} {ergonomic}
   size_t G1HeapRegionSize                         = 2097152                                   {product} {ergonomic}
    uintx GCDrainStackTargetSize                   = 64                                        {product} {ergonomic}
   size_t InitialHeapSize                          = 257949696                                 {product} {ergonomic}
   size_t MarkStackSize                            = 4194304                                   {product} {ergonomic}
   size_t MaxHeapSize                              = 4120903680                                {product} {ergonomic}
   size_t MaxNewSize                               = 2472542208                                {product} {ergonomic}
   size_t MinHeapDeltaBytes                        = 2097152                                   {product} {ergonomic}
   size_t MinHeapSize                              = 8388608                                   {product} {ergonomic}
    uintx NonNMethodCodeHeapSize                   = 5839372                                {pd product} {ergonomic}
    uintx NonProfiledCodeHeapSize                  = 122909434                              {pd product} {ergonomic}
    uintx ProfiledCodeHeapSize                     = 122909434                              {pd product} {ergonomic}
    uintx ReservedCodeCacheSize                    = 251658240                              {pd product} {ergonomic}
     bool SegmentedCodeCache                       = true                                      {product} {ergonomic}
   size_t SoftMaxHeapSize                          = 4120903680                             {manageable} {ergonomic}
     bool UseCompressedOops                        = true                           {product lp64_product} {ergonomic}
     bool UseG1GC                                  = true                                      {product} {ergonomic}
     bool UseLargePagesIndividualAllocation        = false                                  {pd product} {ergonomic}

Logging:
Log output configuration:
 #0: stdout all=warning uptime,level,tags foldmultilines=false
 #1: stderr all=off uptime,level,tags foldmultilines=false

Environment Variables:
JAVA_HOME=D:\Android Studio\jbr
CLASSPATH=D:\flutter projects\customer-app\android\\gradle\wrapper\gradle-wrapper.jar
PATH=D:\Android Studio\jbr\bin;C:\Program Files\Common Files\Oracle\Java\javapath;C:\windows\system32;C:\windows;C:\windows\System32\Wbem;C:\windows\System32\WindowsPowerShell\v1.0\;C:\windows\System32\OpenSSH\;C:\Program Files\HP\HP One Agent;C:\Program Files\nodejs\;C:\ProgramData\chocolatey\bin;C:\Program Files\Git\cmd;C:\Users\karmp\AppData\Local\Pub\Cache\bin;C:\Program Files\Java\jdk-23;C:\WINDOWS\system32;C:\WINDOWS;C:\WINDOWS\System32\Wbem;C:\WINDOWS\System32\WindowsPowerShell\v1.0\;C:\WINDOWS\System32\OpenSSH\;C:\Program Files\Java\jdk-23\bin;C:\Users\karmp\AppData\Local\Microsoft\WindowsApps;C:\Users\karmp\AppData\Local\Programs\Microsoft VS Code\bin;D:\IntelliJ IDEA Community Edition 2023.3.2\bin;;D:\flutter_windows_3.22.2-stable\flutter\bin;C:\Users\karmp\AppData\Roaming\npm;D:\flutter_windows_3.32.4-stable\flutter\flutter\bin;D:\flutter_windows_3.32.4-stable\flutter\bin;
USERNAME=karmp
OS=Windows_NT
PROCESSOR_IDENTIFIER=AMD64 Family 25 Model 80 Stepping 0, AuthenticAMD
TMP=C:\Users\karmp\AppData\Local\Temp
TEMP=C:\Users\karmp\AppData\Local\Temp




Periodic native trim disabled

JNI global refs:
JNI global refs: 20, weak refs: 3

JNI global refs memory usage: 835, weak refs: 833

Process memory usage:
Resident Set Size: 109364K (0% of 16089672K total physical memory with 1319344K free physical memory)

OOME stack traces (most recent first):
Classloader memory used:
Loader bootstrap                                                                       : 12741K
Loader org.gradle.internal.classloader.VisitableURLClassLoader                         : 4425K
Loader java.net.URLClassLoader                                                         : 233K
Loader jdk.internal.loader.ClassLoaders$AppClassLoader                                 : 146K
Loader jdk.internal.loader.ClassLoaders$PlatformClassLoader                            : 108K

Classes loaded by more than one classloader:
Class org.gradle.cli.AbstractPropertiesCommandLineConverter                           : loaded 2 times (x 79B)
Class org.gradle.cli.CommandLineParser                                                : loaded 2 times (x 75B)
Class org.gradle.internal.service.UnknownServiceException                             : loaded 2 times (x 79B)
Class org.gradle.cli.SystemPropertiesCommandLineConverter                             : loaded 2 times (x 79B)
Class org.gradle.cli.CommandLineArgumentException                                     : loaded 2 times (x 78B)
Class org.gradle.cli.CommandLineParser$KnownOptionParserState                         : loaded 2 times (x 72B)
Class org.gradle.internal.InternalTransformer                                         : loaded 2 times (x 66B)
Class org.gradle.internal.classpath.DefaultClassPath$ImmutableUniqueList              : loaded 2 times (x 195B)
Class org.gradle.cli.CommandLineParser$OptionAwareParserState                         : loaded 2 times (x 73B)
Class org.gradle.cli.ParsedCommandLine                                                : loaded 2 times (x 76B)
Class org.gradle.internal.classpath.ClassPath                                         : loaded 2 times (x 66B)
Class org.gradle.cli.CommandLineParser$UnknownOptionParserState                       : loaded 2 times (x 72B)
Class org.gradle.cli.ParsedCommandLineOption                                          : loaded 2 times (x 72B)
Class org.gradle.api.UncheckedIOException                                             : loaded 2 times (x 78B)
Class org.gradle.cli.CommandLineParser$AfterFirstSubCommand                           : loaded 2 times (x 73B)
Class org.gradle.api.internal.classpath.ModuleRegistry                                : loaded 2 times (x 66B)
Class org.gradle.internal.installation.GradleInstallation$1                           : loaded 2 times (x 71B)
Class org.gradle.cli.CommandLineOption                                                : loaded 2 times (x 82B)
Class org.gradle.cli.CommandLineParser$BeforeFirstSubCommand                          : loaded 2 times (x 73B)
Class org.gradle.internal.service.ServiceLookupException                              : loaded 2 times (x 78B)
Class org.gradle.cli.CommandLineParser$OptionParserState                              : loaded 2 times (x 71B)
Class org.gradle.internal.classloader.ClasspathUtil                                   : loaded 2 times (x 67B)
Class org.gradle.api.specs.Spec                                                       : loaded 2 times (x 66B)
Class org.gradle.internal.classpath.DefaultClassPath                                  : loaded 2 times (x 86B)
Class org.gradle.internal.Cast                                                        : loaded 2 times (x 67B)
Class org.gradle.api.Action                                                           : loaded 2 times (x 66B)
Class org.gradle.cli.AbstractCommandLineConverter                                     : loaded 2 times (x 75B)
Class org.gradle.api.GradleException                                                  : loaded 2 times (x 78B)
Class org.gradle.internal.IoActions                                                   : loaded 2 times (x 67B)
Class org.gradle.cli.CommandLineConverter                                             : loaded 2 times (x 66B)
Class org.gradle.cli.CommandLineParser$MissingOptionArgState                          : loaded 2 times (x 73B)
Class org.gradle.cli.CommandLineParser$ParserState                                    : loaded 2 times (x 72B)
Class org.gradle.cli.CommandLineParser$OptionString                                   : loaded 2 times (x 69B)
Class org.gradle.internal.installation.CurrentGradleInstallationLocator               : loaded 2 times (x 67B)
Class org.gradle.internal.installation.CurrentGradleInstallation                      : loaded 2 times (x 69B)
Class org.gradle.util.internal.GUtil                                                  : loaded 2 times (x 67B)
Class org.gradle.cli.CommandLineParser$AfterOptions                                   : loaded 2 times (x 73B)
Class org.gradle.internal.installation.GradleInstallation                             : loaded 2 times (x 71B)

---------------  S Y S T E M  ---------------

OS:
 Windows 11 , 64 bit Build 26100 (10.0.26100.7920)
OS uptime: 0 days 4:13 hours
Hyper-V role detected

CPU: total 12 (initial active 12) (12 cores per cpu, 2 threads per core) family 25 model 80 stepping 0 microcode 0xa50000d, cx8, cmov, fxsr, ht, mmx, 3dnowpref, sse, sse2, sse3, ssse3, sse4a, sse4.1, sse4.2, popcnt, lzcnt, tsc, tscinvbit, avx, avx2, aes, erms, clmul, bmi1, bmi2, adx, sha, fma, vzeroupper, clflush, clflushopt, hv, rdtscp, rdpid, fsrm, f16c, cet_ss
Processor Information for processor 0
  Max Mhz: 2301, Current Mhz: 1798, Mhz Limit: 2301
Processor Information for processor 1
  Max Mhz: 2301, Current Mhz: 1798, Mhz Limit: 2301
Processor Information for processor 2
  Max Mhz: 2301, Current Mhz: 1798, Mhz Limit: 2301
Processor Information for processor 3
  Max Mhz: 2301, Current Mhz: 1798, Mhz Limit: 2301
Processor Information for processor 4
  Max Mhz: 2301, Current Mhz: 1798, Mhz Limit: 2301
Processor Information for processor 5
  Max Mhz: 2301, Current Mhz: 1904, Mhz Limit: 2301
Processor Information for processor 6
  Max Mhz: 2301, Current Mhz: 1798, Mhz Limit: 2301
Processor Information for processor 7
  Max Mhz: 2301, Current Mhz: 1798, Mhz Limit: 2301
Processor Information for processor 8
  Max Mhz: 2301, Current Mhz: 1904, Mhz Limit: 2301
Processor Information for processor 9
  Max Mhz: 2301, Current Mhz: 1904, Mhz Limit: 2301
Processor Information for processor 10
  Max Mhz: 2301, Current Mhz: 1904, Mhz Limit: 2301
Processor Information for processor 11
  Max Mhz: 2301, Current Mhz: 1798, Mhz Limit: 2301

Memory: 4k page, system-wide physical 15712M (1288M free)
TotalPageFile size 23772M (AvailPageFile size 1M)
current process WorkingSet (physical memory assigned to process): 107M, peak: 113M
current process commit charge ("private bytes"): 356M, peak: 363M

vm_info: OpenJDK 64-Bit Server VM (21.0.4+-12508038-b607.1) for windows-amd64 JRE (21.0.4+-12508038-b607.1), built on 2024-10-16T17:23:34Z by "builder" with MS VC++ 16.10 / 16.11 (VS2019)

END.
